Command line invocation:
    /Applications/Xcode.app/Contents/Developer/usr/bin/xcodebuild -project Axilo.xcodeproj -scheme Axilo build -destination generic/platform=iOS

User defaults from command line:
    IDEPackageSupportUseBuiltinSCM = YES

Resolve Package Graph


Resolved source packages:
  ZIPFoundation: https://github.com/weichsel/ZIPFoundation.git @ 0.9.20

Prepare packages

ComputeTargetDependencyGraph
note: Building targets in dependency order
note: Target dependency graph (6 targets)
    Target 'Axilo' in project 'Axilo'
        ➜ Explicit dependency on target 'AxiloShare' in project 'Axilo'
        ➜ Explicit dependency on target 'AxiloWeb' in project 'Axilo'
        ➜ Explicit dependency on target 'ZIPFoundation' in project 'ZIPFoundation'
    Target 'AxiloWeb' in project 'Axilo'
        ➜ Explicit dependency on target 'ZIPFoundation' in project 'ZIPFoundation'
    Target 'AxiloShare' in project 'Axilo'
        ➜ Explicit dependency on target 'ZIPFoundation' in project 'ZIPFoundation'
    Target 'ZIPFoundation' in project 'ZIPFoundation'
        ➜ Explicit dependency on target 'ZIPFoundation' in project 'ZIPFoundation'
        ➜ Explicit dependency on target 'ZIPFoundation_ZIPFoundation' in project 'ZIPFoundation'
    Target 'ZIPFoundation' in project 'ZIPFoundation'
        ➜ Explicit dependency on target 'ZIPFoundation_ZIPFoundation' in project 'ZIPFoundation'
    Target 'ZIPFoundation_ZIPFoundation' in project 'ZIPFoundation' (no dependencies)

GatherProvisioningInputs

CreateBuildDescription

ExecuteExternalTool /Applications/Xcode.app/Contents/Developer/Toolchains/XcodeDefault.xctoolchain/usr/bin/swiftc --version

ExecuteExternalTool /Applications/Xcode.app/Contents/Developer/usr/bin/actool --print-asset-tag-combinations --output-format xml1 /Users/alp/Documents/coding/speed_read/SpeedRead/Assets.xcassets

ExecuteExternalTool /Applications/Xcode.app/Contents/Developer/usr/bin/ibtool --version --output-format xml1

ExecuteExternalTool /Applications/Xcode.app/Contents/Developer/Toolchains/XcodeDefault.xctoolchain/usr/bin/clang -v -E -dM -isysroot /Applications/Xcode.app/Contents/Developer/Platforms/iPhoneOS.platform/Developer/SDKs/iPhoneOS18.2.sdk -x c -c /dev/null

ExecuteExternalTool /Applications/Xcode.app/Contents/Developer/usr/bin/actool --version --output-format xml1

ExecuteExternalTool /Applications/Xcode.app/Contents/Developer/Toolchains/XcodeDefault.xctoolchain/usr/bin/ld -version_details

Build description signature: e8b42da9353c879d78917b054c10883a
Build description path: /Users/alp/Library/Developer/Xcode/DerivedData/Axilo-ddceprimmkxjtoehwwbzsjlcvxeq/Build/Intermediates.noindex/XCBuildData/e8b42da9353c879d78917b054c10883a.xcbuilddata
ClangStatCache /Applications/Xcode.app/Contents/Developer/Toolchains/XcodeDefault.xctoolchain/usr/bin/clang-stat-cache /Applications/Xcode.app/Contents/Developer/Platforms/iPhoneOS.platform/Developer/SDKs/iPhoneOS18.2.sdk /Users/alp/Library/Developer/Xcode/DerivedData/SDKStatCaches.noindex/iphoneos18.2-22C146-d5b9239ec3bf5b3adbecdf21472871e3.sdkstatcache
    cd /Users/alp/Documents/coding/speed_read/Axilo.xcodeproj
    /Applications/Xcode.app/Contents/Developer/Toolchains/XcodeDefault.xctoolchain/usr/bin/clang-stat-cache /Applications/Xcode.app/Contents/Developer/Platforms/iPhoneOS.platform/Developer/SDKs/iPhoneOS18.2.sdk -o /Users/alp/Library/Developer/Xcode/DerivedData/SDKStatCaches.noindex/iphoneos18.2-22C146-d5b9239ec3bf5b3adbecdf21472871e3.sdkstatcache

ProcessInfoPlistFile /Users/alp/Library/Developer/Xcode/DerivedData/Axilo-ddceprimmkxjtoehwwbzsjlcvxeq/Build/Products/Debug-iphoneos/ZIPFoundation_ZIPFoundation.bundle/Info.plist /Users/alp/Library/Developer/Xcode/DerivedData/Axilo-ddceprimmkxjtoehwwbzsjlcvxeq/Build/Intermediates.noindex/ZIPFoundation.build/Debug-iphoneos/ZIPFoundation_ZIPFoundation.build/empty-ZIPFoundation_ZIPFoundation.plist (in target 'ZIPFoundation_ZIPFoundation' from project 'ZIPFoundation')
    cd /Users/alp/Library/Developer/Xcode/DerivedData/Axilo-ddceprimmkxjtoehwwbzsjlcvxeq/SourcePackages/checkouts/ZIPFoundation
    builtin-infoPlistUtility /Users/alp/Library/Developer/Xcode/DerivedData/Axilo-ddceprimmkxjtoehwwbzsjlcvxeq/Build/Intermediates.noindex/ZIPFoundation.build/Debug-iphoneos/ZIPFoundation_ZIPFoundation.build/empty-ZIPFoundation_ZIPFoundation.plist -producttype com.apple.product-type.bundle -expandbuildsettings -format binary -platform iphoneos -requiredArchitecture arm64 -o /Users/alp/Library/Developer/Xcode/DerivedData/Axilo-ddceprimmkxjtoehwwbzsjlcvxeq/Build/Products/Debug-iphoneos/ZIPFoundation_ZIPFoundation.bundle/Info.plist

ProcessProductPackaging "" /Users/alp/Library/Developer/Xcode/DerivedData/Axilo-ddceprimmkxjtoehwwbzsjlcvxeq/Build/Intermediates.noindex/Axilo.build/Debug-iphoneos/AxiloWeb.build/AxiloWeb.appex.xcent (in target 'AxiloWeb' from project 'Axilo')
    cd /Users/alp/Documents/coding/speed_read
    
    Entitlements:
    
    {
    "application-identifier" = "6UVX9Y7LZY.com.alpunsal.axilo.AxiloWeb";
    "com.apple.developer.team-identifier" = 6UVX9Y7LZY;
    "get-task-allow" = 1;
}
    
    builtin-productPackagingUtility -entitlements -format xml -o /Users/alp/Library/Developer/Xcode/DerivedData/Axilo-ddceprimmkxjtoehwwbzsjlcvxeq/Build/Intermediates.noindex/Axilo.build/Debug-iphoneos/AxiloWeb.build/AxiloWeb.appex.xcent

ProcessProductPackaging /Users/alp/Documents/coding/speed_read/SpeedReadShare/SpeedReadShare.entitlements /Users/alp/Library/Developer/Xcode/DerivedData/Axilo-ddceprimmkxjtoehwwbzsjlcvxeq/Build/Intermediates.noindex/Axilo.build/Debug-iphoneos/AxiloShare.build/AxiloShare.appex.xcent (in target 'AxiloShare' from project 'Axilo')
    cd /Users/alp/Documents/coding/speed_read
    
    Entitlements:
    
    {
    "application-identifier" = "6UVX9Y7LZY.com.alpunsal.axilo.AxiloShare";
    "com.apple.developer.team-identifier" = 6UVX9Y7LZY;
    "com.apple.security.application-groups" =     (
        "group.com.alpunsal.axilo"
    );
    "get-task-allow" = 1;
}
    
    builtin-productPackagingUtility /Users/alp/Documents/coding/speed_read/SpeedReadShare/SpeedReadShare.entitlements -entitlements -format xml -o /Users/alp/Library/Developer/Xcode/DerivedData/Axilo-ddceprimmkxjtoehwwbzsjlcvxeq/Build/Intermediates.noindex/Axilo.build/Debug-iphoneos/AxiloShare.build/AxiloShare.appex.xcent

SwiftDriver ZIPFoundation normal arm64 com.apple.xcode.tools.swift.compiler (in target 'ZIPFoundation' from project 'ZIPFoundation')
    cd /Users/alp/Documents/coding/speed_read/Axilo.xcodeproj
    builtin-SwiftDriver -- /Applications/Xcode.app/Contents/Developer/Toolchains/XcodeDefault.xctoolchain/usr/bin/swiftc -module-name ZIPFoundation -Onone -enforce-exclusivity\=checked @/Users/alp/Library/Developer/Xcode/DerivedData/Axilo-ddceprimmkxjtoehwwbzsjlcvxeq/Build/Intermediates.noindex/ZIPFoundation.build/Debug-iphoneos/ZIPFoundation.build/Objects-normal/arm64/ZIPFoundation.SwiftFileList -DSWIFT_PACKAGE -DDEBUG -DXcode -plugin-path /Applications/Xcode.app/Contents/Developer/Toolchains/XcodeDefault.xctoolchain/usr/lib/swift/host/plugins/testing -enable-experimental-feature DebugDescriptionMacro -sdk /Applications/Xcode.app/Contents/Developer/Platforms/iPhoneOS.platform/Developer/SDKs/iPhoneOS18.2.sdk -target arm64-apple-ios12.0 -g -module-cache-path /Users/alp/Library/Developer/Xcode/DerivedData/ModuleCache.noindex -Xfrontend -serialize-debugging-options -enable-testing -suppress-warnings -index-store-path /Users/alp/Library/Developer/Xcode/DerivedData/Axilo-ddceprimmkxjtoehwwbzsjlcvxeq/Index.noindex/DataStore -enable-experimental-feature OpaqueTypeErasure -Xcc -D_LIBCPP_HARDENING_MODE\=_LIBCPP_HARDENING_MODE_DEBUG -swift-version 5 -I /Users/alp/Library/Developer/Xcode/DerivedData/Axilo-ddceprimmkxjtoehwwbzsjlcvxeq/Build/Products/Debug-iphoneos -I /Applications/Xcode.app/Contents/Developer/Platforms/iPhoneOS.platform/Developer/usr/lib -F /Users/alp/Library/Developer/Xcode/DerivedData/Axilo-ddceprimmkxjtoehwwbzsjlcvxeq/Build/Products/Debug-iphoneos -F /Applications/Xcode.app/Contents/Developer/Platforms/iPhoneOS.platform/Developer/Library/Frameworks -F /Applications/Xcode.app/Contents/Developer/Platforms/iPhoneOS.platform/Developer/SDKs/iPhoneOS18.2.sdk/Developer/Library/Frameworks -c -j8 -enable-batch-mode -incremental -Xcc -ivfsstatcache -Xcc /Users/alp/Library/Developer/Xcode/DerivedData/SDKStatCaches.noindex/iphoneos18.2-22C146-d5b9239ec3bf5b3adbecdf21472871e3.sdkstatcache -output-file-map /Users/alp/Library/Developer/Xcode/DerivedData/Axilo-ddceprimmkxjtoehwwbzsjlcvxeq/Build/Intermediates.noindex/ZIPFoundation.build/Debug-iphoneos/ZIPFoundation.build/Objects-normal/arm64/ZIPFoundation-OutputFileMap.json -use-frontend-parseable-output -save-temps -no-color-diagnostics -serialize-diagnostics -emit-dependencies -emit-module -emit-module-path /Users/alp/Library/Developer/Xcode/DerivedData/Axilo-ddceprimmkxjtoehwwbzsjlcvxeq/Build/Intermediates.noindex/ZIPFoundation.build/Debug-iphoneos/ZIPFoundation.build/Objects-normal/arm64/ZIPFoundation.swiftmodule -validate-clang-modules-once -clang-build-session-file /Users/alp/Library/Developer/Xcode/DerivedData/ModuleCache.noindex/Session.modulevalidation -package-name zipfoundation -Xcc -I/Users/alp/Library/Developer/Xcode/DerivedData/Axilo-ddceprimmkxjtoehwwbzsjlcvxeq/Build/Intermediates.noindex/ZIPFoundation.build/Debug-iphoneos/ZIPFoundation.build/swift-overrides.hmap -emit-const-values -Xfrontend -const-gather-protocols-file -Xfrontend /Users/alp/Library/Developer/Xcode/DerivedData/Axilo-ddceprimmkxjtoehwwbzsjlcvxeq/Build/Intermediates.noindex/ZIPFoundation.build/Debug-iphoneos/ZIPFoundation.build/Objects-normal/arm64/ZIPFoundation_const_extract_protocols.json -Xcc -I/Users/alp/Library/Developer/Xcode/DerivedData/Axilo-ddceprimmkxjtoehwwbzsjlcvxeq/Build/Products/Debug-iphoneos/include -Xcc -I/Users/alp/Library/Developer/Xcode/DerivedData/Axilo-ddceprimmkxjtoehwwbzsjlcvxeq/Build/Intermediates.noindex/ZIPFoundation.build/Debug-iphoneos/ZIPFoundation.build/DerivedSources-normal/arm64 -Xcc -I/Users/alp/Library/Developer/Xcode/DerivedData/Axilo-ddceprimmkxjtoehwwbzsjlcvxeq/Build/Intermediates.noindex/ZIPFoundation.build/Debug-iphoneos/ZIPFoundation.build/DerivedSources/arm64 -Xcc -I/Users/alp/Library/Developer/Xcode/DerivedData/Axilo-ddceprimmkxjtoehwwbzsjlcvxeq/Build/Intermediates.noindex/ZIPFoundation.build/Debug-iphoneos/ZIPFoundation.build/DerivedSources -Xcc -DSWIFT_PACKAGE -Xcc -DDEBUG\=1 -emit-objc-header -emit-objc-header-path /Users/alp/Library/Developer/Xcode/DerivedData/Axilo-ddceprimmkxjtoehwwbzsjlcvxeq/Build/Intermediates.noindex/ZIPFoundation.build/Debug-iphoneos/ZIPFoundation.build/Objects-normal/arm64/ZIPFoundation-Swift.h -working-directory /Users/alp/Documents/coding/speed_read/Axilo.xcodeproj -experimental-emit-module-separately -disable-cmo

ProcessProductPackagingDER /Users/alp/Library/Developer/Xcode/DerivedData/Axilo-ddceprimmkxjtoehwwbzsjlcvxeq/Build/Intermediates.noindex/Axilo.build/Debug-iphoneos/AxiloWeb.build/AxiloWeb.appex.xcent /Users/alp/Library/Developer/Xcode/DerivedData/Axilo-ddceprimmkxjtoehwwbzsjlcvxeq/Build/Intermediates.noindex/Axilo.build/Debug-iphoneos/AxiloWeb.build/AxiloWeb.appex.xcent.der (in target 'AxiloWeb' from project 'Axilo')
    cd /Users/alp/Documents/coding/speed_read
    /usr/bin/derq query -f xml -i /Users/alp/Library/Developer/Xcode/DerivedData/Axilo-ddceprimmkxjtoehwwbzsjlcvxeq/Build/Intermediates.noindex/Axilo.build/Debug-iphoneos/AxiloWeb.build/AxiloWeb.appex.xcent -o /Users/alp/Library/Developer/Xcode/DerivedData/Axilo-ddceprimmkxjtoehwwbzsjlcvxeq/Build/Intermediates.noindex/Axilo.build/Debug-iphoneos/AxiloWeb.build/AxiloWeb.appex.xcent.der --raw

ProcessProductPackagingDER /Users/alp/Library/Developer/Xcode/DerivedData/Axilo-ddceprimmkxjtoehwwbzsjlcvxeq/Build/Intermediates.noindex/Axilo.build/Debug-iphoneos/AxiloShare.build/AxiloShare.appex.xcent /Users/alp/Library/Developer/Xcode/DerivedData/Axilo-ddceprimmkxjtoehwwbzsjlcvxeq/Build/Intermediates.noindex/Axilo.build/Debug-iphoneos/AxiloShare.build/AxiloShare.appex.xcent.der (in target 'AxiloShare' from project 'Axilo')
    cd /Users/alp/Documents/coding/speed_read
    /usr/bin/derq query -f xml -i /Users/alp/Library/Developer/Xcode/DerivedData/Axilo-ddceprimmkxjtoehwwbzsjlcvxeq/Build/Intermediates.noindex/Axilo.build/Debug-iphoneos/AxiloShare.build/AxiloShare.appex.xcent -o /Users/alp/Library/Developer/Xcode/DerivedData/Axilo-ddceprimmkxjtoehwwbzsjlcvxeq/Build/Intermediates.noindex/Axilo.build/Debug-iphoneos/AxiloShare.build/AxiloShare.appex.xcent.der --raw

SwiftDriver AxiloWeb normal arm64 com.apple.xcode.tools.swift.compiler (in target 'AxiloWeb' from project 'Axilo')
    cd /Users/alp/Documents/coding/speed_read
    builtin-SwiftDriver -- /Applications/Xcode.app/Contents/Developer/Toolchains/XcodeDefault.xctoolchain/usr/bin/swiftc -module-name AxiloWeb -Onone -enforce-exclusivity\=checked @/Users/alp/Library/Developer/Xcode/DerivedData/Axilo-ddceprimmkxjtoehwwbzsjlcvxeq/Build/Intermediates.noindex/Axilo.build/Debug-iphoneos/AxiloWeb.build/Objects-normal/arm64/AxiloWeb.SwiftFileList -DDEBUG -enable-bare-slash-regex -enable-experimental-feature DebugDescriptionMacro -sdk /Applications/Xcode.app/Contents/Developer/Platforms/iPhoneOS.platform/Developer/SDKs/iPhoneOS18.2.sdk -target arm64-apple-ios18.2 -g -module-cache-path /Users/alp/Library/Developer/Xcode/DerivedData/ModuleCache.noindex -Xfrontend -serialize-debugging-options -application-extension -enable-testing -index-store-path /Users/alp/Library/Developer/Xcode/DerivedData/Axilo-ddceprimmkxjtoehwwbzsjlcvxeq/Index.noindex/DataStore -enable-experimental-feature OpaqueTypeErasure -Xcc -D_LIBCPP_HARDENING_MODE\=_LIBCPP_HARDENING_MODE_DEBUG -swift-version 5 -I /Users/alp/Library/Developer/Xcode/DerivedData/Axilo-ddceprimmkxjtoehwwbzsjlcvxeq/Build/Products/Debug-iphoneos -F /Users/alp/Library/Developer/Xcode/DerivedData/Axilo-ddceprimmkxjtoehwwbzsjlcvxeq/Build/Products/Debug-iphoneos/PackageFrameworks -F /Users/alp/Library/Developer/Xcode/DerivedData/Axilo-ddceprimmkxjtoehwwbzsjlcvxeq/Build/Products/Debug-iphoneos -emit-localized-strings -emit-localized-strings-path /Users/alp/Library/Developer/Xcode/DerivedData/Axilo-ddceprimmkxjtoehwwbzsjlcvxeq/Build/Intermediates.noindex/Axilo.build/Debug-iphoneos/AxiloWeb.build/Objects-normal/arm64 -c -j8 -enable-batch-mode -incremental -Xcc -ivfsstatcache -Xcc /Users/alp/Library/Developer/Xcode/DerivedData/SDKStatCaches.noindex/iphoneos18.2-22C146-d5b9239ec3bf5b3adbecdf21472871e3.sdkstatcache -output-file-map /Users/alp/Library/Developer/Xcode/DerivedData/Axilo-ddceprimmkxjtoehwwbzsjlcvxeq/Build/Intermediates.noindex/Axilo.build/Debug-iphoneos/AxiloWeb.build/Objects-normal/arm64/AxiloWeb-OutputFileMap.json -use-frontend-parseable-output -save-temps -no-color-diagnostics -serialize-diagnostics -emit-dependencies -emit-module -emit-module-path /Users/alp/Library/Developer/Xcode/DerivedData/Axilo-ddceprimmkxjtoehwwbzsjlcvxeq/Build/Intermediates.noindex/Axilo.build/Debug-iphoneos/AxiloWeb.build/Objects-normal/arm64/AxiloWeb.swiftmodule -validate-clang-modules-once -clang-build-session-file /Users/alp/Library/Developer/Xcode/DerivedData/ModuleCache.noindex/Session.modulevalidation -Xcc -I/Users/alp/Library/Developer/Xcode/DerivedData/Axilo-ddceprimmkxjtoehwwbzsjlcvxeq/Build/Intermediates.noindex/Axilo.build/Debug-iphoneos/AxiloWeb.build/swift-overrides.hmap -emit-const-values -Xfrontend -const-gather-protocols-file -Xfrontend /Users/alp/Library/Developer/Xcode/DerivedData/Axilo-ddceprimmkxjtoehwwbzsjlcvxeq/Build/Intermediates.noindex/Axilo.build/Debug-iphoneos/AxiloWeb.build/Objects-normal/arm64/AxiloWeb_const_extract_protocols.json -Xcc -iquote -Xcc /Users/alp/Library/Developer/Xcode/DerivedData/Axilo-ddceprimmkxjtoehwwbzsjlcvxeq/Build/Intermediates.noindex/Axilo.build/Debug-iphoneos/AxiloWeb.build/AxiloWeb-generated-files.hmap -Xcc -I/Users/alp/Library/Developer/Xcode/DerivedData/Axilo-ddceprimmkxjtoehwwbzsjlcvxeq/Build/Intermediates.noindex/Axilo.build/Debug-iphoneos/AxiloWeb.build/AxiloWeb-own-target-headers.hmap -Xcc -I/Users/alp/Library/Developer/Xcode/DerivedData/Axilo-ddceprimmkxjtoehwwbzsjlcvxeq/Build/Intermediates.noindex/Axilo.build/Debug-iphoneos/AxiloWeb.build/AxiloWeb-all-non-framework-target-headers.hmap -Xcc -ivfsoverlay -Xcc /Users/alp/Library/Developer/Xcode/DerivedData/Axilo-ddceprimmkxjtoehwwbzsjlcvxeq/Build/Intermediates.noindex/Axilo.build/Debug-iphoneos/Axilo-e81d69d167653b048501db775bf85700-VFS-iphoneos/all-product-headers.yaml -Xcc -iquote -Xcc /Users/alp/Library/Developer/Xcode/DerivedData/Axilo-ddceprimmkxjtoehwwbzsjlcvxeq/Build/Intermediates.noindex/Axilo.build/Debug-iphoneos/AxiloWeb.build/AxiloWeb-project-headers.hmap -Xcc -I/Users/alp/Library/Developer/Xcode/DerivedData/Axilo-ddceprimmkxjtoehwwbzsjlcvxeq/Build/Products/Debug-iphoneos/include -Xcc -I/Users/alp/Library/Developer/Xcode/DerivedData/Axilo-ddceprimmkxjtoehwwbzsjlcvxeq/Build/Intermediates.noindex/Axilo.build/Debug-iphoneos/AxiloWeb.build/DerivedSources-normal/arm64 -Xcc -I/Users/alp/Library/Developer/Xcode/DerivedData/Axilo-ddceprimmkxjtoehwwbzsjlcvxeq/Build/Intermediates.noindex/Axilo.build/Debug-iphoneos/AxiloWeb.build/DerivedSources/arm64 -Xcc -I/Users/alp/Library/Developer/Xcode/DerivedData/Axilo-ddceprimmkxjtoehwwbzsjlcvxeq/Build/Intermediates.noindex/Axilo.build/Debug-iphoneos/AxiloWeb.build/DerivedSources -Xcc -DDEBUG\=1 -emit-objc-header -emit-objc-header-path /Users/alp/Library/Developer/Xcode/DerivedData/Axilo-ddceprimmkxjtoehwwbzsjlcvxeq/Build/Intermediates.noindex/Axilo.build/Debug-iphoneos/AxiloWeb.build/Objects-normal/arm64/AxiloWeb-Swift.h -working-directory /Users/alp/Documents/coding/speed_read -experimental-emit-module-separately -disable-cmo

SwiftDriver AxiloShare normal arm64 com.apple.xcode.tools.swift.compiler (in target 'AxiloShare' from project 'Axilo')
    cd /Users/alp/Documents/coding/speed_read
    builtin-SwiftDriver -- /Applications/Xcode.app/Contents/Developer/Toolchains/XcodeDefault.xctoolchain/usr/bin/swiftc -module-name AxiloShare -Onone -enforce-exclusivity\=checked @/Users/alp/Library/Developer/Xcode/DerivedData/Axilo-ddceprimmkxjtoehwwbzsjlcvxeq/Build/Intermediates.noindex/Axilo.build/Debug-iphoneos/AxiloShare.build/Objects-normal/arm64/AxiloShare.SwiftFileList -DDEBUG -enable-bare-slash-regex -enable-experimental-feature DebugDescriptionMacro -sdk /Applications/Xcode.app/Contents/Developer/Platforms/iPhoneOS.platform/Developer/SDKs/iPhoneOS18.2.sdk -target arm64-apple-ios18.2 -g -module-cache-path /Users/alp/Library/Developer/Xcode/DerivedData/ModuleCache.noindex -Xfrontend -serialize-debugging-options -application-extension -enable-testing -index-store-path /Users/alp/Library/Developer/Xcode/DerivedData/Axilo-ddceprimmkxjtoehwwbzsjlcvxeq/Index.noindex/DataStore -enable-experimental-feature OpaqueTypeErasure -Xcc -D_LIBCPP_HARDENING_MODE\=_LIBCPP_HARDENING_MODE_DEBUG -swift-version 5 -I /Users/alp/Library/Developer/Xcode/DerivedData/Axilo-ddceprimmkxjtoehwwbzsjlcvxeq/Build/Products/Debug-iphoneos -F /Users/alp/Library/Developer/Xcode/DerivedData/Axilo-ddceprimmkxjtoehwwbzsjlcvxeq/Build/Products/Debug-iphoneos/PackageFrameworks -F /Users/alp/Library/Developer/Xcode/DerivedData/Axilo-ddceprimmkxjtoehwwbzsjlcvxeq/Build/Products/Debug-iphoneos -emit-localized-strings -emit-localized-strings-path /Users/alp/Library/Developer/Xcode/DerivedData/Axilo-ddceprimmkxjtoehwwbzsjlcvxeq/Build/Intermediates.noindex/Axilo.build/Debug-iphoneos/AxiloShare.build/Objects-normal/arm64 -c -j8 -enable-batch-mode -incremental -Xcc -ivfsstatcache -Xcc /Users/alp/Library/Developer/Xcode/DerivedData/SDKStatCaches.noindex/iphoneos18.2-22C146-d5b9239ec3bf5b3adbecdf21472871e3.sdkstatcache -output-file-map /Users/alp/Library/Developer/Xcode/DerivedData/Axilo-ddceprimmkxjtoehwwbzsjlcvxeq/Build/Intermediates.noindex/Axilo.build/Debug-iphoneos/AxiloShare.build/Objects-normal/arm64/AxiloShare-OutputFileMap.json -use-frontend-parseable-output -save-temps -no-color-diagnostics -serialize-diagnostics -emit-dependencies -emit-module -emit-module-path /Users/alp/Library/Developer/Xcode/DerivedData/Axilo-ddceprimmkxjtoehwwbzsjlcvxeq/Build/Intermediates.noindex/Axilo.build/Debug-iphoneos/AxiloShare.build/Objects-normal/arm64/AxiloShare.swiftmodule -validate-clang-modules-once -clang-build-session-file /Users/alp/Library/Developer/Xcode/DerivedData/ModuleCache.noindex/Session.modulevalidation -Xcc -I/Users/alp/Library/Developer/Xcode/DerivedData/Axilo-ddceprimmkxjtoehwwbzsjlcvxeq/Build/Intermediates.noindex/Axilo.build/Debug-iphoneos/AxiloShare.build/swift-overrides.hmap -emit-const-values -Xfrontend -const-gather-protocols-file -Xfrontend /Users/alp/Library/Developer/Xcode/DerivedData/Axilo-ddceprimmkxjtoehwwbzsjlcvxeq/Build/Intermediates.noindex/Axilo.build/Debug-iphoneos/AxiloShare.build/Objects-normal/arm64/AxiloShare_const_extract_protocols.json -Xcc -iquote -Xcc /Users/alp/Library/Developer/Xcode/DerivedData/Axilo-ddceprimmkxjtoehwwbzsjlcvxeq/Build/Intermediates.noindex/Axilo.build/Debug-iphoneos/AxiloShare.build/AxiloShare-generated-files.hmap -Xcc -I/Users/alp/Library/Developer/Xcode/DerivedData/Axilo-ddceprimmkxjtoehwwbzsjlcvxeq/Build/Intermediates.noindex/Axilo.build/Debug-iphoneos/AxiloShare.build/AxiloShare-own-target-headers.hmap -Xcc -I/Users/alp/Library/Developer/Xcode/DerivedData/Axilo-ddceprimmkxjtoehwwbzsjlcvxeq/Build/Intermediates.noindex/Axilo.build/Debug-iphoneos/AxiloShare.build/AxiloShare-all-non-framework-target-headers.hmap -Xcc -ivfsoverlay -Xcc /Users/alp/Library/Developer/Xcode/DerivedData/Axilo-ddceprimmkxjtoehwwbzsjlcvxeq/Build/Intermediates.noindex/Axilo.build/Debug-iphoneos/Axilo-e81d69d167653b048501db775bf85700-VFS-iphoneos/all-product-headers.yaml -Xcc -iquote -Xcc /Users/alp/Library/Developer/Xcode/DerivedData/Axilo-ddceprimmkxjtoehwwbzsjlcvxeq/Build/Intermediates.noindex/Axilo.build/Debug-iphoneos/AxiloShare.build/AxiloShare-project-headers.hmap -Xcc -I/Users/alp/Library/Developer/Xcode/DerivedData/Axilo-ddceprimmkxjtoehwwbzsjlcvxeq/Build/Products/Debug-iphoneos/include -Xcc -I/Users/alp/Library/Developer/Xcode/DerivedData/Axilo-ddceprimmkxjtoehwwbzsjlcvxeq/Build/Intermediates.noindex/Axilo.build/Debug-iphoneos/AxiloShare.build/DerivedSources-normal/arm64 -Xcc -I/Users/alp/Library/Developer/Xcode/DerivedData/Axilo-ddceprimmkxjtoehwwbzsjlcvxeq/Build/Intermediates.noindex/Axilo.build/Debug-iphoneos/AxiloShare.build/DerivedSources/arm64 -Xcc -I/Users/alp/Library/Developer/Xcode/DerivedData/Axilo-ddceprimmkxjtoehwwbzsjlcvxeq/Build/Intermediates.noindex/Axilo.build/Debug-iphoneos/AxiloShare.build/DerivedSources -Xcc -DDEBUG\=1 -emit-objc-header -emit-objc-header-path /Users/alp/Library/Developer/Xcode/DerivedData/Axilo-ddceprimmkxjtoehwwbzsjlcvxeq/Build/Intermediates.noindex/Axilo.build/Debug-iphoneos/AxiloShare.build/Objects-normal/arm64/AxiloShare-Swift.h -working-directory /Users/alp/Documents/coding/speed_read -experimental-emit-module-separately -disable-cmo

SwiftEmitModule normal arm64 Emitting\ module\ for\ AxiloShare (in target 'AxiloShare' from project 'Axilo')
    cd /Users/alp/Documents/coding/speed_read
    builtin-swiftTaskExecution -- /Applications/Xcode.app/Contents/Developer/Toolchains/XcodeDefault.xctoolchain/usr/bin/swift-frontend -frontend -emit-module -experimental-skip-non-inlinable-function-bodies-without-types /Users/alp/Documents/coding/speed_read/SpeedRead/Views/DocumentThumbnail.swift /Users/alp/Documents/coding/speed_read/SpeedRead/Services/PageChunker.swift /Users/alp/Documents/coding/speed_read/SpeedRead/Services/LibraryManager.swift /Users/alp/Documents/coding/speed_read/SpeedRead/Views/HomeView.swift /Users/alp/Documents/coding/speed_read/SpeedRead/Services/DocumentParser.swift /Users/alp/Documents/coding/speed_read/SpeedRead/Services/TextTokenizer.swift /Users/alp/Documents/coding/speed_read/SpeedRead/Services/HTMLHelper.swift /Users/alp/Documents/coding/speed_read/SpeedRead/Services/HeadingDetector.swift /Users/alp/Documents/coding/speed_read/SpeedRead/Resources/SampleText.swift /Users/alp/Documents/coding/speed_read/SpeedRead/Services/WordSearcher.swift /Users/alp/Documents/coding/speed_read/SpeedRead/Services/DOCXParser.swift /Users/alp/Documents/coding/speed_read/SpeedRead/Services/FontMetricsCache.swift /Users/alp/Documents/coding/speed_read/SpeedReadShare/InboxShareViewController.swift /Users/alp/Documents/coding/speed_read/SpeedRead/Services/OrientationManager.swift /Users/alp/Documents/coding/speed_read/SpeedRead/Services/BookSearchService.swift /Users/alp/Documents/coding/speed_read/SpeedRead/Services/EPUBParser.swift /Users/alp/Documents/coding/speed_read/SpeedRead/Services/SettingsManager.swift /Users/alp/Documents/coding/speed_read/SpeedRead/Services/PDFParsingService.swift /Users/alp/Documents/coding/speed_read/SpeedRead/Views/ExploreView.swift /Users/alp/Documents/coding/speed_read/SpeedRead/Services/ThumbnailManager.swift /Users/alp/Documents/coding/speed_read/SpeedRead/Views/LibraryView.swift /Users/alp/Documents/coding/speed_read/SpeedRead/Models/NavigationPoint.swift /Users/alp/Documents/coding/speed_read/SpeedRead/Views/CustomTabBar.swift /Users/alp/Documents/coding/speed_read/SpeedRead/Views/DocumentPicker.swift /Users/alp/Documents/coding/speed_read/SpeedRead/Views/ParagraphView.swift /Users/alp/Documents/coding/speed_read/SpeedRead/Views/ContentView.swift /Users/alp/Documents/coding/speed_read/SpeedRead/ViewModels/RSVPViewModel.swift /Users/alp/Documents/coding/speed_read/SpeedRead/Views/WordSearchView.swift /Users/alp/Documents/coding/speed_read/SpeedRead/Views/RSVPView.swift /Users/alp/Documents/coding/speed_read/SpeedRead/Views/SettingsView.swift /Users/alp/Documents/coding/speed_read/SpeedRead/Views/ChapterListView.swift /Users/alp/Documents/coding/speed_read/SpeedRead/Views/WordDisplayView.swift /Users/alp/Documents/coding/speed_read/SpeedRead/Views/VerticalSlider.swift -target arm64-apple-ios18.2 -Xllvm -aarch64-use-tbi -enable-objc-interop -stack-check -sdk /Applications/Xcode.app/Contents/Developer/Platforms/iPhoneOS.platform/Developer/SDKs/iPhoneOS18.2.sdk -I /Users/alp/Library/Developer/Xcode/DerivedData/Axilo-ddceprimmkxjtoehwwbzsjlcvxeq/Build/Products/Debug-iphoneos -F /Users/alp/Library/Developer/Xcode/DerivedData/Axilo-ddceprimmkxjtoehwwbzsjlcvxeq/Build/Products/Debug-iphoneos/PackageFrameworks -F /Users/alp/Library/Developer/Xcode/DerivedData/Axilo-ddceprimmkxjtoehwwbzsjlcvxeq/Build/Products/Debug-iphoneos -no-color-diagnostics -application-extension -enable-testing -g -debug-info-format\=dwarf -dwarf-version\=5 -module-cache-path /Users/alp/Library/Developer/Xcode/DerivedData/ModuleCache.noindex -swift-version 5 -enforce-exclusivity\=checked -Onone -D DEBUG -serialize-debugging-options -const-gather-protocols-file /Users/alp/Library/Developer/Xcode/DerivedData/Axilo-ddceprimmkxjtoehwwbzsjlcvxeq/Build/Intermediates.noindex/Axilo.build/Debug-iphoneos/AxiloShare.build/Objects-normal/arm64/AxiloShare_const_extract_protocols.json -enable-experimental-feature DebugDescriptionMacro -enable-experimental-feature OpaqueTypeErasure -enable-bare-slash-regex -empty-abi-descriptor -validate-clang-modules-once -clang-build-session-file /Users/alp/Library/Developer/Xcode/DerivedData/ModuleCache.noindex/Session.modulevalidation -Xcc -working-directory -Xcc /Users/alp/Documents/coding/speed_read -resource-dir /Applications/Xcode.app/Contents/Developer/Toolchains/XcodeDefault.xctoolchain/usr/lib/swift -enable-anonymous-context-mangled-names -file-compilation-dir /Users/alp/Documents/coding/speed_read -Xcc -D_LIBCPP_HARDENING_MODE\=_LIBCPP_HARDENING_MODE_DEBUG -Xcc -ivfsstatcache -Xcc /Users/alp/Library/Developer/Xcode/DerivedData/SDKStatCaches.noindex/iphoneos18.2-22C146-d5b9239ec3bf5b3adbecdf21472871e3.sdkstatcache -Xcc -I/Users/alp/Library/Developer/Xcode/DerivedData/Axilo-ddceprimmkxjtoehwwbzsjlcvxeq/Build/Intermediates.noindex/Axilo.build/Debug-iphoneos/AxiloShare.build/swift-overrides.hmap -Xcc -iquote -Xcc /Users/alp/Library/Developer/Xcode/DerivedData/Axilo-ddceprimmkxjtoehwwbzsjlcvxeq/Build/Intermediates.noindex/Axilo.build/Debug-iphoneos/AxiloShare.build/AxiloShare-generated-files.hmap -Xcc -I/Users/alp/Library/Developer/Xcode/DerivedData/Axilo-ddceprimmkxjtoehwwbzsjlcvxeq/Build/Intermediates.noindex/Axilo.build/Debug-iphoneos/AxiloShare.build/AxiloShare-own-target-headers.hmap -Xcc -I/Users/alp/Library/Developer/Xcode/DerivedData/Axilo-ddceprimmkxjtoehwwbzsjlcvxeq/Build/Intermediates.noindex/Axilo.build/Debug-iphoneos/AxiloShare.build/AxiloShare-all-non-framework-target-headers.hmap -Xcc -ivfsoverlay -Xcc /Users/alp/Library/Developer/Xcode/DerivedData/Axilo-ddceprimmkxjtoehwwbzsjlcvxeq/Build/Intermediates.noindex/Axilo.build/Debug-iphoneos/Axilo-e81d69d167653b048501db775bf85700-VFS-iphoneos/all-product-headers.yaml -Xcc -iquote -Xcc /Users/alp/Library/Developer/Xcode/DerivedData/Axilo-ddceprimmkxjtoehwwbzsjlcvxeq/Build/Intermediates.noindex/Axilo.build/Debug-iphoneos/AxiloShare.build/AxiloShare-project-headers.hmap -Xcc -I/Users/alp/Library/Developer/Xcode/DerivedData/Axilo-ddceprimmkxjtoehwwbzsjlcvxeq/Build/Products/Debug-iphoneos/include -Xcc -I/Users/alp/Library/Developer/Xcode/DerivedData/Axilo-ddceprimmkxjtoehwwbzsjlcvxeq/Build/Intermediates.noindex/Axilo.build/Debug-iphoneos/AxiloShare.build/DerivedSources-normal/arm64 -Xcc -I/Users/alp/Library/Developer/Xcode/DerivedData/Axilo-ddceprimmkxjtoehwwbzsjlcvxeq/Build/Intermediates.noindex/Axilo.build/Debug-iphoneos/AxiloShare.build/DerivedSources/arm64 -Xcc -I/Users/alp/Library/Developer/Xcode/DerivedData/Axilo-ddceprimmkxjtoehwwbzsjlcvxeq/Build/Intermediates.noindex/Axilo.build/Debug-iphoneos/AxiloShare.build/DerivedSources -Xcc -DDEBUG\=1 -module-name AxiloShare -frontend-parseable-output -disable-clang-spi -target-sdk-version 18.2 -target-sdk-name iphoneos18.2 -external-plugin-path /Applications/Xcode.app/Contents/Developer/Platforms/iPhoneOS.platform/Developer/usr/lib/swift/host/plugins\#/Applications/Xcode.app/Contents/Developer/Platforms/iPhoneOS.platform/Developer/usr/bin/swift-plugin-server -external-plugin-path /Applications/Xcode.app/Contents/Developer/Platforms/iPhoneOS.platform/Developer/usr/local/lib/swift/host/plugins\#/Applications/Xcode.app/Contents/Developer/Platforms/iPhoneOS.platform/Developer/usr/bin/swift-plugin-server -plugin-path /Applications/Xcode.app/Contents/Developer/Toolchains/XcodeDefault.xctoolchain/usr/lib/swift/host/plugins -plugin-path /Applications/Xcode.app/Contents/Developer/Toolchains/XcodeDefault.xctoolchain/usr/local/lib/swift/host/plugins -emit-module-doc-path /Users/alp/Library/Developer/Xcode/DerivedData/Axilo-ddceprimmkxjtoehwwbzsjlcvxeq/Build/Intermediates.noindex/Axilo.build/Debug-iphoneos/AxiloShare.build/Objects-normal/arm64/AxiloShare.swiftdoc -emit-module-source-info-path /Users/alp/Library/Developer/Xcode/DerivedData/Axilo-ddceprimmkxjtoehwwbzsjlcvxeq/Build/Intermediates.noindex/Axilo.build/Debug-iphoneos/AxiloShare.build/Objects-normal/arm64/AxiloShare.swiftsourceinfo -emit-objc-header-path /Users/alp/Library/Developer/Xcode/DerivedData/Axilo-ddceprimmkxjtoehwwbzsjlcvxeq/Build/Intermediates.noindex/Axilo.build/Debug-iphoneos/AxiloShare.build/Objects-normal/arm64/AxiloShare-Swift.h -serialize-diagnostics-path /Users/alp/Library/Developer/Xcode/DerivedData/Axilo-ddceprimmkxjtoehwwbzsjlcvxeq/Build/Intermediates.noindex/Axilo.build/Debug-iphoneos/AxiloShare.build/Objects-normal/arm64/AxiloShare-master-emit-module.dia -emit-dependencies-path /Users/alp/Library/Developer/Xcode/DerivedData/Axilo-ddceprimmkxjtoehwwbzsjlcvxeq/Build/Intermediates.noindex/Axilo.build/Debug-iphoneos/AxiloShare.build/Objects-normal/arm64/AxiloShare-master-emit-module.d -o /Users/alp/Library/Developer/Xcode/DerivedData/Axilo-ddceprimmkxjtoehwwbzsjlcvxeq/Build/Intermediates.noindex/Axilo.build/Debug-iphoneos/AxiloShare.build/Objects-normal/arm64/AxiloShare.swiftmodule -emit-abi-descriptor-path /Users/alp/Library/Developer/Xcode/DerivedData/Axilo-ddceprimmkxjtoehwwbzsjlcvxeq/Build/Intermediates.noindex/Axilo.build/Debug-iphoneos/AxiloShare.build/Objects-normal/arm64/AxiloShare.abi.json

EmitSwiftModule normal arm64 (in target 'AxiloShare' from project 'Axilo')
    cd /Users/alp/Documents/coding/speed_read
    /Applications/Xcode.app/Contents/Developer/Toolchains/XcodeDefault.xctoolchain/usr/bin/swift-frontend -emit-module -experimental-skip-non-inlinable-function-bodies-without-types /Users/alp/Documents/coding/speed_read/SpeedRead/Views/DocumentThumbnail.swift /Users/alp/Documents/coding/speed_read/SpeedRead/Services/PageChunker.swift /Users/alp/Documents/coding/speed_read/SpeedRead/Services/LibraryManager.swift /Users/alp/Documents/coding/speed_read/SpeedRead/Views/HomeView.swift /Users/alp/Documents/coding/speed_read/SpeedRead/Services/DocumentParser.swift /Users/alp/Documents/coding/speed_read/SpeedRead/Services/TextTokenizer.swift /Users/alp/Documents/coding/speed_read/SpeedRead/Services/HTMLHelper.swift /Users/alp/Documents/coding/speed_read/SpeedRead/Services/HeadingDetector.swift /Users/alp/Documents/coding/speed_read/SpeedRead/Resources/SampleText.swift /Users/alp/Documents/coding/speed_read/SpeedRead/Services/WordSearcher.swift /Users/alp/Documents/coding/speed_read/SpeedRead/Services/DOCXParser.swift /Users/alp/Documents/coding/speed_read/SpeedRead/Services/FontMetricsCache.swift /Users/alp/Documents/coding/speed_read/SpeedReadShare/InboxShareViewController.swift /Users/alp/Documents/coding/speed_read/SpeedRead/Services/OrientationManager.swift /Users/alp/Documents/coding/speed_read/SpeedRead/Services/BookSearchService.swift /Users/alp/Documents/coding/speed_read/SpeedRead/Services/EPUBParser.swift /Users/alp/Documents/coding/speed_read/SpeedRead/Services/SettingsManager.swift /Users/alp/Documents/coding/speed_read/SpeedRead/Services/PDFParsingService.swift /Users/alp/Documents/coding/speed_read/SpeedRead/Views/ExploreView.swift /Users/alp/Documents/coding/speed_read/SpeedRead/Services/ThumbnailManager.swift /Users/alp/Documents/coding/speed_read/SpeedRead/Views/LibraryView.swift /Users/alp/Documents/coding/speed_read/SpeedRead/Models/NavigationPoint.swift /Users/alp/Documents/coding/speed_read/SpeedRead/Views/CustomTabBar.swift /Users/alp/Documents/coding/speed_read/SpeedRead/Views/DocumentPicker.swift /Users/alp/Documents/coding/speed_read/SpeedRead/Views/ParagraphView.swift /Users/alp/Documents/coding/speed_read/SpeedRead/Views/ContentView.swift /Users/alp/Documents/coding/speed_read/SpeedRead/ViewModels/RSVPViewModel.swift /Users/alp/Documents/coding/speed_read/SpeedRead/Views/WordSearchView.swift /Users/alp/Documents/coding/speed_read/SpeedRead/Views/RSVPView.swift /Users/alp/Documents/coding/speed_read/SpeedRead/Views/SettingsView.swift /Users/alp/Documents/coding/speed_read/SpeedRead/Views/ChapterListView.swift /Users/alp/Documents/coding/speed_read/SpeedRead/Views/WordDisplayView.swift /Users/alp/Documents/coding/speed_read/SpeedRead/Views/VerticalSlider.swift -target arm64-apple-ios18.2 -Xllvm -aarch64-use-tbi -enable-objc-interop -stack-check -sdk /Applications/Xcode.app/Contents/Developer/Platforms/iPhoneOS.platform/Developer/SDKs/iPhoneOS18.2.sdk -I /Users/alp/Library/Developer/Xcode/DerivedData/Axilo-ddceprimmkxjtoehwwbzsjlcvxeq/Build/Products/Debug-iphoneos -F /Users/alp/Library/Developer/Xcode/DerivedData/Axilo-ddceprimmkxjtoehwwbzsjlcvxeq/Build/Products/Debug-iphoneos/PackageFrameworks -F /Users/alp/Library/Developer/Xcode/DerivedData/Axilo-ddceprimmkxjtoehwwbzsjlcvxeq/Build/Products/Debug-iphoneos -no-color-diagnostics -application-extension -enable-testing -g -debug-info-format\=dwarf -dwarf-version\=5 -module-cache-path /Users/alp/Library/Developer/Xcode/DerivedData/ModuleCache.noindex -swift-version 5 -enforce-exclusivity\=checked -Onone -D DEBUG -serialize-debugging-options -const-gather-protocols-file /Users/alp/Library/Developer/Xcode/DerivedData/Axilo-ddceprimmkxjtoehwwbzsjlcvxeq/Build/Intermediates.noindex/Axilo.build/Debug-iphoneos/AxiloShare.build/Objects-normal/arm64/AxiloShare_const_extract_protocols.json -enable-experimental-feature DebugDescriptionMacro -enable-experimental-feature OpaqueTypeErasure -enable-bare-slash-regex -empty-abi-descriptor -validate-clang-modules-once -clang-build-session-file /Users/alp/Library/Developer/Xcode/DerivedData/ModuleCache.noindex/Session.modulevalidation -Xcc -working-directory -Xcc /Users/alp/Documents/coding/speed_read -resource-dir /Applications/Xcode.app/Contents/Developer/Toolchains/XcodeDefault.xctoolchain/usr/lib/swift -enable-anonymous-context-mangled-names -file-compilation-dir /Users/alp/Documents/coding/speed_read -Xcc -D_LIBCPP_HARDENING_MODE\=_LIBCPP_HARDENING_MODE_DEBUG -Xcc -ivfsstatcache -Xcc /Users/alp/Library/Developer/Xcode/DerivedData/SDKStatCaches.noindex/iphoneos18.2-22C146-d5b9239ec3bf5b3adbecdf21472871e3.sdkstatcache -Xcc -I/Users/alp/Library/Developer/Xcode/DerivedData/Axilo-ddceprimmkxjtoehwwbzsjlcvxeq/Build/Intermediates.noindex/Axilo.build/Debug-iphoneos/AxiloShare.build/swift-overrides.hmap -Xcc -iquote -Xcc /Users/alp/Library/Developer/Xcode/DerivedData/Axilo-ddceprimmkxjtoehwwbzsjlcvxeq/Build/Intermediates.noindex/Axilo.build/Debug-iphoneos/AxiloShare.build/AxiloShare-generated-files.hmap -Xcc -I/Users/alp/Library/Developer/Xcode/DerivedData/Axilo-ddceprimmkxjtoehwwbzsjlcvxeq/Build/Intermediates.noindex/Axilo.build/Debug-iphoneos/AxiloShare.build/AxiloShare-own-target-headers.hmap -Xcc -I/Users/alp/Library/Developer/Xcode/DerivedData/Axilo-ddceprimmkxjtoehwwbzsjlcvxeq/Build/Intermediates.noindex/Axilo.build/Debug-iphoneos/AxiloShare.build/AxiloShare-all-non-framework-target-headers.hmap -Xcc -ivfsoverlay -Xcc /Users/alp/Library/Developer/Xcode/DerivedData/Axilo-ddceprimmkxjtoehwwbzsjlcvxeq/Build/Intermediates.noindex/Axilo.build/Debug-iphoneos/Axilo-e81d69d167653b048501db775bf85700-VFS-iphoneos/all-product-headers.yaml -Xcc -iquote -Xcc /Users/alp/Library/Developer/Xcode/DerivedData/Axilo-ddceprimmkxjtoehwwbzsjlcvxeq/Build/Intermediates.noindex/Axilo.build/Debug-iphoneos/AxiloShare.build/AxiloShare-project-headers.hmap -Xcc -I/Users/alp/Library/Developer/Xcode/DerivedData/Axilo-ddceprimmkxjtoehwwbzsjlcvxeq/Build/Products/Debug-iphoneos/include -Xcc -I/Users/alp/Library/Developer/Xcode/DerivedData/Axilo-ddceprimmkxjtoehwwbzsjlcvxeq/Build/Intermediates.noindex/Axilo.build/Debug-iphoneos/AxiloShare.build/DerivedSources-normal/arm64 -Xcc -I/Users/alp/Library/Developer/Xcode/DerivedData/Axilo-ddceprimmkxjtoehwwbzsjlcvxeq/Build/Intermediates.noindex/Axilo.build/Debug-iphoneos/AxiloShare.build/DerivedSources/arm64 -Xcc -I/Users/alp/Library/Developer/Xcode/DerivedData/Axilo-ddceprimmkxjtoehwwbzsjlcvxeq/Build/Intermediates.noindex/Axilo.build/Debug-iphoneos/AxiloShare.build/DerivedSources -Xcc -DDEBUG\=1 -module-name AxiloShare -frontend-parseable-output -disable-clang-spi -target-sdk-version 18.2 -target-sdk-name iphoneos18.2 -external-plugin-path /Applications/Xcode.app/Contents/Developer/Platforms/iPhoneOS.platform/Developer/usr/lib/swift/host/plugins\#/Applications/Xcode.app/Contents/Developer/Platforms/iPhoneOS.platform/Developer/usr/bin/swift-plugin-server -external-plugin-path /Applications/Xcode.app/Contents/Developer/Platforms/iPhoneOS.platform/Developer/usr/local/lib/swift/host/plugins\#/Applications/Xcode.app/Contents/Developer/Platforms/iPhoneOS.platform/Developer/usr/bin/swift-plugin-server -plugin-path /Applications/Xcode.app/Contents/Developer/Toolchains/XcodeDefault.xctoolchain/usr/lib/swift/host/plugins -plugin-path /Applications/Xcode.app/Contents/Developer/Toolchains/XcodeDefault.xctoolchain/usr/local/lib/swift/host/plugins -emit-module-doc-path /Users/alp/Library/Developer/Xcode/DerivedData/Axilo-ddceprimmkxjtoehwwbzsjlcvxeq/Build/Intermediates.noindex/Axilo.build/Debug-iphoneos/AxiloShare.build/Objects-normal/arm64/AxiloShare.swiftdoc -emit-module-source-info-path /Users/alp/Library/Developer/Xcode/DerivedData/Axilo-ddceprimmkxjtoehwwbzsjlcvxeq/Build/Intermediates.noindex/Axilo.build/Debug-iphoneos/AxiloShare.build/Objects-normal/arm64/AxiloShare.swiftsourceinfo -emit-objc-header-path /Users/alp/Library/Developer/Xcode/DerivedData/Axilo-ddceprimmkxjtoehwwbzsjlcvxeq/Build/Intermediates.noindex/Axilo.build/Debug-iphoneos/AxiloShare.build/Objects-normal/arm64/AxiloShare-Swift.h -serialize-diagnostics-path /Users/alp/Library/Developer/Xcode/DerivedData/Axilo-ddceprimmkxjtoehwwbzsjlcvxeq/Build/Intermediates.noindex/Axilo.build/Debug-iphoneos/AxiloShare.build/Objects-normal/arm64/AxiloShare-master-emit-module.dia -emit-dependencies-path /Users/alp/Library/Developer/Xcode/DerivedData/Axilo-ddceprimmkxjtoehwwbzsjlcvxeq/Build/Intermediates.noindex/Axilo.build/Debug-iphoneos/AxiloShare.build/Objects-normal/arm64/AxiloShare-master-emit-module.d -o /Users/alp/Library/Developer/Xcode/DerivedData/Axilo-ddceprimmkxjtoehwwbzsjlcvxeq/Build/Intermediates.noindex/Axilo.build/Debug-iphoneos/AxiloShare.build/Objects-normal/arm64/AxiloShare.swiftmodule -emit-abi-descriptor-path /Users/alp/Library/Developer/Xcode/DerivedData/Axilo-ddceprimmkxjtoehwwbzsjlcvxeq/Build/Intermediates.noindex/Axilo.build/Debug-iphoneos/AxiloShare.build/Objects-normal/arm64/AxiloShare.abi.json
/Users/alp/Documents/coding/speed_read/SpeedRead/Views/SettingsView.swift:78:1: error: extraneous '}' at top level
}
^
/Users/alp/Documents/coding/speed_read/SpeedRead/Views/SettingsView.swift:67:9: error: expected declaration
        .preferredColorScheme(settings.theme.colorScheme)
        ^
/Users/alp/Documents/coding/speed_read/SpeedRead/Views/SettingsView.swift:3:8: note: in declaration of 'SettingsView'
struct SettingsView: View {
       ^

SwiftCompile normal arm64 Compiling\ ContentView.swift,\ RSVPViewModel.swift,\ WordSearchView.swift,\ RSVPView.swift /Users/alp/Documents/coding/speed_read/SpeedRead/Views/ContentView.swift /Users/alp/Documents/coding/speed_read/SpeedRead/ViewModels/RSVPViewModel.swift /Users/alp/Documents/coding/speed_read/SpeedRead/Views/WordSearchView.swift /Users/alp/Documents/coding/speed_read/SpeedRead/Views/RSVPView.swift (in target 'AxiloShare' from project 'Axilo')
    cd /Users/alp/Documents/coding/speed_read
    builtin-swiftTaskExecution -- /Applications/Xcode.app/Contents/Developer/Toolchains/XcodeDefault.xctoolchain/usr/bin/swift-frontend -frontend -c /Users/alp/Documents/coding/speed_read/SpeedRead/Views/DocumentThumbnail.swift /Users/alp/Documents/coding/speed_read/SpeedRead/Services/PageChunker.swift /Users/alp/Documents/coding/speed_read/SpeedRead/Services/LibraryManager.swift /Users/alp/Documents/coding/speed_read/SpeedRead/Views/HomeView.swift /Users/alp/Documents/coding/speed_read/SpeedRead/Services/DocumentParser.swift /Users/alp/Documents/coding/speed_read/SpeedRead/Services/TextTokenizer.swift /Users/alp/Documents/coding/speed_read/SpeedRead/Services/HTMLHelper.swift /Users/alp/Documents/coding/speed_read/SpeedRead/Services/HeadingDetector.swift /Users/alp/Documents/coding/speed_read/SpeedRead/Resources/SampleText.swift /Users/alp/Documents/coding/speed_read/SpeedRead/Services/WordSearcher.swift /Users/alp/Documents/coding/speed_read/SpeedRead/Services/DOCXParser.swift /Users/alp/Documents/coding/speed_read/SpeedRead/Services/FontMetricsCache.swift /Users/alp/Documents/coding/speed_read/SpeedReadShare/InboxShareViewController.swift /Users/alp/Documents/coding/speed_read/SpeedRead/Services/OrientationManager.swift /Users/alp/Documents/coding/speed_read/SpeedRead/Services/BookSearchService.swift /Users/alp/Documents/coding/speed_read/SpeedRead/Services/EPUBParser.swift /Users/alp/Documents/coding/speed_read/SpeedRead/Services/SettingsManager.swift /Users/alp/Documents/coding/speed_read/SpeedRead/Services/PDFParsingService.swift /Users/alp/Documents/coding/speed_read/SpeedRead/Views/ExploreView.swift /Users/alp/Documents/coding/speed_read/SpeedRead/Services/ThumbnailManager.swift /Users/alp/Documents/coding/speed_read/SpeedRead/Views/LibraryView.swift /Users/alp/Documents/coding/speed_read/SpeedRead/Models/NavigationPoint.swift /Users/alp/Documents/coding/speed_read/SpeedRead/Views/CustomTabBar.swift /Users/alp/Documents/coding/speed_read/SpeedRead/Views/DocumentPicker.swift /Users/alp/Documents/coding/speed_read/SpeedRead/Views/ParagraphView.swift -primary-file /Users/alp/Documents/coding/speed_read/SpeedRead/Views/ContentView.swift -primary-file /Users/alp/Documents/coding/speed_read/SpeedRead/ViewModels/RSVPViewModel.swift -primary-file /Users/alp/Documents/coding/speed_read/SpeedRead/Views/WordSearchView.swift -primary-file /Users/alp/Documents/coding/speed_read/SpeedRead/Views/RSVPView.swift /Users/alp/Documents/coding/speed_read/SpeedRead/Views/SettingsView.swift /Users/alp/Documents/coding/speed_read/SpeedRead/Views/ChapterListView.swift /Users/alp/Documents/coding/speed_read/SpeedRead/Views/WordDisplayView.swift /Users/alp/Documents/coding/speed_read/SpeedRead/Views/VerticalSlider.swift -supplementary-output-file-map /Users/alp/Library/Developer/Xcode/DerivedData/Axilo-ddceprimmkxjtoehwwbzsjlcvxeq/Build/Intermediates.noindex/Axilo.build/Debug-iphoneos/AxiloShare.build/Objects-normal/arm64/supplementaryOutputs-14 -emit-localized-strings -emit-localized-strings-path /Users/alp/Library/Developer/Xcode/DerivedData/Axilo-ddceprimmkxjtoehwwbzsjlcvxeq/Build/Intermediates.noindex/Axilo.build/Debug-iphoneos/AxiloShare.build/Objects-normal/arm64 -target arm64-apple-ios18.2 -Xllvm -aarch64-use-tbi -enable-objc-interop -stack-check -sdk /Applications/Xcode.app/Contents/Developer/Platforms/iPhoneOS.platform/Developer/SDKs/iPhoneOS18.2.sdk -I /Users/alp/Library/Developer/Xcode/DerivedData/Axilo-ddceprimmkxjtoehwwbzsjlcvxeq/Build/Products/Debug-iphoneos -F /Users/alp/Library/Developer/Xcode/DerivedData/Axilo-ddceprimmkxjtoehwwbzsjlcvxeq/Build/Products/Debug-iphoneos/PackageFrameworks -F /Users/alp/Library/Developer/Xcode/DerivedData/Axilo-ddceprimmkxjtoehwwbzsjlcvxeq/Build/Products/Debug-iphoneos -no-color-diagnostics -application-extension -enable-testing -g -debug-info-format\=dwarf -dwarf-version\=5 -module-cache-path /Users/alp/Library/Developer/Xcode/DerivedData/ModuleCache.noindex -swift-version 5 -enforce-exclusivity\=checked -Onone -D DEBUG -serialize-debugging-options -const-gather-protocols-file /Users/alp/Library/Developer/Xcode/DerivedData/Axilo-ddceprimmkxjtoehwwbzsjlcvxeq/Build/Intermediates.noindex/Axilo.build/Debug-iphoneos/AxiloShare.build/Objects-normal/arm64/AxiloShare_const_extract_protocols.json -enable-experimental-feature DebugDescriptionMacro -enable-experimental-feature OpaqueTypeErasure -enable-bare-slash-regex -empty-abi-descriptor -validate-clang-modules-once -clang-build-session-file /Users/alp/Library/Developer/Xcode/DerivedData/ModuleCache.noindex/Session.modulevalidation -Xcc -working-directory -Xcc /Users/alp/Documents/coding/speed_read -resource-dir /Applications/Xcode.app/Contents/Developer/Toolchains/XcodeDefault.xctoolchain/usr/lib/swift -enable-anonymous-context-mangled-names -file-compilation-dir /Users/alp/Documents/coding/speed_read -Xcc -D_LIBCPP_HARDENING_MODE\=_LIBCPP_HARDENING_MODE_DEBUG -Xcc -ivfsstatcache -Xcc /Users/alp/Library/Developer/Xcode/DerivedData/SDKStatCaches.noindex/iphoneos18.2-22C146-d5b9239ec3bf5b3adbecdf21472871e3.sdkstatcache -Xcc -I/Users/alp/Library/Developer/Xcode/DerivedData/Axilo-ddceprimmkxjtoehwwbzsjlcvxeq/Build/Intermediates.noindex/Axilo.build/Debug-iphoneos/AxiloShare.build/swift-overrides.hmap -Xcc -iquote -Xcc /Users/alp/Library/Developer/Xcode/DerivedData/Axilo-ddceprimmkxjtoehwwbzsjlcvxeq/Build/Intermediates.noindex/Axilo.build/Debug-iphoneos/AxiloShare.build/AxiloShare-generated-files.hmap -Xcc -I/Users/alp/Library/Developer/Xcode/DerivedData/Axilo-ddceprimmkxjtoehwwbzsjlcvxeq/Build/Intermediates.noindex/Axilo.build/Debug-iphoneos/AxiloShare.build/AxiloShare-own-target-headers.hmap -Xcc -I/Users/alp/Library/Developer/Xcode/DerivedData/Axilo-ddceprimmkxjtoehwwbzsjlcvxeq/Build/Intermediates.noindex/Axilo.build/Debug-iphoneos/AxiloShare.build/AxiloShare-all-non-framework-target-headers.hmap -Xcc -ivfsoverlay -Xcc /Users/alp/Library/Developer/Xcode/DerivedData/Axilo-ddceprimmkxjtoehwwbzsjlcvxeq/Build/Intermediates.noindex/Axilo.build/Debug-iphoneos/Axilo-e81d69d167653b048501db775bf85700-VFS-iphoneos/all-product-headers.yaml -Xcc -iquote -Xcc /Users/alp/Library/Developer/Xcode/DerivedData/Axilo-ddceprimmkxjtoehwwbzsjlcvxeq/Build/Intermediates.noindex/Axilo.build/Debug-iphoneos/AxiloShare.build/AxiloShare-project-headers.hmap -Xcc -I/Users/alp/Library/Developer/Xcode/DerivedData/Axilo-ddceprimmkxjtoehwwbzsjlcvxeq/Build/Products/Debug-iphoneos/include -Xcc -I/Users/alp/Library/Developer/Xcode/DerivedData/Axilo-ddceprimmkxjtoehwwbzsjlcvxeq/Build/Intermediates.noindex/Axilo.build/Debug-iphoneos/AxiloShare.build/DerivedSources-normal/arm64 -Xcc -I/Users/alp/Library/Developer/Xcode/DerivedData/Axilo-ddceprimmkxjtoehwwbzsjlcvxeq/Build/Intermediates.noindex/Axilo.build/Debug-iphoneos/AxiloShare.build/DerivedSources/arm64 -Xcc -I/Users/alp/Library/Developer/Xcode/DerivedData/Axilo-ddceprimmkxjtoehwwbzsjlcvxeq/Build/Intermediates.noindex/Axilo.build/Debug-iphoneos/AxiloShare.build/DerivedSources -Xcc -DDEBUG\=1 -module-name AxiloShare -frontend-parseable-output -disable-clang-spi -target-sdk-version 18.2 -target-sdk-name iphoneos18.2 -external-plugin-path /Applications/Xcode.app/Contents/Developer/Platforms/iPhoneOS.platform/Developer/usr/lib/swift/host/plugins\#/Applications/Xcode.app/Contents/Developer/Platforms/iPhoneOS.platform/Developer/usr/bin/swift-plugin-server -external-plugin-path /Applications/Xcode.app/Contents/Developer/Platforms/iPhoneOS.platform/Developer/usr/local/lib/swift/host/plugins\#/Applications/Xcode.app/Contents/Developer/Platforms/iPhoneOS.platform/Developer/usr/bin/swift-plugin-server -plugin-path /Applications/Xcode.app/Contents/Developer/Toolchains/XcodeDefault.xctoolchain/usr/lib/swift/host/plugins -plugin-path /Applications/Xcode.app/Contents/Developer/Toolchains/XcodeDefault.xctoolchain/usr/local/lib/swift/host/plugins -o /Users/alp/Library/Developer/Xcode/DerivedData/Axilo-ddceprimmkxjtoehwwbzsjlcvxeq/Build/Intermediates.noindex/Axilo.build/Debug-iphoneos/AxiloShare.build/Objects-normal/arm64/ContentView.o -o /Users/alp/Library/Developer/Xcode/DerivedData/Axilo-ddceprimmkxjtoehwwbzsjlcvxeq/Build/Intermediates.noindex/Axilo.build/Debug-iphoneos/AxiloShare.build/Objects-normal/arm64/RSVPViewModel.o -o /Users/alp/Library/Developer/Xcode/DerivedData/Axilo-ddceprimmkxjtoehwwbzsjlcvxeq/Build/Intermediates.noindex/Axilo.build/Debug-iphoneos/AxiloShare.build/Objects-normal/arm64/WordSearchView.o -o /Users/alp/Library/Developer/Xcode/DerivedData/Axilo-ddceprimmkxjtoehwwbzsjlcvxeq/Build/Intermediates.noindex/Axilo.build/Debug-iphoneos/AxiloShare.build/Objects-normal/arm64/RSVPView.o -index-unit-output-path /Axilo.build/Debug-iphoneos/AxiloShare.build/Objects-normal/arm64/ContentView.o -index-unit-output-path /Axilo.build/Debug-iphoneos/AxiloShare.build/Objects-normal/arm64/RSVPViewModel.o -index-unit-output-path /Axilo.build/Debug-iphoneos/AxiloShare.build/Objects-normal/arm64/WordSearchView.o -index-unit-output-path /Axilo.build/Debug-iphoneos/AxiloShare.build/Objects-normal/arm64/RSVPView.o -index-store-path /Users/alp/Library/Developer/Xcode/DerivedData/Axilo-ddceprimmkxjtoehwwbzsjlcvxeq/Index.noindex/DataStore -index-system-modules
SwiftCompile normal arm64 /Users/alp/Documents/coding/speed_read/SpeedRead/Views/ContentView.swift (in target 'AxiloShare' from project 'Axilo')
    cd /Users/alp/Documents/coding/speed_read
    /Applications/Xcode.app/Contents/Developer/Toolchains/XcodeDefault.xctoolchain/usr/bin/swift-frontend -c /Users/alp/Documents/coding/speed_read/SpeedRead/Views/DocumentThumbnail.swift /Users/alp/Documents/coding/speed_read/SpeedRead/Services/PageChunker.swift /Users/alp/Documents/coding/speed_read/SpeedRead/Services/LibraryManager.swift /Users/alp/Documents/coding/speed_read/SpeedRead/Views/HomeView.swift /Users/alp/Documents/coding/speed_read/SpeedRead/Services/DocumentParser.swift /Users/alp/Documents/coding/speed_read/SpeedRead/Services/TextTokenizer.swift /Users/alp/Documents/coding/speed_read/SpeedRead/Services/HTMLHelper.swift /Users/alp/Documents/coding/speed_read/SpeedRead/Services/HeadingDetector.swift /Users/alp/Documents/coding/speed_read/SpeedRead/Resources/SampleText.swift /Users/alp/Documents/coding/speed_read/SpeedRead/Services/WordSearcher.swift /Users/alp/Documents/coding/speed_read/SpeedRead/Services/DOCXParser.swift /Users/alp/Documents/coding/speed_read/SpeedRead/Services/FontMetricsCache.swift /Users/alp/Documents/coding/speed_read/SpeedReadShare/InboxShareViewController.swift /Users/alp/Documents/coding/speed_read/SpeedRead/Services/OrientationManager.swift /Users/alp/Documents/coding/speed_read/SpeedRead/Services/BookSearchService.swift /Users/alp/Documents/coding/speed_read/SpeedRead/Services/EPUBParser.swift /Users/alp/Documents/coding/speed_read/SpeedRead/Services/SettingsManager.swift /Users/alp/Documents/coding/speed_read/SpeedRead/Services/PDFParsingService.swift /Users/alp/Documents/coding/speed_read/SpeedRead/Views/ExploreView.swift /Users/alp/Documents/coding/speed_read/SpeedRead/Services/ThumbnailManager.swift /Users/alp/Documents/coding/speed_read/SpeedRead/Views/LibraryView.swift /Users/alp/Documents/coding/speed_read/SpeedRead/Models/NavigationPoint.swift /Users/alp/Documents/coding/speed_read/SpeedRead/Views/CustomTabBar.swift /Users/alp/Documents/coding/speed_read/SpeedRead/Views/DocumentPicker.swift /Users/alp/Documents/coding/speed_read/SpeedRead/Views/ParagraphView.swift -primary-file /Users/alp/Documents/coding/speed_read/SpeedRead/Views/ContentView.swift -primary-file /Users/alp/Documents/coding/speed_read/SpeedRead/ViewModels/RSVPViewModel.swift -primary-file /Users/alp/Documents/coding/speed_read/SpeedRead/Views/WordSearchView.swift -primary-file /Users/alp/Documents/coding/speed_read/SpeedRead/Views/RSVPView.swift /Users/alp/Documents/coding/speed_read/SpeedRead/Views/SettingsView.swift /Users/alp/Documents/coding/speed_read/SpeedRead/Views/ChapterListView.swift /Users/alp/Documents/coding/speed_read/SpeedRead/Views/WordDisplayView.swift /Users/alp/Documents/coding/speed_read/SpeedRead/Views/VerticalSlider.swift -supplementary-output-file-map /Users/alp/Library/Developer/Xcode/DerivedData/Axilo-ddceprimmkxjtoehwwbzsjlcvxeq/Build/Intermediates.noindex/Axilo.build/Debug-iphoneos/AxiloShare.build/Objects-normal/arm64/supplementaryOutputs-14 -emit-localized-strings -emit-localized-strings-path /Users/alp/Library/Developer/Xcode/DerivedData/Axilo-ddceprimmkxjtoehwwbzsjlcvxeq/Build/Intermediates.noindex/Axilo.build/Debug-iphoneos/AxiloShare.build/Objects-normal/arm64 -target arm64-apple-ios18.2 -Xllvm -aarch64-use-tbi -enable-objc-interop -stack-check -sdk /Applications/Xcode.app/Contents/Developer/Platforms/iPhoneOS.platform/Developer/SDKs/iPhoneOS18.2.sdk -I /Users/alp/Library/Developer/Xcode/DerivedData/Axilo-ddceprimmkxjtoehwwbzsjlcvxeq/Build/Products/Debug-iphoneos -F /Users/alp/Library/Developer/Xcode/DerivedData/Axilo-ddceprimmkxjtoehwwbzsjlcvxeq/Build/Products/Debug-iphoneos/PackageFrameworks -F /Users/alp/Library/Developer/Xcode/DerivedData/Axilo-ddceprimmkxjtoehwwbzsjlcvxeq/Build/Products/Debug-iphoneos -no-color-diagnostics -application-extension -enable-testing -g -debug-info-format\=dwarf -dwarf-version\=5 -module-cache-path /Users/alp/Library/Developer/Xcode/DerivedData/ModuleCache.noindex -swift-version 5 -enforce-exclusivity\=checked -Onone -D DEBUG -serialize-debugging-options -const-gather-protocols-file /Users/alp/Library/Developer/Xcode/DerivedData/Axilo-ddceprimmkxjtoehwwbzsjlcvxeq/Build/Intermediates.noindex/Axilo.build/Debug-iphoneos/AxiloShare.build/Objects-normal/arm64/AxiloShare_const_extract_protocols.json -enable-experimental-feature DebugDescriptionMacro -enable-experimental-feature OpaqueTypeErasure -enable-bare-slash-regex -empty-abi-descriptor -validate-clang-modules-once -clang-build-session-file /Users/alp/Library/Developer/Xcode/DerivedData/ModuleCache.noindex/Session.modulevalidation -Xcc -working-directory -Xcc /Users/alp/Documents/coding/speed_read -resource-dir /Applications/Xcode.app/Contents/Developer/Toolchains/XcodeDefault.xctoolchain/usr/lib/swift -enable-anonymous-context-mangled-names -file-compilation-dir /Users/alp/Documents/coding/speed_read -Xcc -D_LIBCPP_HARDENING_MODE\=_LIBCPP_HARDENING_MODE_DEBUG -Xcc -ivfsstatcache -Xcc /Users/alp/Library/Developer/Xcode/DerivedData/SDKStatCaches.noindex/iphoneos18.2-22C146-d5b9239ec3bf5b3adbecdf21472871e3.sdkstatcache -Xcc -I/Users/alp/Library/Developer/Xcode/DerivedData/Axilo-ddceprimmkxjtoehwwbzsjlcvxeq/Build/Intermediates.noindex/Axilo.build/Debug-iphoneos/AxiloShare.build/swift-overrides.hmap -Xcc -iquote -Xcc /Users/alp/Library/Developer/Xcode/DerivedData/Axilo-ddceprimmkxjtoehwwbzsjlcvxeq/Build/Intermediates.noindex/Axilo.build/Debug-iphoneos/AxiloShare.build/AxiloShare-generated-files.hmap -Xcc -I/Users/alp/Library/Developer/Xcode/DerivedData/Axilo-ddceprimmkxjtoehwwbzsjlcvxeq/Build/Intermediates.noindex/Axilo.build/Debug-iphoneos/AxiloShare.build/AxiloShare-own-target-headers.hmap -Xcc -I/Users/alp/Library/Developer/Xcode/DerivedData/Axilo-ddceprimmkxjtoehwwbzsjlcvxeq/Build/Intermediates.noindex/Axilo.build/Debug-iphoneos/AxiloShare.build/AxiloShare-all-non-framework-target-headers.hmap -Xcc -ivfsoverlay -Xcc /Users/alp/Library/Developer/Xcode/DerivedData/Axilo-ddceprimmkxjtoehwwbzsjlcvxeq/Build/Intermediates.noindex/Axilo.build/Debug-iphoneos/Axilo-e81d69d167653b048501db775bf85700-VFS-iphoneos/all-product-headers.yaml -Xcc -iquote -Xcc /Users/alp/Library/Developer/Xcode/DerivedData/Axilo-ddceprimmkxjtoehwwbzsjlcvxeq/Build/Intermediates.noindex/Axilo.build/Debug-iphoneos/AxiloShare.build/AxiloShare-project-headers.hmap -Xcc -I/Users/alp/Library/Developer/Xcode/DerivedData/Axilo-ddceprimmkxjtoehwwbzsjlcvxeq/Build/Products/Debug-iphoneos/include -Xcc -I/Users/alp/Library/Developer/Xcode/DerivedData/Axilo-ddceprimmkxjtoehwwbzsjlcvxeq/Build/Intermediates.noindex/Axilo.build/Debug-iphoneos/AxiloShare.build/DerivedSources-normal/arm64 -Xcc -I/Users/alp/Library/Developer/Xcode/DerivedData/Axilo-ddceprimmkxjtoehwwbzsjlcvxeq/Build/Intermediates.noindex/Axilo.build/Debug-iphoneos/AxiloShare.build/DerivedSources/arm64 -Xcc -I/Users/alp/Library/Developer/Xcode/DerivedData/Axilo-ddceprimmkxjtoehwwbzsjlcvxeq/Build/Intermediates.noindex/Axilo.build/Debug-iphoneos/AxiloShare.build/DerivedSources -Xcc -DDEBUG\=1 -module-name AxiloShare -frontend-parseable-output -disable-clang-spi -target-sdk-version 18.2 -target-sdk-name iphoneos18.2 -external-plugin-path /Applications/Xcode.app/Contents/Developer/Platforms/iPhoneOS.platform/Developer/usr/lib/swift/host/plugins\#/Applications/Xcode.app/Contents/Developer/Platforms/iPhoneOS.platform/Developer/usr/bin/swift-plugin-server -external-plugin-path /Applications/Xcode.app/Contents/Developer/Platforms/iPhoneOS.platform/Developer/usr/local/lib/swift/host/plugins\#/Applications/Xcode.app/Contents/Developer/Platforms/iPhoneOS.platform/Developer/usr/bin/swift-plugin-server -plugin-path /Applications/Xcode.app/Contents/Developer/Toolchains/XcodeDefault.xctoolchain/usr/lib/swift/host/plugins -plugin-path /Applications/Xcode.app/Contents/Developer/Toolchains/XcodeDefault.xctoolchain/usr/local/lib/swift/host/plugins -o /Users/alp/Library/Developer/Xcode/DerivedData/Axilo-ddceprimmkxjtoehwwbzsjlcvxeq/Build/Intermediates.noindex/Axilo.build/Debug-iphoneos/AxiloShare.build/Objects-normal/arm64/ContentView.o -o /Users/alp/Library/Developer/Xcode/DerivedData/Axilo-ddceprimmkxjtoehwwbzsjlcvxeq/Build/Intermediates.noindex/Axilo.build/Debug-iphoneos/AxiloShare.build/Objects-normal/arm64/RSVPViewModel.o -o /Users/alp/Library/Developer/Xcode/DerivedData/Axilo-ddceprimmkxjtoehwwbzsjlcvxeq/Build/Intermediates.noindex/Axilo.build/Debug-iphoneos/AxiloShare.build/Objects-normal/arm64/WordSearchView.o -o /Users/alp/Library/Developer/Xcode/DerivedData/Axilo-ddceprimmkxjtoehwwbzsjlcvxeq/Build/Intermediates.noindex/Axilo.build/Debug-iphoneos/AxiloShare.build/Objects-normal/arm64/RSVPView.o -index-unit-output-path /Axilo.build/Debug-iphoneos/AxiloShare.build/Objects-normal/arm64/ContentView.o -index-unit-output-path /Axilo.build/Debug-iphoneos/AxiloShare.build/Objects-normal/arm64/RSVPViewModel.o -index-unit-output-path /Axilo.build/Debug-iphoneos/AxiloShare.build/Objects-normal/arm64/WordSearchView.o -index-unit-output-path /Axilo.build/Debug-iphoneos/AxiloShare.build/Objects-normal/arm64/RSVPView.o -index-store-path /Users/alp/Library/Developer/Xcode/DerivedData/Axilo-ddceprimmkxjtoehwwbzsjlcvxeq/Index.noindex/DataStore -index-system-modules

SwiftCompile normal arm64 /Users/alp/Documents/coding/speed_read/SpeedRead/ViewModels/RSVPViewModel.swift (in target 'AxiloShare' from project 'Axilo')
    cd /Users/alp/Documents/coding/speed_read
    /Applications/Xcode.app/Contents/Developer/Toolchains/XcodeDefault.xctoolchain/usr/bin/swift-frontend -c /Users/alp/Documents/coding/speed_read/SpeedRead/Views/DocumentThumbnail.swift /Users/alp/Documents/coding/speed_read/SpeedRead/Services/PageChunker.swift /Users/alp/Documents/coding/speed_read/SpeedRead/Services/LibraryManager.swift /Users/alp/Documents/coding/speed_read/SpeedRead/Views/HomeView.swift /Users/alp/Documents/coding/speed_read/SpeedRead/Services/DocumentParser.swift /Users/alp/Documents/coding/speed_read/SpeedRead/Services/TextTokenizer.swift /Users/alp/Documents/coding/speed_read/SpeedRead/Services/HTMLHelper.swift /Users/alp/Documents/coding/speed_read/SpeedRead/Services/HeadingDetector.swift /Users/alp/Documents/coding/speed_read/SpeedRead/Resources/SampleText.swift /Users/alp/Documents/coding/speed_read/SpeedRead/Services/WordSearcher.swift /Users/alp/Documents/coding/speed_read/SpeedRead/Services/DOCXParser.swift /Users/alp/Documents/coding/speed_read/SpeedRead/Services/FontMetricsCache.swift /Users/alp/Documents/coding/speed_read/SpeedReadShare/InboxShareViewController.swift /Users/alp/Documents/coding/speed_read/SpeedRead/Services/OrientationManager.swift /Users/alp/Documents/coding/speed_read/SpeedRead/Services/BookSearchService.swift /Users/alp/Documents/coding/speed_read/SpeedRead/Services/EPUBParser.swift /Users/alp/Documents/coding/speed_read/SpeedRead/Services/SettingsManager.swift /Users/alp/Documents/coding/speed_read/SpeedRead/Services/PDFParsingService.swift /Users/alp/Documents/coding/speed_read/SpeedRead/Views/ExploreView.swift /Users/alp/Documents/coding/speed_read/SpeedRead/Services/ThumbnailManager.swift /Users/alp/Documents/coding/speed_read/SpeedRead/Views/LibraryView.swift /Users/alp/Documents/coding/speed_read/SpeedRead/Models/NavigationPoint.swift /Users/alp/Documents/coding/speed_read/SpeedRead/Views/CustomTabBar.swift /Users/alp/Documents/coding/speed_read/SpeedRead/Views/DocumentPicker.swift /Users/alp/Documents/coding/speed_read/SpeedRead/Views/ParagraphView.swift -primary-file /Users/alp/Documents/coding/speed_read/SpeedRead/Views/ContentView.swift -primary-file /Users/alp/Documents/coding/speed_read/SpeedRead/ViewModels/RSVPViewModel.swift -primary-file /Users/alp/Documents/coding/speed_read/SpeedRead/Views/WordSearchView.swift -primary-file /Users/alp/Documents/coding/speed_read/SpeedRead/Views/RSVPView.swift /Users/alp/Documents/coding/speed_read/SpeedRead/Views/SettingsView.swift /Users/alp/Documents/coding/speed_read/SpeedRead/Views/ChapterListView.swift /Users/alp/Documents/coding/speed_read/SpeedRead/Views/WordDisplayView.swift /Users/alp/Documents/coding/speed_read/SpeedRead/Views/VerticalSlider.swift -supplementary-output-file-map /Users/alp/Library/Developer/Xcode/DerivedData/Axilo-ddceprimmkxjtoehwwbzsjlcvxeq/Build/Intermediates.noindex/Axilo.build/Debug-iphoneos/AxiloShare.build/Objects-normal/arm64/supplementaryOutputs-14 -emit-localized-strings -emit-localized-strings-path /Users/alp/Library/Developer/Xcode/DerivedData/Axilo-ddceprimmkxjtoehwwbzsjlcvxeq/Build/Intermediates.noindex/Axilo.build/Debug-iphoneos/AxiloShare.build/Objects-normal/arm64 -target arm64-apple-ios18.2 -Xllvm -aarch64-use-tbi -enable-objc-interop -stack-check -sdk /Applications/Xcode.app/Contents/Developer/Platforms/iPhoneOS.platform/Developer/SDKs/iPhoneOS18.2.sdk -I /Users/alp/Library/Developer/Xcode/DerivedData/Axilo-ddceprimmkxjtoehwwbzsjlcvxeq/Build/Products/Debug-iphoneos -F /Users/alp/Library/Developer/Xcode/DerivedData/Axilo-ddceprimmkxjtoehwwbzsjlcvxeq/Build/Products/Debug-iphoneos/PackageFrameworks -F /Users/alp/Library/Developer/Xcode/DerivedData/Axilo-ddceprimmkxjtoehwwbzsjlcvxeq/Build/Products/Debug-iphoneos -no-color-diagnostics -application-extension -enable-testing -g -debug-info-format\=dwarf -dwarf-version\=5 -module-cache-path /Users/alp/Library/Developer/Xcode/DerivedData/ModuleCache.noindex -swift-version 5 -enforce-exclusivity\=checked -Onone -D DEBUG -serialize-debugging-options -const-gather-protocols-file /Users/alp/Library/Developer/Xcode/DerivedData/Axilo-ddceprimmkxjtoehwwbzsjlcvxeq/Build/Intermediates.noindex/Axilo.build/Debug-iphoneos/AxiloShare.build/Objects-normal/arm64/AxiloShare_const_extract_protocols.json -enable-experimental-feature DebugDescriptionMacro -enable-experimental-feature OpaqueTypeErasure -enable-bare-slash-regex -empty-abi-descriptor -validate-clang-modules-once -clang-build-session-file /Users/alp/Library/Developer/Xcode/DerivedData/ModuleCache.noindex/Session.modulevalidation -Xcc -working-directory -Xcc /Users/alp/Documents/coding/speed_read -resource-dir /Applications/Xcode.app/Contents/Developer/Toolchains/XcodeDefault.xctoolchain/usr/lib/swift -enable-anonymous-context-mangled-names -file-compilation-dir /Users/alp/Documents/coding/speed_read -Xcc -D_LIBCPP_HARDENING_MODE\=_LIBCPP_HARDENING_MODE_DEBUG -Xcc -ivfsstatcache -Xcc /Users/alp/Library/Developer/Xcode/DerivedData/SDKStatCaches.noindex/iphoneos18.2-22C146-d5b9239ec3bf5b3adbecdf21472871e3.sdkstatcache -Xcc -I/Users/alp/Library/Developer/Xcode/DerivedData/Axilo-ddceprimmkxjtoehwwbzsjlcvxeq/Build/Intermediates.noindex/Axilo.build/Debug-iphoneos/AxiloShare.build/swift-overrides.hmap -Xcc -iquote -Xcc /Users/alp/Library/Developer/Xcode/DerivedData/Axilo-ddceprimmkxjtoehwwbzsjlcvxeq/Build/Intermediates.noindex/Axilo.build/Debug-iphoneos/AxiloShare.build/AxiloShare-generated-files.hmap -Xcc -I/Users/alp/Library/Developer/Xcode/DerivedData/Axilo-ddceprimmkxjtoehwwbzsjlcvxeq/Build/Intermediates.noindex/Axilo.build/Debug-iphoneos/AxiloShare.build/AxiloShare-own-target-headers.hmap -Xcc -I/Users/alp/Library/Developer/Xcode/DerivedData/Axilo-ddceprimmkxjtoehwwbzsjlcvxeq/Build/Intermediates.noindex/Axilo.build/Debug-iphoneos/AxiloShare.build/AxiloShare-all-non-framework-target-headers.hmap -Xcc -ivfsoverlay -Xcc /Users/alp/Library/Developer/Xcode/DerivedData/Axilo-ddceprimmkxjtoehwwbzsjlcvxeq/Build/Intermediates.noindex/Axilo.build/Debug-iphoneos/Axilo-e81d69d167653b048501db775bf85700-VFS-iphoneos/all-product-headers.yaml -Xcc -iquote -Xcc /Users/alp/Library/Developer/Xcode/DerivedData/Axilo-ddceprimmkxjtoehwwbzsjlcvxeq/Build/Intermediates.noindex/Axilo.build/Debug-iphoneos/AxiloShare.build/AxiloShare-project-headers.hmap -Xcc -I/Users/alp/Library/Developer/Xcode/DerivedData/Axilo-ddceprimmkxjtoehwwbzsjlcvxeq/Build/Products/Debug-iphoneos/include -Xcc -I/Users/alp/Library/Developer/Xcode/DerivedData/Axilo-ddceprimmkxjtoehwwbzsjlcvxeq/Build/Intermediates.noindex/Axilo.build/Debug-iphoneos/AxiloShare.build/DerivedSources-normal/arm64 -Xcc -I/Users/alp/Library/Developer/Xcode/DerivedData/Axilo-ddceprimmkxjtoehwwbzsjlcvxeq/Build/Intermediates.noindex/Axilo.build/Debug-iphoneos/AxiloShare.build/DerivedSources/arm64 -Xcc -I/Users/alp/Library/Developer/Xcode/DerivedData/Axilo-ddceprimmkxjtoehwwbzsjlcvxeq/Build/Intermediates.noindex/Axilo.build/Debug-iphoneos/AxiloShare.build/DerivedSources -Xcc -DDEBUG\=1 -module-name AxiloShare -frontend-parseable-output -disable-clang-spi -target-sdk-version 18.2 -target-sdk-name iphoneos18.2 -external-plugin-path /Applications/Xcode.app/Contents/Developer/Platforms/iPhoneOS.platform/Developer/usr/lib/swift/host/plugins\#/Applications/Xcode.app/Contents/Developer/Platforms/iPhoneOS.platform/Developer/usr/bin/swift-plugin-server -external-plugin-path /Applications/Xcode.app/Contents/Developer/Platforms/iPhoneOS.platform/Developer/usr/local/lib/swift/host/plugins\#/Applications/Xcode.app/Contents/Developer/Platforms/iPhoneOS.platform/Developer/usr/bin/swift-plugin-server -plugin-path /Applications/Xcode.app/Contents/Developer/Toolchains/XcodeDefault.xctoolchain/usr/lib/swift/host/plugins -plugin-path /Applications/Xcode.app/Contents/Developer/Toolchains/XcodeDefault.xctoolchain/usr/local/lib/swift/host/plugins -o /Users/alp/Library/Developer/Xcode/DerivedData/Axilo-ddceprimmkxjtoehwwbzsjlcvxeq/Build/Intermediates.noindex/Axilo.build/Debug-iphoneos/AxiloShare.build/Objects-normal/arm64/ContentView.o -o /Users/alp/Library/Developer/Xcode/DerivedData/Axilo-ddceprimmkxjtoehwwbzsjlcvxeq/Build/Intermediates.noindex/Axilo.build/Debug-iphoneos/AxiloShare.build/Objects-normal/arm64/RSVPViewModel.o -o /Users/alp/Library/Developer/Xcode/DerivedData/Axilo-ddceprimmkxjtoehwwbzsjlcvxeq/Build/Intermediates.noindex/Axilo.build/Debug-iphoneos/AxiloShare.build/Objects-normal/arm64/WordSearchView.o -o /Users/alp/Library/Developer/Xcode/DerivedData/Axilo-ddceprimmkxjtoehwwbzsjlcvxeq/Build/Intermediates.noindex/Axilo.build/Debug-iphoneos/AxiloShare.build/Objects-normal/arm64/RSVPView.o -index-unit-output-path /Axilo.build/Debug-iphoneos/AxiloShare.build/Objects-normal/arm64/ContentView.o -index-unit-output-path /Axilo.build/Debug-iphoneos/AxiloShare.build/Objects-normal/arm64/RSVPViewModel.o -index-unit-output-path /Axilo.build/Debug-iphoneos/AxiloShare.build/Objects-normal/arm64/WordSearchView.o -index-unit-output-path /Axilo.build/Debug-iphoneos/AxiloShare.build/Objects-normal/arm64/RSVPView.o -index-store-path /Users/alp/Library/Developer/Xcode/DerivedData/Axilo-ddceprimmkxjtoehwwbzsjlcvxeq/Index.noindex/DataStore -index-system-modules

SwiftCompile normal arm64 /Users/alp/Documents/coding/speed_read/SpeedRead/Views/WordSearchView.swift (in target 'AxiloShare' from project 'Axilo')
    cd /Users/alp/Documents/coding/speed_read
    /Applications/Xcode.app/Contents/Developer/Toolchains/XcodeDefault.xctoolchain/usr/bin/swift-frontend -c /Users/alp/Documents/coding/speed_read/SpeedRead/Views/DocumentThumbnail.swift /Users/alp/Documents/coding/speed_read/SpeedRead/Services/PageChunker.swift /Users/alp/Documents/coding/speed_read/SpeedRead/Services/LibraryManager.swift /Users/alp/Documents/coding/speed_read/SpeedRead/Views/HomeView.swift /Users/alp/Documents/coding/speed_read/SpeedRead/Services/DocumentParser.swift /Users/alp/Documents/coding/speed_read/SpeedRead/Services/TextTokenizer.swift /Users/alp/Documents/coding/speed_read/SpeedRead/Services/HTMLHelper.swift /Users/alp/Documents/coding/speed_read/SpeedRead/Services/HeadingDetector.swift /Users/alp/Documents/coding/speed_read/SpeedRead/Resources/SampleText.swift /Users/alp/Documents/coding/speed_read/SpeedRead/Services/WordSearcher.swift /Users/alp/Documents/coding/speed_read/SpeedRead/Services/DOCXParser.swift /Users/alp/Documents/coding/speed_read/SpeedRead/Services/FontMetricsCache.swift /Users/alp/Documents/coding/speed_read/SpeedReadShare/InboxShareViewController.swift /Users/alp/Documents/coding/speed_read/SpeedRead/Services/OrientationManager.swift /Users/alp/Documents/coding/speed_read/SpeedRead/Services/BookSearchService.swift /Users/alp/Documents/coding/speed_read/SpeedRead/Services/EPUBParser.swift /Users/alp/Documents/coding/speed_read/SpeedRead/Services/SettingsManager.swift /Users/alp/Documents/coding/speed_read/SpeedRead/Services/PDFParsingService.swift /Users/alp/Documents/coding/speed_read/SpeedRead/Views/ExploreView.swift /Users/alp/Documents/coding/speed_read/SpeedRead/Services/ThumbnailManager.swift /Users/alp/Documents/coding/speed_read/SpeedRead/Views/LibraryView.swift /Users/alp/Documents/coding/speed_read/SpeedRead/Models/NavigationPoint.swift /Users/alp/Documents/coding/speed_read/SpeedRead/Views/CustomTabBar.swift /Users/alp/Documents/coding/speed_read/SpeedRead/Views/DocumentPicker.swift /Users/alp/Documents/coding/speed_read/SpeedRead/Views/ParagraphView.swift -primary-file /Users/alp/Documents/coding/speed_read/SpeedRead/Views/ContentView.swift -primary-file /Users/alp/Documents/coding/speed_read/SpeedRead/ViewModels/RSVPViewModel.swift -primary-file /Users/alp/Documents/coding/speed_read/SpeedRead/Views/WordSearchView.swift -primary-file /Users/alp/Documents/coding/speed_read/SpeedRead/Views/RSVPView.swift /Users/alp/Documents/coding/speed_read/SpeedRead/Views/SettingsView.swift /Users/alp/Documents/coding/speed_read/SpeedRead/Views/ChapterListView.swift /Users/alp/Documents/coding/speed_read/SpeedRead/Views/WordDisplayView.swift /Users/alp/Documents/coding/speed_read/SpeedRead/Views/VerticalSlider.swift -supplementary-output-file-map /Users/alp/Library/Developer/Xcode/DerivedData/Axilo-ddceprimmkxjtoehwwbzsjlcvxeq/Build/Intermediates.noindex/Axilo.build/Debug-iphoneos/AxiloShare.build/Objects-normal/arm64/supplementaryOutputs-14 -emit-localized-strings -emit-localized-strings-path /Users/alp/Library/Developer/Xcode/DerivedData/Axilo-ddceprimmkxjtoehwwbzsjlcvxeq/Build/Intermediates.noindex/Axilo.build/Debug-iphoneos/AxiloShare.build/Objects-normal/arm64 -target arm64-apple-ios18.2 -Xllvm -aarch64-use-tbi -enable-objc-interop -stack-check -sdk /Applications/Xcode.app/Contents/Developer/Platforms/iPhoneOS.platform/Developer/SDKs/iPhoneOS18.2.sdk -I /Users/alp/Library/Developer/Xcode/DerivedData/Axilo-ddceprimmkxjtoehwwbzsjlcvxeq/Build/Products/Debug-iphoneos -F /Users/alp/Library/Developer/Xcode/DerivedData/Axilo-ddceprimmkxjtoehwwbzsjlcvxeq/Build/Products/Debug-iphoneos/PackageFrameworks -F /Users/alp/Library/Developer/Xcode/DerivedData/Axilo-ddceprimmkxjtoehwwbzsjlcvxeq/Build/Products/Debug-iphoneos -no-color-diagnostics -application-extension -enable-testing -g -debug-info-format\=dwarf -dwarf-version\=5 -module-cache-path /Users/alp/Library/Developer/Xcode/DerivedData/ModuleCache.noindex -swift-version 5 -enforce-exclusivity\=checked -Onone -D DEBUG -serialize-debugging-options -const-gather-protocols-file /Users/alp/Library/Developer/Xcode/DerivedData/Axilo-ddceprimmkxjtoehwwbzsjlcvxeq/Build/Intermediates.noindex/Axilo.build/Debug-iphoneos/AxiloShare.build/Objects-normal/arm64/AxiloShare_const_extract_protocols.json -enable-experimental-feature DebugDescriptionMacro -enable-experimental-feature OpaqueTypeErasure -enable-bare-slash-regex -empty-abi-descriptor -validate-clang-modules-once -clang-build-session-file /Users/alp/Library/Developer/Xcode/DerivedData/ModuleCache.noindex/Session.modulevalidation -Xcc -working-directory -Xcc /Users/alp/Documents/coding/speed_read -resource-dir /Applications/Xcode.app/Contents/Developer/Toolchains/XcodeDefault.xctoolchain/usr/lib/swift -enable-anonymous-context-mangled-names -file-compilation-dir /Users/alp/Documents/coding/speed_read -Xcc -D_LIBCPP_HARDENING_MODE\=_LIBCPP_HARDENING_MODE_DEBUG -Xcc -ivfsstatcache -Xcc /Users/alp/Library/Developer/Xcode/DerivedData/SDKStatCaches.noindex/iphoneos18.2-22C146-d5b9239ec3bf5b3adbecdf21472871e3.sdkstatcache -Xcc -I/Users/alp/Library/Developer/Xcode/DerivedData/Axilo-ddceprimmkxjtoehwwbzsjlcvxeq/Build/Intermediates.noindex/Axilo.build/Debug-iphoneos/AxiloShare.build/swift-overrides.hmap -Xcc -iquote -Xcc /Users/alp/Library/Developer/Xcode/DerivedData/Axilo-ddceprimmkxjtoehwwbzsjlcvxeq/Build/Intermediates.noindex/Axilo.build/Debug-iphoneos/AxiloShare.build/AxiloShare-generated-files.hmap -Xcc -I/Users/alp/Library/Developer/Xcode/DerivedData/Axilo-ddceprimmkxjtoehwwbzsjlcvxeq/Build/Intermediates.noindex/Axilo.build/Debug-iphoneos/AxiloShare.build/AxiloShare-own-target-headers.hmap -Xcc -I/Users/alp/Library/Developer/Xcode/DerivedData/Axilo-ddceprimmkxjtoehwwbzsjlcvxeq/Build/Intermediates.noindex/Axilo.build/Debug-iphoneos/AxiloShare.build/AxiloShare-all-non-framework-target-headers.hmap -Xcc -ivfsoverlay -Xcc /Users/alp/Library/Developer/Xcode/DerivedData/Axilo-ddceprimmkxjtoehwwbzsjlcvxeq/Build/Intermediates.noindex/Axilo.build/Debug-iphoneos/Axilo-e81d69d167653b048501db775bf85700-VFS-iphoneos/all-product-headers.yaml -Xcc -iquote -Xcc /Users/alp/Library/Developer/Xcode/DerivedData/Axilo-ddceprimmkxjtoehwwbzsjlcvxeq/Build/Intermediates.noindex/Axilo.build/Debug-iphoneos/AxiloShare.build/AxiloShare-project-headers.hmap -Xcc -I/Users/alp/Library/Developer/Xcode/DerivedData/Axilo-ddceprimmkxjtoehwwbzsjlcvxeq/Build/Products/Debug-iphoneos/include -Xcc -I/Users/alp/Library/Developer/Xcode/DerivedData/Axilo-ddceprimmkxjtoehwwbzsjlcvxeq/Build/Intermediates.noindex/Axilo.build/Debug-iphoneos/AxiloShare.build/DerivedSources-normal/arm64 -Xcc -I/Users/alp/Library/Developer/Xcode/DerivedData/Axilo-ddceprimmkxjtoehwwbzsjlcvxeq/Build/Intermediates.noindex/Axilo.build/Debug-iphoneos/AxiloShare.build/DerivedSources/arm64 -Xcc -I/Users/alp/Library/Developer/Xcode/DerivedData/Axilo-ddceprimmkxjtoehwwbzsjlcvxeq/Build/Intermediates.noindex/Axilo.build/Debug-iphoneos/AxiloShare.build/DerivedSources -Xcc -DDEBUG\=1 -module-name AxiloShare -frontend-parseable-output -disable-clang-spi -target-sdk-version 18.2 -target-sdk-name iphoneos18.2 -external-plugin-path /Applications/Xcode.app/Contents/Developer/Platforms/iPhoneOS.platform/Developer/usr/lib/swift/host/plugins\#/Applications/Xcode.app/Contents/Developer/Platforms/iPhoneOS.platform/Developer/usr/bin/swift-plugin-server -external-plugin-path /Applications/Xcode.app/Contents/Developer/Platforms/iPhoneOS.platform/Developer/usr/local/lib/swift/host/plugins\#/Applications/Xcode.app/Contents/Developer/Platforms/iPhoneOS.platform/Developer/usr/bin/swift-plugin-server -plugin-path /Applications/Xcode.app/Contents/Developer/Toolchains/XcodeDefault.xctoolchain/usr/lib/swift/host/plugins -plugin-path /Applications/Xcode.app/Contents/Developer/Toolchains/XcodeDefault.xctoolchain/usr/local/lib/swift/host/plugins -o /Users/alp/Library/Developer/Xcode/DerivedData/Axilo-ddceprimmkxjtoehwwbzsjlcvxeq/Build/Intermediates.noindex/Axilo.build/Debug-iphoneos/AxiloShare.build/Objects-normal/arm64/ContentView.o -o /Users/alp/Library/Developer/Xcode/DerivedData/Axilo-ddceprimmkxjtoehwwbzsjlcvxeq/Build/Intermediates.noindex/Axilo.build/Debug-iphoneos/AxiloShare.build/Objects-normal/arm64/RSVPViewModel.o -o /Users/alp/Library/Developer/Xcode/DerivedData/Axilo-ddceprimmkxjtoehwwbzsjlcvxeq/Build/Intermediates.noindex/Axilo.build/Debug-iphoneos/AxiloShare.build/Objects-normal/arm64/WordSearchView.o -o /Users/alp/Library/Developer/Xcode/DerivedData/Axilo-ddceprimmkxjtoehwwbzsjlcvxeq/Build/Intermediates.noindex/Axilo.build/Debug-iphoneos/AxiloShare.build/Objects-normal/arm64/RSVPView.o -index-unit-output-path /Axilo.build/Debug-iphoneos/AxiloShare.build/Objects-normal/arm64/ContentView.o -index-unit-output-path /Axilo.build/Debug-iphoneos/AxiloShare.build/Objects-normal/arm64/RSVPViewModel.o -index-unit-output-path /Axilo.build/Debug-iphoneos/AxiloShare.build/Objects-normal/arm64/WordSearchView.o -index-unit-output-path /Axilo.build/Debug-iphoneos/AxiloShare.build/Objects-normal/arm64/RSVPView.o -index-store-path /Users/alp/Library/Developer/Xcode/DerivedData/Axilo-ddceprimmkxjtoehwwbzsjlcvxeq/Index.noindex/DataStore -index-system-modules

SwiftCompile normal arm64 /Users/alp/Documents/coding/speed_read/SpeedRead/Views/RSVPView.swift (in target 'AxiloShare' from project 'Axilo')
    cd /Users/alp/Documents/coding/speed_read
    /Applications/Xcode.app/Contents/Developer/Toolchains/XcodeDefault.xctoolchain/usr/bin/swift-frontend -c /Users/alp/Documents/coding/speed_read/SpeedRead/Views/DocumentThumbnail.swift /Users/alp/Documents/coding/speed_read/SpeedRead/Services/PageChunker.swift /Users/alp/Documents/coding/speed_read/SpeedRead/Services/LibraryManager.swift /Users/alp/Documents/coding/speed_read/SpeedRead/Views/HomeView.swift /Users/alp/Documents/coding/speed_read/SpeedRead/Services/DocumentParser.swift /Users/alp/Documents/coding/speed_read/SpeedRead/Services/TextTokenizer.swift /Users/alp/Documents/coding/speed_read/SpeedRead/Services/HTMLHelper.swift /Users/alp/Documents/coding/speed_read/SpeedRead/Services/HeadingDetector.swift /Users/alp/Documents/coding/speed_read/SpeedRead/Resources/SampleText.swift /Users/alp/Documents/coding/speed_read/SpeedRead/Services/WordSearcher.swift /Users/alp/Documents/coding/speed_read/SpeedRead/Services/DOCXParser.swift /Users/alp/Documents/coding/speed_read/SpeedRead/Services/FontMetricsCache.swift /Users/alp/Documents/coding/speed_read/SpeedReadShare/InboxShareViewController.swift /Users/alp/Documents/coding/speed_read/SpeedRead/Services/OrientationManager.swift /Users/alp/Documents/coding/speed_read/SpeedRead/Services/BookSearchService.swift /Users/alp/Documents/coding/speed_read/SpeedRead/Services/EPUBParser.swift /Users/alp/Documents/coding/speed_read/SpeedRead/Services/SettingsManager.swift /Users/alp/Documents/coding/speed_read/SpeedRead/Services/PDFParsingService.swift /Users/alp/Documents/coding/speed_read/SpeedRead/Views/ExploreView.swift /Users/alp/Documents/coding/speed_read/SpeedRead/Services/ThumbnailManager.swift /Users/alp/Documents/coding/speed_read/SpeedRead/Views/LibraryView.swift /Users/alp/Documents/coding/speed_read/SpeedRead/Models/NavigationPoint.swift /Users/alp/Documents/coding/speed_read/SpeedRead/Views/CustomTabBar.swift /Users/alp/Documents/coding/speed_read/SpeedRead/Views/DocumentPicker.swift /Users/alp/Documents/coding/speed_read/SpeedRead/Views/ParagraphView.swift -primary-file /Users/alp/Documents/coding/speed_read/SpeedRead/Views/ContentView.swift -primary-file /Users/alp/Documents/coding/speed_read/SpeedRead/ViewModels/RSVPViewModel.swift -primary-file /Users/alp/Documents/coding/speed_read/SpeedRead/Views/WordSearchView.swift -primary-file /Users/alp/Documents/coding/speed_read/SpeedRead/Views/RSVPView.swift /Users/alp/Documents/coding/speed_read/SpeedRead/Views/SettingsView.swift /Users/alp/Documents/coding/speed_read/SpeedRead/Views/ChapterListView.swift /Users/alp/Documents/coding/speed_read/SpeedRead/Views/WordDisplayView.swift /Users/alp/Documents/coding/speed_read/SpeedRead/Views/VerticalSlider.swift -supplementary-output-file-map /Users/alp/Library/Developer/Xcode/DerivedData/Axilo-ddceprimmkxjtoehwwbzsjlcvxeq/Build/Intermediates.noindex/Axilo.build/Debug-iphoneos/AxiloShare.build/Objects-normal/arm64/supplementaryOutputs-14 -emit-localized-strings -emit-localized-strings-path /Users/alp/Library/Developer/Xcode/DerivedData/Axilo-ddceprimmkxjtoehwwbzsjlcvxeq/Build/Intermediates.noindex/Axilo.build/Debug-iphoneos/AxiloShare.build/Objects-normal/arm64 -target arm64-apple-ios18.2 -Xllvm -aarch64-use-tbi -enable-objc-interop -stack-check -sdk /Applications/Xcode.app/Contents/Developer/Platforms/iPhoneOS.platform/Developer/SDKs/iPhoneOS18.2.sdk -I /Users/alp/Library/Developer/Xcode/DerivedData/Axilo-ddceprimmkxjtoehwwbzsjlcvxeq/Build/Products/Debug-iphoneos -F /Users/alp/Library/Developer/Xcode/DerivedData/Axilo-ddceprimmkxjtoehwwbzsjlcvxeq/Build/Products/Debug-iphoneos/PackageFrameworks -F /Users/alp/Library/Developer/Xcode/DerivedData/Axilo-ddceprimmkxjtoehwwbzsjlcvxeq/Build/Products/Debug-iphoneos -no-color-diagnostics -application-extension -enable-testing -g -debug-info-format\=dwarf -dwarf-version\=5 -module-cache-path /Users/alp/Library/Developer/Xcode/DerivedData/ModuleCache.noindex -swift-version 5 -enforce-exclusivity\=checked -Onone -D DEBUG -serialize-debugging-options -const-gather-protocols-file /Users/alp/Library/Developer/Xcode/DerivedData/Axilo-ddceprimmkxjtoehwwbzsjlcvxeq/Build/Intermediates.noindex/Axilo.build/Debug-iphoneos/AxiloShare.build/Objects-normal/arm64/AxiloShare_const_extract_protocols.json -enable-experimental-feature DebugDescriptionMacro -enable-experimental-feature OpaqueTypeErasure -enable-bare-slash-regex -empty-abi-descriptor -validate-clang-modules-once -clang-build-session-file /Users/alp/Library/Developer/Xcode/DerivedData/ModuleCache.noindex/Session.modulevalidation -Xcc -working-directory -Xcc /Users/alp/Documents/coding/speed_read -resource-dir /Applications/Xcode.app/Contents/Developer/Toolchains/XcodeDefault.xctoolchain/usr/lib/swift -enable-anonymous-context-mangled-names -file-compilation-dir /Users/alp/Documents/coding/speed_read -Xcc -D_LIBCPP_HARDENING_MODE\=_LIBCPP_HARDENING_MODE_DEBUG -Xcc -ivfsstatcache -Xcc /Users/alp/Library/Developer/Xcode/DerivedData/SDKStatCaches.noindex/iphoneos18.2-22C146-d5b9239ec3bf5b3adbecdf21472871e3.sdkstatcache -Xcc -I/Users/alp/Library/Developer/Xcode/DerivedData/Axilo-ddceprimmkxjtoehwwbzsjlcvxeq/Build/Intermediates.noindex/Axilo.build/Debug-iphoneos/AxiloShare.build/swift-overrides.hmap -Xcc -iquote -Xcc /Users/alp/Library/Developer/Xcode/DerivedData/Axilo-ddceprimmkxjtoehwwbzsjlcvxeq/Build/Intermediates.noindex/Axilo.build/Debug-iphoneos/AxiloShare.build/AxiloShare-generated-files.hmap -Xcc -I/Users/alp/Library/Developer/Xcode/DerivedData/Axilo-ddceprimmkxjtoehwwbzsjlcvxeq/Build/Intermediates.noindex/Axilo.build/Debug-iphoneos/AxiloShare.build/AxiloShare-own-target-headers.hmap -Xcc -I/Users/alp/Library/Developer/Xcode/DerivedData/Axilo-ddceprimmkxjtoehwwbzsjlcvxeq/Build/Intermediates.noindex/Axilo.build/Debug-iphoneos/AxiloShare.build/AxiloShare-all-non-framework-target-headers.hmap -Xcc -ivfsoverlay -Xcc /Users/alp/Library/Developer/Xcode/DerivedData/Axilo-ddceprimmkxjtoehwwbzsjlcvxeq/Build/Intermediates.noindex/Axilo.build/Debug-iphoneos/Axilo-e81d69d167653b048501db775bf85700-VFS-iphoneos/all-product-headers.yaml -Xcc -iquote -Xcc /Users/alp/Library/Developer/Xcode/DerivedData/Axilo-ddceprimmkxjtoehwwbzsjlcvxeq/Build/Intermediates.noindex/Axilo.build/Debug-iphoneos/AxiloShare.build/AxiloShare-project-headers.hmap -Xcc -I/Users/alp/Library/Developer/Xcode/DerivedData/Axilo-ddceprimmkxjtoehwwbzsjlcvxeq/Build/Products/Debug-iphoneos/include -Xcc -I/Users/alp/Library/Developer/Xcode/DerivedData/Axilo-ddceprimmkxjtoehwwbzsjlcvxeq/Build/Intermediates.noindex/Axilo.build/Debug-iphoneos/AxiloShare.build/DerivedSources-normal/arm64 -Xcc -I/Users/alp/Library/Developer/Xcode/DerivedData/Axilo-ddceprimmkxjtoehwwbzsjlcvxeq/Build/Intermediates.noindex/Axilo.build/Debug-iphoneos/AxiloShare.build/DerivedSources/arm64 -Xcc -I/Users/alp/Library/Developer/Xcode/DerivedData/Axilo-ddceprimmkxjtoehwwbzsjlcvxeq/Build/Intermediates.noindex/Axilo.build/Debug-iphoneos/AxiloShare.build/DerivedSources -Xcc -DDEBUG\=1 -module-name AxiloShare -frontend-parseable-output -disable-clang-spi -target-sdk-version 18.2 -target-sdk-name iphoneos18.2 -external-plugin-path /Applications/Xcode.app/Contents/Developer/Platforms/iPhoneOS.platform/Developer/usr/lib/swift/host/plugins\#/Applications/Xcode.app/Contents/Developer/Platforms/iPhoneOS.platform/Developer/usr/bin/swift-plugin-server -external-plugin-path /Applications/Xcode.app/Contents/Developer/Platforms/iPhoneOS.platform/Developer/usr/local/lib/swift/host/plugins\#/Applications/Xcode.app/Contents/Developer/Platforms/iPhoneOS.platform/Developer/usr/bin/swift-plugin-server -plugin-path /Applications/Xcode.app/Contents/Developer/Toolchains/XcodeDefault.xctoolchain/usr/lib/swift/host/plugins -plugin-path /Applications/Xcode.app/Contents/Developer/Toolchains/XcodeDefault.xctoolchain/usr/local/lib/swift/host/plugins -o /Users/alp/Library/Developer/Xcode/DerivedData/Axilo-ddceprimmkxjtoehwwbzsjlcvxeq/Build/Intermediates.noindex/Axilo.build/Debug-iphoneos/AxiloShare.build/Objects-normal/arm64/ContentView.o -o /Users/alp/Library/Developer/Xcode/DerivedData/Axilo-ddceprimmkxjtoehwwbzsjlcvxeq/Build/Intermediates.noindex/Axilo.build/Debug-iphoneos/AxiloShare.build/Objects-normal/arm64/RSVPViewModel.o -o /Users/alp/Library/Developer/Xcode/DerivedData/Axilo-ddceprimmkxjtoehwwbzsjlcvxeq/Build/Intermediates.noindex/Axilo.build/Debug-iphoneos/AxiloShare.build/Objects-normal/arm64/WordSearchView.o -o /Users/alp/Library/Developer/Xcode/DerivedData/Axilo-ddceprimmkxjtoehwwbzsjlcvxeq/Build/Intermediates.noindex/Axilo.build/Debug-iphoneos/AxiloShare.build/Objects-normal/arm64/RSVPView.o -index-unit-output-path /Axilo.build/Debug-iphoneos/AxiloShare.build/Objects-normal/arm64/ContentView.o -index-unit-output-path /Axilo.build/Debug-iphoneos/AxiloShare.build/Objects-normal/arm64/RSVPViewModel.o -index-unit-output-path /Axilo.build/Debug-iphoneos/AxiloShare.build/Objects-normal/arm64/WordSearchView.o -index-unit-output-path /Axilo.build/Debug-iphoneos/AxiloShare.build/Objects-normal/arm64/RSVPView.o -index-store-path /Users/alp/Library/Developer/Xcode/DerivedData/Axilo-ddceprimmkxjtoehwwbzsjlcvxeq/Index.noindex/DataStore -index-system-modules

SwiftCompile normal arm64 Compiling\ WordSearcher.swift,\ DOCXParser.swift,\ FontMetricsCache.swift,\ InboxShareViewController.swift /Users/alp/Documents/coding/speed_read/SpeedRead/Services/WordSearcher.swift /Users/alp/Documents/coding/speed_read/SpeedRead/Services/DOCXParser.swift /Users/alp/Documents/coding/speed_read/SpeedRead/Services/FontMetricsCache.swift /Users/alp/Documents/coding/speed_read/SpeedReadShare/InboxShareViewController.swift (in target 'AxiloShare' from project 'Axilo')
    cd /Users/alp/Documents/coding/speed_read
    builtin-swiftTaskExecution -- /Applications/Xcode.app/Contents/Developer/Toolchains/XcodeDefault.xctoolchain/usr/bin/swift-frontend -frontend -c /Users/alp/Documents/coding/speed_read/SpeedRead/Views/DocumentThumbnail.swift /Users/alp/Documents/coding/speed_read/SpeedRead/Services/PageChunker.swift /Users/alp/Documents/coding/speed_read/SpeedRead/Services/LibraryManager.swift /Users/alp/Documents/coding/speed_read/SpeedRead/Views/HomeView.swift /Users/alp/Documents/coding/speed_read/SpeedRead/Services/DocumentParser.swift /Users/alp/Documents/coding/speed_read/SpeedRead/Services/TextTokenizer.swift /Users/alp/Documents/coding/speed_read/SpeedRead/Services/HTMLHelper.swift /Users/alp/Documents/coding/speed_read/SpeedRead/Services/HeadingDetector.swift /Users/alp/Documents/coding/speed_read/SpeedRead/Resources/SampleText.swift -primary-file /Users/alp/Documents/coding/speed_read/SpeedRead/Services/WordSearcher.swift -primary-file /Users/alp/Documents/coding/speed_read/SpeedRead/Services/DOCXParser.swift -primary-file /Users/alp/Documents/coding/speed_read/SpeedRead/Services/FontMetricsCache.swift -primary-file /Users/alp/Documents/coding/speed_read/SpeedReadShare/InboxShareViewController.swift /Users/alp/Documents/coding/speed_read/SpeedRead/Services/OrientationManager.swift /Users/alp/Documents/coding/speed_read/SpeedRead/Services/BookSearchService.swift /Users/alp/Documents/coding/speed_read/SpeedRead/Services/EPUBParser.swift /Users/alp/Documents/coding/speed_read/SpeedRead/Services/SettingsManager.swift /Users/alp/Documents/coding/speed_read/SpeedRead/Services/PDFParsingService.swift /Users/alp/Documents/coding/speed_read/SpeedRead/Views/ExploreView.swift /Users/alp/Documents/coding/speed_read/SpeedRead/Services/ThumbnailManager.swift /Users/alp/Documents/coding/speed_read/SpeedRead/Views/LibraryView.swift /Users/alp/Documents/coding/speed_read/SpeedRead/Models/NavigationPoint.swift /Users/alp/Documents/coding/speed_read/SpeedRead/Views/CustomTabBar.swift /Users/alp/Documents/coding/speed_read/SpeedRead/Views/DocumentPicker.swift /Users/alp/Documents/coding/speed_read/SpeedRead/Views/ParagraphView.swift /Users/alp/Documents/coding/speed_read/SpeedRead/Views/ContentView.swift /Users/alp/Documents/coding/speed_read/SpeedRead/ViewModels/RSVPViewModel.swift /Users/alp/Documents/coding/speed_read/SpeedRead/Views/WordSearchView.swift /Users/alp/Documents/coding/speed_read/SpeedRead/Views/RSVPView.swift /Users/alp/Documents/coding/speed_read/SpeedRead/Views/SettingsView.swift /Users/alp/Documents/coding/speed_read/SpeedRead/Views/ChapterListView.swift /Users/alp/Documents/coding/speed_read/SpeedRead/Views/WordDisplayView.swift /Users/alp/Documents/coding/speed_read/SpeedRead/Views/VerticalSlider.swift -supplementary-output-file-map /Users/alp/Library/Developer/Xcode/DerivedData/Axilo-ddceprimmkxjtoehwwbzsjlcvxeq/Build/Intermediates.noindex/Axilo.build/Debug-iphoneos/AxiloShare.build/Objects-normal/arm64/supplementaryOutputs-6 -emit-localized-strings -emit-localized-strings-path /Users/alp/Library/Developer/Xcode/DerivedData/Axilo-ddceprimmkxjtoehwwbzsjlcvxeq/Build/Intermediates.noindex/Axilo.build/Debug-iphoneos/AxiloShare.build/Objects-normal/arm64 -target arm64-apple-ios18.2 -Xllvm -aarch64-use-tbi -enable-objc-interop -stack-check -sdk /Applications/Xcode.app/Contents/Developer/Platforms/iPhoneOS.platform/Developer/SDKs/iPhoneOS18.2.sdk -I /Users/alp/Library/Developer/Xcode/DerivedData/Axilo-ddceprimmkxjtoehwwbzsjlcvxeq/Build/Products/Debug-iphoneos -F /Users/alp/Library/Developer/Xcode/DerivedData/Axilo-ddceprimmkxjtoehwwbzsjlcvxeq/Build/Products/Debug-iphoneos/PackageFrameworks -F /Users/alp/Library/Developer/Xcode/DerivedData/Axilo-ddceprimmkxjtoehwwbzsjlcvxeq/Build/Products/Debug-iphoneos -no-color-diagnostics -application-extension -enable-testing -g -debug-info-format\=dwarf -dwarf-version\=5 -module-cache-path /Users/alp/Library/Developer/Xcode/DerivedData/ModuleCache.noindex -swift-version 5 -enforce-exclusivity\=checked -Onone -D DEBUG -serialize-debugging-options -const-gather-protocols-file /Users/alp/Library/Developer/Xcode/DerivedData/Axilo-ddceprimmkxjtoehwwbzsjlcvxeq/Build/Intermediates.noindex/Axilo.build/Debug-iphoneos/AxiloShare.build/Objects-normal/arm64/AxiloShare_const_extract_protocols.json -enable-experimental-feature DebugDescriptionMacro -enable-experimental-feature OpaqueTypeErasure -enable-bare-slash-regex -empty-abi-descriptor -validate-clang-modules-once -clang-build-session-file /Users/alp/Library/Developer/Xcode/DerivedData/ModuleCache.noindex/Session.modulevalidation -Xcc -working-directory -Xcc /Users/alp/Documents/coding/speed_read -resource-dir /Applications/Xcode.app/Contents/Developer/Toolchains/XcodeDefault.xctoolchain/usr/lib/swift -enable-anonymous-context-mangled-names -file-compilation-dir /Users/alp/Documents/coding/speed_read -Xcc -D_LIBCPP_HARDENING_MODE\=_LIBCPP_HARDENING_MODE_DEBUG -Xcc -ivfsstatcache -Xcc /Users/alp/Library/Developer/Xcode/DerivedData/SDKStatCaches.noindex/iphoneos18.2-22C146-d5b9239ec3bf5b3adbecdf21472871e3.sdkstatcache -Xcc -I/Users/alp/Library/Developer/Xcode/DerivedData/Axilo-ddceprimmkxjtoehwwbzsjlcvxeq/Build/Intermediates.noindex/Axilo.build/Debug-iphoneos/AxiloShare.build/swift-overrides.hmap -Xcc -iquote -Xcc /Users/alp/Library/Developer/Xcode/DerivedData/Axilo-ddceprimmkxjtoehwwbzsjlcvxeq/Build/Intermediates.noindex/Axilo.build/Debug-iphoneos/AxiloShare.build/AxiloShare-generated-files.hmap -Xcc -I/Users/alp/Library/Developer/Xcode/DerivedData/Axilo-ddceprimmkxjtoehwwbzsjlcvxeq/Build/Intermediates.noindex/Axilo.build/Debug-iphoneos/AxiloShare.build/AxiloShare-own-target-headers.hmap -Xcc -I/Users/alp/Library/Developer/Xcode/DerivedData/Axilo-ddceprimmkxjtoehwwbzsjlcvxeq/Build/Intermediates.noindex/Axilo.build/Debug-iphoneos/AxiloShare.build/AxiloShare-all-non-framework-target-headers.hmap -Xcc -ivfsoverlay -Xcc /Users/alp/Library/Developer/Xcode/DerivedData/Axilo-ddceprimmkxjtoehwwbzsjlcvxeq/Build/Intermediates.noindex/Axilo.build/Debug-iphoneos/Axilo-e81d69d167653b048501db775bf85700-VFS-iphoneos/all-product-headers.yaml -Xcc -iquote -Xcc /Users/alp/Library/Developer/Xcode/DerivedData/Axilo-ddceprimmkxjtoehwwbzsjlcvxeq/Build/Intermediates.noindex/Axilo.build/Debug-iphoneos/AxiloShare.build/AxiloShare-project-headers.hmap -Xcc -I/Users/alp/Library/Developer/Xcode/DerivedData/Axilo-ddceprimmkxjtoehwwbzsjlcvxeq/Build/Products/Debug-iphoneos/include -Xcc -I/Users/alp/Library/Developer/Xcode/DerivedData/Axilo-ddceprimmkxjtoehwwbzsjlcvxeq/Build/Intermediates.noindex/Axilo.build/Debug-iphoneos/AxiloShare.build/DerivedSources-normal/arm64 -Xcc -I/Users/alp/Library/Developer/Xcode/DerivedData/Axilo-ddceprimmkxjtoehwwbzsjlcvxeq/Build/Intermediates.noindex/Axilo.build/Debug-iphoneos/AxiloShare.build/DerivedSources/arm64 -Xcc -I/Users/alp/Library/Developer/Xcode/DerivedData/Axilo-ddceprimmkxjtoehwwbzsjlcvxeq/Build/Intermediates.noindex/Axilo.build/Debug-iphoneos/AxiloShare.build/DerivedSources -Xcc -DDEBUG\=1 -module-name AxiloShare -frontend-parseable-output -disable-clang-spi -target-sdk-version 18.2 -target-sdk-name iphoneos18.2 -external-plugin-path /Applications/Xcode.app/Contents/Developer/Platforms/iPhoneOS.platform/Developer/usr/lib/swift/host/plugins\#/Applications/Xcode.app/Contents/Developer/Platforms/iPhoneOS.platform/Developer/usr/bin/swift-plugin-server -external-plugin-path /Applications/Xcode.app/Contents/Developer/Platforms/iPhoneOS.platform/Developer/usr/local/lib/swift/host/plugins\#/Applications/Xcode.app/Contents/Developer/Platforms/iPhoneOS.platform/Developer/usr/bin/swift-plugin-server -plugin-path /Applications/Xcode.app/Contents/Developer/Toolchains/XcodeDefault.xctoolchain/usr/lib/swift/host/plugins -plugin-path /Applications/Xcode.app/Contents/Developer/Toolchains/XcodeDefault.xctoolchain/usr/local/lib/swift/host/plugins -o /Users/alp/Library/Developer/Xcode/DerivedData/Axilo-ddceprimmkxjtoehwwbzsjlcvxeq/Build/Intermediates.noindex/Axilo.build/Debug-iphoneos/AxiloShare.build/Objects-normal/arm64/WordSearcher.o -o /Users/alp/Library/Developer/Xcode/DerivedData/Axilo-ddceprimmkxjtoehwwbzsjlcvxeq/Build/Intermediates.noindex/Axilo.build/Debug-iphoneos/AxiloShare.build/Objects-normal/arm64/DOCXParser.o -o /Users/alp/Library/Developer/Xcode/DerivedData/Axilo-ddceprimmkxjtoehwwbzsjlcvxeq/Build/Intermediates.noindex/Axilo.build/Debug-iphoneos/AxiloShare.build/Objects-normal/arm64/FontMetricsCache.o -o /Users/alp/Library/Developer/Xcode/DerivedData/Axilo-ddceprimmkxjtoehwwbzsjlcvxeq/Build/Intermediates.noindex/Axilo.build/Debug-iphoneos/AxiloShare.build/Objects-normal/arm64/InboxShareViewController.o -index-unit-output-path /Axilo.build/Debug-iphoneos/AxiloShare.build/Objects-normal/arm64/WordSearcher.o -index-unit-output-path /Axilo.build/Debug-iphoneos/AxiloShare.build/Objects-normal/arm64/DOCXParser.o -index-unit-output-path /Axilo.build/Debug-iphoneos/AxiloShare.build/Objects-normal/arm64/FontMetricsCache.o -index-unit-output-path /Axilo.build/Debug-iphoneos/AxiloShare.build/Objects-normal/arm64/InboxShareViewController.o -index-store-path /Users/alp/Library/Developer/Xcode/DerivedData/Axilo-ddceprimmkxjtoehwwbzsjlcvxeq/Index.noindex/DataStore -index-system-modules

SwiftCompile normal arm64 /Users/alp/Documents/coding/speed_read/SpeedRead/Services/WordSearcher.swift (in target 'AxiloShare' from project 'Axilo')
    cd /Users/alp/Documents/coding/speed_read
    /Applications/Xcode.app/Contents/Developer/Toolchains/XcodeDefault.xctoolchain/usr/bin/swift-frontend -c /Users/alp/Documents/coding/speed_read/SpeedRead/Views/DocumentThumbnail.swift /Users/alp/Documents/coding/speed_read/SpeedRead/Services/PageChunker.swift /Users/alp/Documents/coding/speed_read/SpeedRead/Services/LibraryManager.swift /Users/alp/Documents/coding/speed_read/SpeedRead/Views/HomeView.swift /Users/alp/Documents/coding/speed_read/SpeedRead/Services/DocumentParser.swift /Users/alp/Documents/coding/speed_read/SpeedRead/Services/TextTokenizer.swift /Users/alp/Documents/coding/speed_read/SpeedRead/Services/HTMLHelper.swift /Users/alp/Documents/coding/speed_read/SpeedRead/Services/HeadingDetector.swift /Users/alp/Documents/coding/speed_read/SpeedRead/Resources/SampleText.swift -primary-file /Users/alp/Documents/coding/speed_read/SpeedRead/Services/WordSearcher.swift -primary-file /Users/alp/Documents/coding/speed_read/SpeedRead/Services/DOCXParser.swift -primary-file /Users/alp/Documents/coding/speed_read/SpeedRead/Services/FontMetricsCache.swift -primary-file /Users/alp/Documents/coding/speed_read/SpeedReadShare/InboxShareViewController.swift /Users/alp/Documents/coding/speed_read/SpeedRead/Services/OrientationManager.swift /Users/alp/Documents/coding/speed_read/SpeedRead/Services/BookSearchService.swift /Users/alp/Documents/coding/speed_read/SpeedRead/Services/EPUBParser.swift /Users/alp/Documents/coding/speed_read/SpeedRead/Services/SettingsManager.swift /Users/alp/Documents/coding/speed_read/SpeedRead/Services/PDFParsingService.swift /Users/alp/Documents/coding/speed_read/SpeedRead/Views/ExploreView.swift /Users/alp/Documents/coding/speed_read/SpeedRead/Services/ThumbnailManager.swift /Users/alp/Documents/coding/speed_read/SpeedRead/Views/LibraryView.swift /Users/alp/Documents/coding/speed_read/SpeedRead/Models/NavigationPoint.swift /Users/alp/Documents/coding/speed_read/SpeedRead/Views/CustomTabBar.swift /Users/alp/Documents/coding/speed_read/SpeedRead/Views/DocumentPicker.swift /Users/alp/Documents/coding/speed_read/SpeedRead/Views/ParagraphView.swift /Users/alp/Documents/coding/speed_read/SpeedRead/Views/ContentView.swift /Users/alp/Documents/coding/speed_read/SpeedRead/ViewModels/RSVPViewModel.swift /Users/alp/Documents/coding/speed_read/SpeedRead/Views/WordSearchView.swift /Users/alp/Documents/coding/speed_read/SpeedRead/Views/RSVPView.swift /Users/alp/Documents/coding/speed_read/SpeedRead/Views/SettingsView.swift /Users/alp/Documents/coding/speed_read/SpeedRead/Views/ChapterListView.swift /Users/alp/Documents/coding/speed_read/SpeedRead/Views/WordDisplayView.swift /Users/alp/Documents/coding/speed_read/SpeedRead/Views/VerticalSlider.swift -supplementary-output-file-map /Users/alp/Library/Developer/Xcode/DerivedData/Axilo-ddceprimmkxjtoehwwbzsjlcvxeq/Build/Intermediates.noindex/Axilo.build/Debug-iphoneos/AxiloShare.build/Objects-normal/arm64/supplementaryOutputs-6 -emit-localized-strings -emit-localized-strings-path /Users/alp/Library/Developer/Xcode/DerivedData/Axilo-ddceprimmkxjtoehwwbzsjlcvxeq/Build/Intermediates.noindex/Axilo.build/Debug-iphoneos/AxiloShare.build/Objects-normal/arm64 -target arm64-apple-ios18.2 -Xllvm -aarch64-use-tbi -enable-objc-interop -stack-check -sdk /Applications/Xcode.app/Contents/Developer/Platforms/iPhoneOS.platform/Developer/SDKs/iPhoneOS18.2.sdk -I /Users/alp/Library/Developer/Xcode/DerivedData/Axilo-ddceprimmkxjtoehwwbzsjlcvxeq/Build/Products/Debug-iphoneos -F /Users/alp/Library/Developer/Xcode/DerivedData/Axilo-ddceprimmkxjtoehwwbzsjlcvxeq/Build/Products/Debug-iphoneos/PackageFrameworks -F /Users/alp/Library/Developer/Xcode/DerivedData/Axilo-ddceprimmkxjtoehwwbzsjlcvxeq/Build/Products/Debug-iphoneos -no-color-diagnostics -application-extension -enable-testing -g -debug-info-format\=dwarf -dwarf-version\=5 -module-cache-path /Users/alp/Library/Developer/Xcode/DerivedData/ModuleCache.noindex -swift-version 5 -enforce-exclusivity\=checked -Onone -D DEBUG -serialize-debugging-options -const-gather-protocols-file /Users/alp/Library/Developer/Xcode/DerivedData/Axilo-ddceprimmkxjtoehwwbzsjlcvxeq/Build/Intermediates.noindex/Axilo.build/Debug-iphoneos/AxiloShare.build/Objects-normal/arm64/AxiloShare_const_extract_protocols.json -enable-experimental-feature DebugDescriptionMacro -enable-experimental-feature OpaqueTypeErasure -enable-bare-slash-regex -empty-abi-descriptor -validate-clang-modules-once -clang-build-session-file /Users/alp/Library/Developer/Xcode/DerivedData/ModuleCache.noindex/Session.modulevalidation -Xcc -working-directory -Xcc /Users/alp/Documents/coding/speed_read -resource-dir /Applications/Xcode.app/Contents/Developer/Toolchains/XcodeDefault.xctoolchain/usr/lib/swift -enable-anonymous-context-mangled-names -file-compilation-dir /Users/alp/Documents/coding/speed_read -Xcc -D_LIBCPP_HARDENING_MODE\=_LIBCPP_HARDENING_MODE_DEBUG -Xcc -ivfsstatcache -Xcc /Users/alp/Library/Developer/Xcode/DerivedData/SDKStatCaches.noindex/iphoneos18.2-22C146-d5b9239ec3bf5b3adbecdf21472871e3.sdkstatcache -Xcc -I/Users/alp/Library/Developer/Xcode/DerivedData/Axilo-ddceprimmkxjtoehwwbzsjlcvxeq/Build/Intermediates.noindex/Axilo.build/Debug-iphoneos/AxiloShare.build/swift-overrides.hmap -Xcc -iquote -Xcc /Users/alp/Library/Developer/Xcode/DerivedData/Axilo-ddceprimmkxjtoehwwbzsjlcvxeq/Build/Intermediates.noindex/Axilo.build/Debug-iphoneos/AxiloShare.build/AxiloShare-generated-files.hmap -Xcc -I/Users/alp/Library/Developer/Xcode/DerivedData/Axilo-ddceprimmkxjtoehwwbzsjlcvxeq/Build/Intermediates.noindex/Axilo.build/Debug-iphoneos/AxiloShare.build/AxiloShare-own-target-headers.hmap -Xcc -I/Users/alp/Library/Developer/Xcode/DerivedData/Axilo-ddceprimmkxjtoehwwbzsjlcvxeq/Build/Intermediates.noindex/Axilo.build/Debug-iphoneos/AxiloShare.build/AxiloShare-all-non-framework-target-headers.hmap -Xcc -ivfsoverlay -Xcc /Users/alp/Library/Developer/Xcode/DerivedData/Axilo-ddceprimmkxjtoehwwbzsjlcvxeq/Build/Intermediates.noindex/Axilo.build/Debug-iphoneos/Axilo-e81d69d167653b048501db775bf85700-VFS-iphoneos/all-product-headers.yaml -Xcc -iquote -Xcc /Users/alp/Library/Developer/Xcode/DerivedData/Axilo-ddceprimmkxjtoehwwbzsjlcvxeq/Build/Intermediates.noindex/Axilo.build/Debug-iphoneos/AxiloShare.build/AxiloShare-project-headers.hmap -Xcc -I/Users/alp/Library/Developer/Xcode/DerivedData/Axilo-ddceprimmkxjtoehwwbzsjlcvxeq/Build/Products/Debug-iphoneos/include -Xcc -I/Users/alp/Library/Developer/Xcode/DerivedData/Axilo-ddceprimmkxjtoehwwbzsjlcvxeq/Build/Intermediates.noindex/Axilo.build/Debug-iphoneos/AxiloShare.build/DerivedSources-normal/arm64 -Xcc -I/Users/alp/Library/Developer/Xcode/DerivedData/Axilo-ddceprimmkxjtoehwwbzsjlcvxeq/Build/Intermediates.noindex/Axilo.build/Debug-iphoneos/AxiloShare.build/DerivedSources/arm64 -Xcc -I/Users/alp/Library/Developer/Xcode/DerivedData/Axilo-ddceprimmkxjtoehwwbzsjlcvxeq/Build/Intermediates.noindex/Axilo.build/Debug-iphoneos/AxiloShare.build/DerivedSources -Xcc -DDEBUG\=1 -module-name AxiloShare -frontend-parseable-output -disable-clang-spi -target-sdk-version 18.2 -target-sdk-name iphoneos18.2 -external-plugin-path /Applications/Xcode.app/Contents/Developer/Platforms/iPhoneOS.platform/Developer/usr/lib/swift/host/plugins\#/Applications/Xcode.app/Contents/Developer/Platforms/iPhoneOS.platform/Developer/usr/bin/swift-plugin-server -external-plugin-path /Applications/Xcode.app/Contents/Developer/Platforms/iPhoneOS.platform/Developer/usr/local/lib/swift/host/plugins\#/Applications/Xcode.app/Contents/Developer/Platforms/iPhoneOS.platform/Developer/usr/bin/swift-plugin-server -plugin-path /Applications/Xcode.app/Contents/Developer/Toolchains/XcodeDefault.xctoolchain/usr/lib/swift/host/plugins -plugin-path /Applications/Xcode.app/Contents/Developer/Toolchains/XcodeDefault.xctoolchain/usr/local/lib/swift/host/plugins -o /Users/alp/Library/Developer/Xcode/DerivedData/Axilo-ddceprimmkxjtoehwwbzsjlcvxeq/Build/Intermediates.noindex/Axilo.build/Debug-iphoneos/AxiloShare.build/Objects-normal/arm64/WordSearcher.o -o /Users/alp/Library/Developer/Xcode/DerivedData/Axilo-ddceprimmkxjtoehwwbzsjlcvxeq/Build/Intermediates.noindex/Axilo.build/Debug-iphoneos/AxiloShare.build/Objects-normal/arm64/DOCXParser.o -o /Users/alp/Library/Developer/Xcode/DerivedData/Axilo-ddceprimmkxjtoehwwbzsjlcvxeq/Build/Intermediates.noindex/Axilo.build/Debug-iphoneos/AxiloShare.build/Objects-normal/arm64/FontMetricsCache.o -o /Users/alp/Library/Developer/Xcode/DerivedData/Axilo-ddceprimmkxjtoehwwbzsjlcvxeq/Build/Intermediates.noindex/Axilo.build/Debug-iphoneos/AxiloShare.build/Objects-normal/arm64/InboxShareViewController.o -index-unit-output-path /Axilo.build/Debug-iphoneos/AxiloShare.build/Objects-normal/arm64/WordSearcher.o -index-unit-output-path /Axilo.build/Debug-iphoneos/AxiloShare.build/Objects-normal/arm64/DOCXParser.o -index-unit-output-path /Axilo.build/Debug-iphoneos/AxiloShare.build/Objects-normal/arm64/FontMetricsCache.o -index-unit-output-path /Axilo.build/Debug-iphoneos/AxiloShare.build/Objects-normal/arm64/InboxShareViewController.o -index-store-path /Users/alp/Library/Developer/Xcode/DerivedData/Axilo-ddceprimmkxjtoehwwbzsjlcvxeq/Index.noindex/DataStore -index-system-modules
/Users/alp/Documents/coding/speed_read/SpeedRead/Views/SettingsView.swift:78:1: error: extraneous '}' at top level
}
^

SwiftCompile normal arm64 /Users/alp/Documents/coding/speed_read/SpeedRead/Services/DOCXParser.swift (in target 'AxiloShare' from project 'Axilo')
    cd /Users/alp/Documents/coding/speed_read
    /Applications/Xcode.app/Contents/Developer/Toolchains/XcodeDefault.xctoolchain/usr/bin/swift-frontend -c /Users/alp/Documents/coding/speed_read/SpeedRead/Views/DocumentThumbnail.swift /Users/alp/Documents/coding/speed_read/SpeedRead/Services/PageChunker.swift /Users/alp/Documents/coding/speed_read/SpeedRead/Services/LibraryManager.swift /Users/alp/Documents/coding/speed_read/SpeedRead/Views/HomeView.swift /Users/alp/Documents/coding/speed_read/SpeedRead/Services/DocumentParser.swift /Users/alp/Documents/coding/speed_read/SpeedRead/Services/TextTokenizer.swift /Users/alp/Documents/coding/speed_read/SpeedRead/Services/HTMLHelper.swift /Users/alp/Documents/coding/speed_read/SpeedRead/Services/HeadingDetector.swift /Users/alp/Documents/coding/speed_read/SpeedRead/Resources/SampleText.swift -primary-file /Users/alp/Documents/coding/speed_read/SpeedRead/Services/WordSearcher.swift -primary-file /Users/alp/Documents/coding/speed_read/SpeedRead/Services/DOCXParser.swift -primary-file /Users/alp/Documents/coding/speed_read/SpeedRead/Services/FontMetricsCache.swift -primary-file /Users/alp/Documents/coding/speed_read/SpeedReadShare/InboxShareViewController.swift /Users/alp/Documents/coding/speed_read/SpeedRead/Services/OrientationManager.swift /Users/alp/Documents/coding/speed_read/SpeedRead/Services/BookSearchService.swift /Users/alp/Documents/coding/speed_read/SpeedRead/Services/EPUBParser.swift /Users/alp/Documents/coding/speed_read/SpeedRead/Services/SettingsManager.swift /Users/alp/Documents/coding/speed_read/SpeedRead/Services/PDFParsingService.swift /Users/alp/Documents/coding/speed_read/SpeedRead/Views/ExploreView.swift /Users/alp/Documents/coding/speed_read/SpeedRead/Services/ThumbnailManager.swift /Users/alp/Documents/coding/speed_read/SpeedRead/Views/LibraryView.swift /Users/alp/Documents/coding/speed_read/SpeedRead/Models/NavigationPoint.swift /Users/alp/Documents/coding/speed_read/SpeedRead/Views/CustomTabBar.swift /Users/alp/Documents/coding/speed_read/SpeedRead/Views/DocumentPicker.swift /Users/alp/Documents/coding/speed_read/SpeedRead/Views/ParagraphView.swift /Users/alp/Documents/coding/speed_read/SpeedRead/Views/ContentView.swift /Users/alp/Documents/coding/speed_read/SpeedRead/ViewModels/RSVPViewModel.swift /Users/alp/Documents/coding/speed_read/SpeedRead/Views/WordSearchView.swift /Users/alp/Documents/coding/speed_read/SpeedRead/Views/RSVPView.swift /Users/alp/Documents/coding/speed_read/SpeedRead/Views/SettingsView.swift /Users/alp/Documents/coding/speed_read/SpeedRead/Views/ChapterListView.swift /Users/alp/Documents/coding/speed_read/SpeedRead/Views/WordDisplayView.swift /Users/alp/Documents/coding/speed_read/SpeedRead/Views/VerticalSlider.swift -supplementary-output-file-map /Users/alp/Library/Developer/Xcode/DerivedData/Axilo-ddceprimmkxjtoehwwbzsjlcvxeq/Build/Intermediates.noindex/Axilo.build/Debug-iphoneos/AxiloShare.build/Objects-normal/arm64/supplementaryOutputs-6 -emit-localized-strings -emit-localized-strings-path /Users/alp/Library/Developer/Xcode/DerivedData/Axilo-ddceprimmkxjtoehwwbzsjlcvxeq/Build/Intermediates.noindex/Axilo.build/Debug-iphoneos/AxiloShare.build/Objects-normal/arm64 -target arm64-apple-ios18.2 -Xllvm -aarch64-use-tbi -enable-objc-interop -stack-check -sdk /Applications/Xcode.app/Contents/Developer/Platforms/iPhoneOS.platform/Developer/SDKs/iPhoneOS18.2.sdk -I /Users/alp/Library/Developer/Xcode/DerivedData/Axilo-ddceprimmkxjtoehwwbzsjlcvxeq/Build/Products/Debug-iphoneos -F /Users/alp/Library/Developer/Xcode/DerivedData/Axilo-ddceprimmkxjtoehwwbzsjlcvxeq/Build/Products/Debug-iphoneos/PackageFrameworks -F /Users/alp/Library/Developer/Xcode/DerivedData/Axilo-ddceprimmkxjtoehwwbzsjlcvxeq/Build/Products/Debug-iphoneos -no-color-diagnostics -application-extension -enable-testing -g -debug-info-format\=dwarf -dwarf-version\=5 -module-cache-path /Users/alp/Library/Developer/Xcode/DerivedData/ModuleCache.noindex -swift-version 5 -enforce-exclusivity\=checked -Onone -D DEBUG -serialize-debugging-options -const-gather-protocols-file /Users/alp/Library/Developer/Xcode/DerivedData/Axilo-ddceprimmkxjtoehwwbzsjlcvxeq/Build/Intermediates.noindex/Axilo.build/Debug-iphoneos/AxiloShare.build/Objects-normal/arm64/AxiloShare_const_extract_protocols.json -enable-experimental-feature DebugDescriptionMacro -enable-experimental-feature OpaqueTypeErasure -enable-bare-slash-regex -empty-abi-descriptor -validate-clang-modules-once -clang-build-session-file /Users/alp/Library/Developer/Xcode/DerivedData/ModuleCache.noindex/Session.modulevalidation -Xcc -working-directory -Xcc /Users/alp/Documents/coding/speed_read -resource-dir /Applications/Xcode.app/Contents/Developer/Toolchains/XcodeDefault.xctoolchain/usr/lib/swift -enable-anonymous-context-mangled-names -file-compilation-dir /Users/alp/Documents/coding/speed_read -Xcc -D_LIBCPP_HARDENING_MODE\=_LIBCPP_HARDENING_MODE_DEBUG -Xcc -ivfsstatcache -Xcc /Users/alp/Library/Developer/Xcode/DerivedData/SDKStatCaches.noindex/iphoneos18.2-22C146-d5b9239ec3bf5b3adbecdf21472871e3.sdkstatcache -Xcc -I/Users/alp/Library/Developer/Xcode/DerivedData/Axilo-ddceprimmkxjtoehwwbzsjlcvxeq/Build/Intermediates.noindex/Axilo.build/Debug-iphoneos/AxiloShare.build/swift-overrides.hmap -Xcc -iquote -Xcc /Users/alp/Library/Developer/Xcode/DerivedData/Axilo-ddceprimmkxjtoehwwbzsjlcvxeq/Build/Intermediates.noindex/Axilo.build/Debug-iphoneos/AxiloShare.build/AxiloShare-generated-files.hmap -Xcc -I/Users/alp/Library/Developer/Xcode/DerivedData/Axilo-ddceprimmkxjtoehwwbzsjlcvxeq/Build/Intermediates.noindex/Axilo.build/Debug-iphoneos/AxiloShare.build/AxiloShare-own-target-headers.hmap -Xcc -I/Users/alp/Library/Developer/Xcode/DerivedData/Axilo-ddceprimmkxjtoehwwbzsjlcvxeq/Build/Intermediates.noindex/Axilo.build/Debug-iphoneos/AxiloShare.build/AxiloShare-all-non-framework-target-headers.hmap -Xcc -ivfsoverlay -Xcc /Users/alp/Library/Developer/Xcode/DerivedData/Axilo-ddceprimmkxjtoehwwbzsjlcvxeq/Build/Intermediates.noindex/Axilo.build/Debug-iphoneos/Axilo-e81d69d167653b048501db775bf85700-VFS-iphoneos/all-product-headers.yaml -Xcc -iquote -Xcc /Users/alp/Library/Developer/Xcode/DerivedData/Axilo-ddceprimmkxjtoehwwbzsjlcvxeq/Build/Intermediates.noindex/Axilo.build/Debug-iphoneos/AxiloShare.build/AxiloShare-project-headers.hmap -Xcc -I/Users/alp/Library/Developer/Xcode/DerivedData/Axilo-ddceprimmkxjtoehwwbzsjlcvxeq/Build/Products/Debug-iphoneos/include -Xcc -I/Users/alp/Library/Developer/Xcode/DerivedData/Axilo-ddceprimmkxjtoehwwbzsjlcvxeq/Build/Intermediates.noindex/Axilo.build/Debug-iphoneos/AxiloShare.build/DerivedSources-normal/arm64 -Xcc -I/Users/alp/Library/Developer/Xcode/DerivedData/Axilo-ddceprimmkxjtoehwwbzsjlcvxeq/Build/Intermediates.noindex/Axilo.build/Debug-iphoneos/AxiloShare.build/DerivedSources/arm64 -Xcc -I/Users/alp/Library/Developer/Xcode/DerivedData/Axilo-ddceprimmkxjtoehwwbzsjlcvxeq/Build/Intermediates.noindex/Axilo.build/Debug-iphoneos/AxiloShare.build/DerivedSources -Xcc -DDEBUG\=1 -module-name AxiloShare -frontend-parseable-output -disable-clang-spi -target-sdk-version 18.2 -target-sdk-name iphoneos18.2 -external-plugin-path /Applications/Xcode.app/Contents/Developer/Platforms/iPhoneOS.platform/Developer/usr/lib/swift/host/plugins\#/Applications/Xcode.app/Contents/Developer/Platforms/iPhoneOS.platform/Developer/usr/bin/swift-plugin-server -external-plugin-path /Applications/Xcode.app/Contents/Developer/Platforms/iPhoneOS.platform/Developer/usr/local/lib/swift/host/plugins\#/Applications/Xcode.app/Contents/Developer/Platforms/iPhoneOS.platform/Developer/usr/bin/swift-plugin-server -plugin-path /Applications/Xcode.app/Contents/Developer/Toolchains/XcodeDefault.xctoolchain/usr/lib/swift/host/plugins -plugin-path /Applications/Xcode.app/Contents/Developer/Toolchains/XcodeDefault.xctoolchain/usr/local/lib/swift/host/plugins -o /Users/alp/Library/Developer/Xcode/DerivedData/Axilo-ddceprimmkxjtoehwwbzsjlcvxeq/Build/Intermediates.noindex/Axilo.build/Debug-iphoneos/AxiloShare.build/Objects-normal/arm64/WordSearcher.o -o /Users/alp/Library/Developer/Xcode/DerivedData/Axilo-ddceprimmkxjtoehwwbzsjlcvxeq/Build/Intermediates.noindex/Axilo.build/Debug-iphoneos/AxiloShare.build/Objects-normal/arm64/DOCXParser.o -o /Users/alp/Library/Developer/Xcode/DerivedData/Axilo-ddceprimmkxjtoehwwbzsjlcvxeq/Build/Intermediates.noindex/Axilo.build/Debug-iphoneos/AxiloShare.build/Objects-normal/arm64/FontMetricsCache.o -o /Users/alp/Library/Developer/Xcode/DerivedData/Axilo-ddceprimmkxjtoehwwbzsjlcvxeq/Build/Intermediates.noindex/Axilo.build/Debug-iphoneos/AxiloShare.build/Objects-normal/arm64/InboxShareViewController.o -index-unit-output-path /Axilo.build/Debug-iphoneos/AxiloShare.build/Objects-normal/arm64/WordSearcher.o -index-unit-output-path /Axilo.build/Debug-iphoneos/AxiloShare.build/Objects-normal/arm64/DOCXParser.o -index-unit-output-path /Axilo.build/Debug-iphoneos/AxiloShare.build/Objects-normal/arm64/FontMetricsCache.o -index-unit-output-path /Axilo.build/Debug-iphoneos/AxiloShare.build/Objects-normal/arm64/InboxShareViewController.o -index-store-path /Users/alp/Library/Developer/Xcode/DerivedData/Axilo-ddceprimmkxjtoehwwbzsjlcvxeq/Index.noindex/DataStore -index-system-modules
/Users/alp/Documents/coding/speed_read/SpeedRead/Views/SettingsView.swift:78:1: error: extraneous '}' at top level
}
^

SwiftCompile normal arm64 /Users/alp/Documents/coding/speed_read/SpeedRead/Services/FontMetricsCache.swift (in target 'AxiloShare' from project 'Axilo')
    cd /Users/alp/Documents/coding/speed_read
    /Applications/Xcode.app/Contents/Developer/Toolchains/XcodeDefault.xctoolchain/usr/bin/swift-frontend -c /Users/alp/Documents/coding/speed_read/SpeedRead/Views/DocumentThumbnail.swift /Users/alp/Documents/coding/speed_read/SpeedRead/Services/PageChunker.swift /Users/alp/Documents/coding/speed_read/SpeedRead/Services/LibraryManager.swift /Users/alp/Documents/coding/speed_read/SpeedRead/Views/HomeView.swift /Users/alp/Documents/coding/speed_read/SpeedRead/Services/DocumentParser.swift /Users/alp/Documents/coding/speed_read/SpeedRead/Services/TextTokenizer.swift /Users/alp/Documents/coding/speed_read/SpeedRead/Services/HTMLHelper.swift /Users/alp/Documents/coding/speed_read/SpeedRead/Services/HeadingDetector.swift /Users/alp/Documents/coding/speed_read/SpeedRead/Resources/SampleText.swift -primary-file /Users/alp/Documents/coding/speed_read/SpeedRead/Services/WordSearcher.swift -primary-file /Users/alp/Documents/coding/speed_read/SpeedRead/Services/DOCXParser.swift -primary-file /Users/alp/Documents/coding/speed_read/SpeedRead/Services/FontMetricsCache.swift -primary-file /Users/alp/Documents/coding/speed_read/SpeedReadShare/InboxShareViewController.swift /Users/alp/Documents/coding/speed_read/SpeedRead/Services/OrientationManager.swift /Users/alp/Documents/coding/speed_read/SpeedRead/Services/BookSearchService.swift /Users/alp/Documents/coding/speed_read/SpeedRead/Services/EPUBParser.swift /Users/alp/Documents/coding/speed_read/SpeedRead/Services/SettingsManager.swift /Users/alp/Documents/coding/speed_read/SpeedRead/Services/PDFParsingService.swift /Users/alp/Documents/coding/speed_read/SpeedRead/Views/ExploreView.swift /Users/alp/Documents/coding/speed_read/SpeedRead/Services/ThumbnailManager.swift /Users/alp/Documents/coding/speed_read/SpeedRead/Views/LibraryView.swift /Users/alp/Documents/coding/speed_read/SpeedRead/Models/NavigationPoint.swift /Users/alp/Documents/coding/speed_read/SpeedRead/Views/CustomTabBar.swift /Users/alp/Documents/coding/speed_read/SpeedRead/Views/DocumentPicker.swift /Users/alp/Documents/coding/speed_read/SpeedRead/Views/ParagraphView.swift /Users/alp/Documents/coding/speed_read/SpeedRead/Views/ContentView.swift /Users/alp/Documents/coding/speed_read/SpeedRead/ViewModels/RSVPViewModel.swift /Users/alp/Documents/coding/speed_read/SpeedRead/Views/WordSearchView.swift /Users/alp/Documents/coding/speed_read/SpeedRead/Views/RSVPView.swift /Users/alp/Documents/coding/speed_read/SpeedRead/Views/SettingsView.swift /Users/alp/Documents/coding/speed_read/SpeedRead/Views/ChapterListView.swift /Users/alp/Documents/coding/speed_read/SpeedRead/Views/WordDisplayView.swift /Users/alp/Documents/coding/speed_read/SpeedRead/Views/VerticalSlider.swift -supplementary-output-file-map /Users/alp/Library/Developer/Xcode/DerivedData/Axilo-ddceprimmkxjtoehwwbzsjlcvxeq/Build/Intermediates.noindex/Axilo.build/Debug-iphoneos/AxiloShare.build/Objects-normal/arm64/supplementaryOutputs-6 -emit-localized-strings -emit-localized-strings-path /Users/alp/Library/Developer/Xcode/DerivedData/Axilo-ddceprimmkxjtoehwwbzsjlcvxeq/Build/Intermediates.noindex/Axilo.build/Debug-iphoneos/AxiloShare.build/Objects-normal/arm64 -target arm64-apple-ios18.2 -Xllvm -aarch64-use-tbi -enable-objc-interop -stack-check -sdk /Applications/Xcode.app/Contents/Developer/Platforms/iPhoneOS.platform/Developer/SDKs/iPhoneOS18.2.sdk -I /Users/alp/Library/Developer/Xcode/DerivedData/Axilo-ddceprimmkxjtoehwwbzsjlcvxeq/Build/Products/Debug-iphoneos -F /Users/alp/Library/Developer/Xcode/DerivedData/Axilo-ddceprimmkxjtoehwwbzsjlcvxeq/Build/Products/Debug-iphoneos/PackageFrameworks -F /Users/alp/Library/Developer/Xcode/DerivedData/Axilo-ddceprimmkxjtoehwwbzsjlcvxeq/Build/Products/Debug-iphoneos -no-color-diagnostics -application-extension -enable-testing -g -debug-info-format\=dwarf -dwarf-version\=5 -module-cache-path /Users/alp/Library/Developer/Xcode/DerivedData/ModuleCache.noindex -swift-version 5 -enforce-exclusivity\=checked -Onone -D DEBUG -serialize-debugging-options -const-gather-protocols-file /Users/alp/Library/Developer/Xcode/DerivedData/Axilo-ddceprimmkxjtoehwwbzsjlcvxeq/Build/Intermediates.noindex/Axilo.build/Debug-iphoneos/AxiloShare.build/Objects-normal/arm64/AxiloShare_const_extract_protocols.json -enable-experimental-feature DebugDescriptionMacro -enable-experimental-feature OpaqueTypeErasure -enable-bare-slash-regex -empty-abi-descriptor -validate-clang-modules-once -clang-build-session-file /Users/alp/Library/Developer/Xcode/DerivedData/ModuleCache.noindex/Session.modulevalidation -Xcc -working-directory -Xcc /Users/alp/Documents/coding/speed_read -resource-dir /Applications/Xcode.app/Contents/Developer/Toolchains/XcodeDefault.xctoolchain/usr/lib/swift -enable-anonymous-context-mangled-names -file-compilation-dir /Users/alp/Documents/coding/speed_read -Xcc -D_LIBCPP_HARDENING_MODE\=_LIBCPP_HARDENING_MODE_DEBUG -Xcc -ivfsstatcache -Xcc /Users/alp/Library/Developer/Xcode/DerivedData/SDKStatCaches.noindex/iphoneos18.2-22C146-d5b9239ec3bf5b3adbecdf21472871e3.sdkstatcache -Xcc -I/Users/alp/Library/Developer/Xcode/DerivedData/Axilo-ddceprimmkxjtoehwwbzsjlcvxeq/Build/Intermediates.noindex/Axilo.build/Debug-iphoneos/AxiloShare.build/swift-overrides.hmap -Xcc -iquote -Xcc /Users/alp/Library/Developer/Xcode/DerivedData/Axilo-ddceprimmkxjtoehwwbzsjlcvxeq/Build/Intermediates.noindex/Axilo.build/Debug-iphoneos/AxiloShare.build/AxiloShare-generated-files.hmap -Xcc -I/Users/alp/Library/Developer/Xcode/DerivedData/Axilo-ddceprimmkxjtoehwwbzsjlcvxeq/Build/Intermediates.noindex/Axilo.build/Debug-iphoneos/AxiloShare.build/AxiloShare-own-target-headers.hmap -Xcc -I/Users/alp/Library/Developer/Xcode/DerivedData/Axilo-ddceprimmkxjtoehwwbzsjlcvxeq/Build/Intermediates.noindex/Axilo.build/Debug-iphoneos/AxiloShare.build/AxiloShare-all-non-framework-target-headers.hmap -Xcc -ivfsoverlay -Xcc /Users/alp/Library/Developer/Xcode/DerivedData/Axilo-ddceprimmkxjtoehwwbzsjlcvxeq/Build/Intermediates.noindex/Axilo.build/Debug-iphoneos/Axilo-e81d69d167653b048501db775bf85700-VFS-iphoneos/all-product-headers.yaml -Xcc -iquote -Xcc /Users/alp/Library/Developer/Xcode/DerivedData/Axilo-ddceprimmkxjtoehwwbzsjlcvxeq/Build/Intermediates.noindex/Axilo.build/Debug-iphoneos/AxiloShare.build/AxiloShare-project-headers.hmap -Xcc -I/Users/alp/Library/Developer/Xcode/DerivedData/Axilo-ddceprimmkxjtoehwwbzsjlcvxeq/Build/Products/Debug-iphoneos/include -Xcc -I/Users/alp/Library/Developer/Xcode/DerivedData/Axilo-ddceprimmkxjtoehwwbzsjlcvxeq/Build/Intermediates.noindex/Axilo.build/Debug-iphoneos/AxiloShare.build/DerivedSources-normal/arm64 -Xcc -I/Users/alp/Library/Developer/Xcode/DerivedData/Axilo-ddceprimmkxjtoehwwbzsjlcvxeq/Build/Intermediates.noindex/Axilo.build/Debug-iphoneos/AxiloShare.build/DerivedSources/arm64 -Xcc -I/Users/alp/Library/Developer/Xcode/DerivedData/Axilo-ddceprimmkxjtoehwwbzsjlcvxeq/Build/Intermediates.noindex/Axilo.build/Debug-iphoneos/AxiloShare.build/DerivedSources -Xcc -DDEBUG\=1 -module-name AxiloShare -frontend-parseable-output -disable-clang-spi -target-sdk-version 18.2 -target-sdk-name iphoneos18.2 -external-plugin-path /Applications/Xcode.app/Contents/Developer/Platforms/iPhoneOS.platform/Developer/usr/lib/swift/host/plugins\#/Applications/Xcode.app/Contents/Developer/Platforms/iPhoneOS.platform/Developer/usr/bin/swift-plugin-server -external-plugin-path /Applications/Xcode.app/Contents/Developer/Platforms/iPhoneOS.platform/Developer/usr/local/lib/swift/host/plugins\#/Applications/Xcode.app/Contents/Developer/Platforms/iPhoneOS.platform/Developer/usr/bin/swift-plugin-server -plugin-path /Applications/Xcode.app/Contents/Developer/Toolchains/XcodeDefault.xctoolchain/usr/lib/swift/host/plugins -plugin-path /Applications/Xcode.app/Contents/Developer/Toolchains/XcodeDefault.xctoolchain/usr/local/lib/swift/host/plugins -o /Users/alp/Library/Developer/Xcode/DerivedData/Axilo-ddceprimmkxjtoehwwbzsjlcvxeq/Build/Intermediates.noindex/Axilo.build/Debug-iphoneos/AxiloShare.build/Objects-normal/arm64/WordSearcher.o -o /Users/alp/Library/Developer/Xcode/DerivedData/Axilo-ddceprimmkxjtoehwwbzsjlcvxeq/Build/Intermediates.noindex/Axilo.build/Debug-iphoneos/AxiloShare.build/Objects-normal/arm64/DOCXParser.o -o /Users/alp/Library/Developer/Xcode/DerivedData/Axilo-ddceprimmkxjtoehwwbzsjlcvxeq/Build/Intermediates.noindex/Axilo.build/Debug-iphoneos/AxiloShare.build/Objects-normal/arm64/FontMetricsCache.o -o /Users/alp/Library/Developer/Xcode/DerivedData/Axilo-ddceprimmkxjtoehwwbzsjlcvxeq/Build/Intermediates.noindex/Axilo.build/Debug-iphoneos/AxiloShare.build/Objects-normal/arm64/InboxShareViewController.o -index-unit-output-path /Axilo.build/Debug-iphoneos/AxiloShare.build/Objects-normal/arm64/WordSearcher.o -index-unit-output-path /Axilo.build/Debug-iphoneos/AxiloShare.build/Objects-normal/arm64/DOCXParser.o -index-unit-output-path /Axilo.build/Debug-iphoneos/AxiloShare.build/Objects-normal/arm64/FontMetricsCache.o -index-unit-output-path /Axilo.build/Debug-iphoneos/AxiloShare.build/Objects-normal/arm64/InboxShareViewController.o -index-store-path /Users/alp/Library/Developer/Xcode/DerivedData/Axilo-ddceprimmkxjtoehwwbzsjlcvxeq/Index.noindex/DataStore -index-system-modules
/Users/alp/Documents/coding/speed_read/SpeedRead/Views/SettingsView.swift:78:1: error: extraneous '}' at top level
}
^

SwiftCompile normal arm64 /Users/alp/Documents/coding/speed_read/SpeedReadShare/InboxShareViewController.swift (in target 'AxiloShare' from project 'Axilo')
    cd /Users/alp/Documents/coding/speed_read
    /Applications/Xcode.app/Contents/Developer/Toolchains/XcodeDefault.xctoolchain/usr/bin/swift-frontend -c /Users/alp/Documents/coding/speed_read/SpeedRead/Views/DocumentThumbnail.swift /Users/alp/Documents/coding/speed_read/SpeedRead/Services/PageChunker.swift /Users/alp/Documents/coding/speed_read/SpeedRead/Services/LibraryManager.swift /Users/alp/Documents/coding/speed_read/SpeedRead/Views/HomeView.swift /Users/alp/Documents/coding/speed_read/SpeedRead/Services/DocumentParser.swift /Users/alp/Documents/coding/speed_read/SpeedRead/Services/TextTokenizer.swift /Users/alp/Documents/coding/speed_read/SpeedRead/Services/HTMLHelper.swift /Users/alp/Documents/coding/speed_read/SpeedRead/Services/HeadingDetector.swift /Users/alp/Documents/coding/speed_read/SpeedRead/Resources/SampleText.swift -primary-file /Users/alp/Documents/coding/speed_read/SpeedRead/Services/WordSearcher.swift -primary-file /Users/alp/Documents/coding/speed_read/SpeedRead/Services/DOCXParser.swift -primary-file /Users/alp/Documents/coding/speed_read/SpeedRead/Services/FontMetricsCache.swift -primary-file /Users/alp/Documents/coding/speed_read/SpeedReadShare/InboxShareViewController.swift /Users/alp/Documents/coding/speed_read/SpeedRead/Services/OrientationManager.swift /Users/alp/Documents/coding/speed_read/SpeedRead/Services/BookSearchService.swift /Users/alp/Documents/coding/speed_read/SpeedRead/Services/EPUBParser.swift /Users/alp/Documents/coding/speed_read/SpeedRead/Services/SettingsManager.swift /Users/alp/Documents/coding/speed_read/SpeedRead/Services/PDFParsingService.swift /Users/alp/Documents/coding/speed_read/SpeedRead/Views/ExploreView.swift /Users/alp/Documents/coding/speed_read/SpeedRead/Services/ThumbnailManager.swift /Users/alp/Documents/coding/speed_read/SpeedRead/Views/LibraryView.swift /Users/alp/Documents/coding/speed_read/SpeedRead/Models/NavigationPoint.swift /Users/alp/Documents/coding/speed_read/SpeedRead/Views/CustomTabBar.swift /Users/alp/Documents/coding/speed_read/SpeedRead/Views/DocumentPicker.swift /Users/alp/Documents/coding/speed_read/SpeedRead/Views/ParagraphView.swift /Users/alp/Documents/coding/speed_read/SpeedRead/Views/ContentView.swift /Users/alp/Documents/coding/speed_read/SpeedRead/ViewModels/RSVPViewModel.swift /Users/alp/Documents/coding/speed_read/SpeedRead/Views/WordSearchView.swift /Users/alp/Documents/coding/speed_read/SpeedRead/Views/RSVPView.swift /Users/alp/Documents/coding/speed_read/SpeedRead/Views/SettingsView.swift /Users/alp/Documents/coding/speed_read/SpeedRead/Views/ChapterListView.swift /Users/alp/Documents/coding/speed_read/SpeedRead/Views/WordDisplayView.swift /Users/alp/Documents/coding/speed_read/SpeedRead/Views/VerticalSlider.swift -supplementary-output-file-map /Users/alp/Library/Developer/Xcode/DerivedData/Axilo-ddceprimmkxjtoehwwbzsjlcvxeq/Build/Intermediates.noindex/Axilo.build/Debug-iphoneos/AxiloShare.build/Objects-normal/arm64/supplementaryOutputs-6 -emit-localized-strings -emit-localized-strings-path /Users/alp/Library/Developer/Xcode/DerivedData/Axilo-ddceprimmkxjtoehwwbzsjlcvxeq/Build/Intermediates.noindex/Axilo.build/Debug-iphoneos/AxiloShare.build/Objects-normal/arm64 -target arm64-apple-ios18.2 -Xllvm -aarch64-use-tbi -enable-objc-interop -stack-check -sdk /Applications/Xcode.app/Contents/Developer/Platforms/iPhoneOS.platform/Developer/SDKs/iPhoneOS18.2.sdk -I /Users/alp/Library/Developer/Xcode/DerivedData/Axilo-ddceprimmkxjtoehwwbzsjlcvxeq/Build/Products/Debug-iphoneos -F /Users/alp/Library/Developer/Xcode/DerivedData/Axilo-ddceprimmkxjtoehwwbzsjlcvxeq/Build/Products/Debug-iphoneos/PackageFrameworks -F /Users/alp/Library/Developer/Xcode/DerivedData/Axilo-ddceprimmkxjtoehwwbzsjlcvxeq/Build/Products/Debug-iphoneos -no-color-diagnostics -application-extension -enable-testing -g -debug-info-format\=dwarf -dwarf-version\=5 -module-cache-path /Users/alp/Library/Developer/Xcode/DerivedData/ModuleCache.noindex -swift-version 5 -enforce-exclusivity\=checked -Onone -D DEBUG -serialize-debugging-options -const-gather-protocols-file /Users/alp/Library/Developer/Xcode/DerivedData/Axilo-ddceprimmkxjtoehwwbzsjlcvxeq/Build/Intermediates.noindex/Axilo.build/Debug-iphoneos/AxiloShare.build/Objects-normal/arm64/AxiloShare_const_extract_protocols.json -enable-experimental-feature DebugDescriptionMacro -enable-experimental-feature OpaqueTypeErasure -enable-bare-slash-regex -empty-abi-descriptor -validate-clang-modules-once -clang-build-session-file /Users/alp/Library/Developer/Xcode/DerivedData/ModuleCache.noindex/Session.modulevalidation -Xcc -working-directory -Xcc /Users/alp/Documents/coding/speed_read -resource-dir /Applications/Xcode.app/Contents/Developer/Toolchains/XcodeDefault.xctoolchain/usr/lib/swift -enable-anonymous-context-mangled-names -file-compilation-dir /Users/alp/Documents/coding/speed_read -Xcc -D_LIBCPP_HARDENING_MODE\=_LIBCPP_HARDENING_MODE_DEBUG -Xcc -ivfsstatcache -Xcc /Users/alp/Library/Developer/Xcode/DerivedData/SDKStatCaches.noindex/iphoneos18.2-22C146-d5b9239ec3bf5b3adbecdf21472871e3.sdkstatcache -Xcc -I/Users/alp/Library/Developer/Xcode/DerivedData/Axilo-ddceprimmkxjtoehwwbzsjlcvxeq/Build/Intermediates.noindex/Axilo.build/Debug-iphoneos/AxiloShare.build/swift-overrides.hmap -Xcc -iquote -Xcc /Users/alp/Library/Developer/Xcode/DerivedData/Axilo-ddceprimmkxjtoehwwbzsjlcvxeq/Build/Intermediates.noindex/Axilo.build/Debug-iphoneos/AxiloShare.build/AxiloShare-generated-files.hmap -Xcc -I/Users/alp/Library/Developer/Xcode/DerivedData/Axilo-ddceprimmkxjtoehwwbzsjlcvxeq/Build/Intermediates.noindex/Axilo.build/Debug-iphoneos/AxiloShare.build/AxiloShare-own-target-headers.hmap -Xcc -I/Users/alp/Library/Developer/Xcode/DerivedData/Axilo-ddceprimmkxjtoehwwbzsjlcvxeq/Build/Intermediates.noindex/Axilo.build/Debug-iphoneos/AxiloShare.build/AxiloShare-all-non-framework-target-headers.hmap -Xcc -ivfsoverlay -Xcc /Users/alp/Library/Developer/Xcode/DerivedData/Axilo-ddceprimmkxjtoehwwbzsjlcvxeq/Build/Intermediates.noindex/Axilo.build/Debug-iphoneos/Axilo-e81d69d167653b048501db775bf85700-VFS-iphoneos/all-product-headers.yaml -Xcc -iquote -Xcc /Users/alp/Library/Developer/Xcode/DerivedData/Axilo-ddceprimmkxjtoehwwbzsjlcvxeq/Build/Intermediates.noindex/Axilo.build/Debug-iphoneos/AxiloShare.build/AxiloShare-project-headers.hmap -Xcc -I/Users/alp/Library/Developer/Xcode/DerivedData/Axilo-ddceprimmkxjtoehwwbzsjlcvxeq/Build/Products/Debug-iphoneos/include -Xcc -I/Users/alp/Library/Developer/Xcode/DerivedData/Axilo-ddceprimmkxjtoehwwbzsjlcvxeq/Build/Intermediates.noindex/Axilo.build/Debug-iphoneos/AxiloShare.build/DerivedSources-normal/arm64 -Xcc -I/Users/alp/Library/Developer/Xcode/DerivedData/Axilo-ddceprimmkxjtoehwwbzsjlcvxeq/Build/Intermediates.noindex/Axilo.build/Debug-iphoneos/AxiloShare.build/DerivedSources/arm64 -Xcc -I/Users/alp/Library/Developer/Xcode/DerivedData/Axilo-ddceprimmkxjtoehwwbzsjlcvxeq/Build/Intermediates.noindex/Axilo.build/Debug-iphoneos/AxiloShare.build/DerivedSources -Xcc -DDEBUG\=1 -module-name AxiloShare -frontend-parseable-output -disable-clang-spi -target-sdk-version 18.2 -target-sdk-name iphoneos18.2 -external-plugin-path /Applications/Xcode.app/Contents/Developer/Platforms/iPhoneOS.platform/Developer/usr/lib/swift/host/plugins\#/Applications/Xcode.app/Contents/Developer/Platforms/iPhoneOS.platform/Developer/usr/bin/swift-plugin-server -external-plugin-path /Applications/Xcode.app/Contents/Developer/Platforms/iPhoneOS.platform/Developer/usr/local/lib/swift/host/plugins\#/Applications/Xcode.app/Contents/Developer/Platforms/iPhoneOS.platform/Developer/usr/bin/swift-plugin-server -plugin-path /Applications/Xcode.app/Contents/Developer/Toolchains/XcodeDefault.xctoolchain/usr/lib/swift/host/plugins -plugin-path /Applications/Xcode.app/Contents/Developer/Toolchains/XcodeDefault.xctoolchain/usr/local/lib/swift/host/plugins -o /Users/alp/Library/Developer/Xcode/DerivedData/Axilo-ddceprimmkxjtoehwwbzsjlcvxeq/Build/Intermediates.noindex/Axilo.build/Debug-iphoneos/AxiloShare.build/Objects-normal/arm64/WordSearcher.o -o /Users/alp/Library/Developer/Xcode/DerivedData/Axilo-ddceprimmkxjtoehwwbzsjlcvxeq/Build/Intermediates.noindex/Axilo.build/Debug-iphoneos/AxiloShare.build/Objects-normal/arm64/DOCXParser.o -o /Users/alp/Library/Developer/Xcode/DerivedData/Axilo-ddceprimmkxjtoehwwbzsjlcvxeq/Build/Intermediates.noindex/Axilo.build/Debug-iphoneos/AxiloShare.build/Objects-normal/arm64/FontMetricsCache.o -o /Users/alp/Library/Developer/Xcode/DerivedData/Axilo-ddceprimmkxjtoehwwbzsjlcvxeq/Build/Intermediates.noindex/Axilo.build/Debug-iphoneos/AxiloShare.build/Objects-normal/arm64/InboxShareViewController.o -index-unit-output-path /Axilo.build/Debug-iphoneos/AxiloShare.build/Objects-normal/arm64/WordSearcher.o -index-unit-output-path /Axilo.build/Debug-iphoneos/AxiloShare.build/Objects-normal/arm64/DOCXParser.o -index-unit-output-path /Axilo.build/Debug-iphoneos/AxiloShare.build/Objects-normal/arm64/FontMetricsCache.o -index-unit-output-path /Axilo.build/Debug-iphoneos/AxiloShare.build/Objects-normal/arm64/InboxShareViewController.o -index-store-path /Users/alp/Library/Developer/Xcode/DerivedData/Axilo-ddceprimmkxjtoehwwbzsjlcvxeq/Index.noindex/DataStore -index-system-modules
/Users/alp/Documents/coding/speed_read/SpeedRead/Views/SettingsView.swift:78:1: error: extraneous '}' at top level
}
^

SwiftCompile normal arm64 Compiling\ OrientationManager.swift,\ BookSearchService.swift,\ EPUBParser.swift,\ SettingsManager.swift /Users/alp/Documents/coding/speed_read/SpeedRead/Services/OrientationManager.swift /Users/alp/Documents/coding/speed_read/SpeedRead/Services/BookSearchService.swift /Users/alp/Documents/coding/speed_read/SpeedRead/Services/EPUBParser.swift /Users/alp/Documents/coding/speed_read/SpeedRead/Services/SettingsManager.swift (in target 'AxiloShare' from project 'Axilo')
    cd /Users/alp/Documents/coding/speed_read
    builtin-swiftTaskExecution -- /Applications/Xcode.app/Contents/Developer/Toolchains/XcodeDefault.xctoolchain/usr/bin/swift-frontend -frontend -c /Users/alp/Documents/coding/speed_read/SpeedRead/Views/DocumentThumbnail.swift /Users/alp/Documents/coding/speed_read/SpeedRead/Services/PageChunker.swift /Users/alp/Documents/coding/speed_read/SpeedRead/Services/LibraryManager.swift /Users/alp/Documents/coding/speed_read/SpeedRead/Views/HomeView.swift /Users/alp/Documents/coding/speed_read/SpeedRead/Services/DocumentParser.swift /Users/alp/Documents/coding/speed_read/SpeedRead/Services/TextTokenizer.swift /Users/alp/Documents/coding/speed_read/SpeedRead/Services/HTMLHelper.swift /Users/alp/Documents/coding/speed_read/SpeedRead/Services/HeadingDetector.swift /Users/alp/Documents/coding/speed_read/SpeedRead/Resources/SampleText.swift /Users/alp/Documents/coding/speed_read/SpeedRead/Services/WordSearcher.swift /Users/alp/Documents/coding/speed_read/SpeedRead/Services/DOCXParser.swift /Users/alp/Documents/coding/speed_read/SpeedRead/Services/FontMetricsCache.swift /Users/alp/Documents/coding/speed_read/SpeedReadShare/InboxShareViewController.swift -primary-file /Users/alp/Documents/coding/speed_read/SpeedRead/Services/OrientationManager.swift -primary-file /Users/alp/Documents/coding/speed_read/SpeedRead/Services/BookSearchService.swift -primary-file /Users/alp/Documents/coding/speed_read/SpeedRead/Services/EPUBParser.swift -primary-file /Users/alp/Documents/coding/speed_read/SpeedRead/Services/SettingsManager.swift /Users/alp/Documents/coding/speed_read/SpeedRead/Services/PDFParsingService.swift /Users/alp/Documents/coding/speed_read/SpeedRead/Views/ExploreView.swift /Users/alp/Documents/coding/speed_read/SpeedRead/Services/ThumbnailManager.swift /Users/alp/Documents/coding/speed_read/SpeedRead/Views/LibraryView.swift /Users/alp/Documents/coding/speed_read/SpeedRead/Models/NavigationPoint.swift /Users/alp/Documents/coding/speed_read/SpeedRead/Views/CustomTabBar.swift /Users/alp/Documents/coding/speed_read/SpeedRead/Views/DocumentPicker.swift /Users/alp/Documents/coding/speed_read/SpeedRead/Views/ParagraphView.swift /Users/alp/Documents/coding/speed_read/SpeedRead/Views/ContentView.swift /Users/alp/Documents/coding/speed_read/SpeedRead/ViewModels/RSVPViewModel.swift /Users/alp/Documents/coding/speed_read/SpeedRead/Views/WordSearchView.swift /Users/alp/Documents/coding/speed_read/SpeedRead/Views/RSVPView.swift /Users/alp/Documents/coding/speed_read/SpeedRead/Views/SettingsView.swift /Users/alp/Documents/coding/speed_read/SpeedRead/Views/ChapterListView.swift /Users/alp/Documents/coding/speed_read/SpeedRead/Views/WordDisplayView.swift /Users/alp/Documents/coding/speed_read/SpeedRead/Views/VerticalSlider.swift -supplementary-output-file-map /Users/alp/Library/Developer/Xcode/DerivedData/Axilo-ddceprimmkxjtoehwwbzsjlcvxeq/Build/Intermediates.noindex/Axilo.build/Debug-iphoneos/AxiloShare.build/Objects-normal/arm64/supplementaryOutputs-8 -emit-localized-strings -emit-localized-strings-path /Users/alp/Library/Developer/Xcode/DerivedData/Axilo-ddceprimmkxjtoehwwbzsjlcvxeq/Build/Intermediates.noindex/Axilo.build/Debug-iphoneos/AxiloShare.build/Objects-normal/arm64 -target arm64-apple-ios18.2 -Xllvm -aarch64-use-tbi -enable-objc-interop -stack-check -sdk /Applications/Xcode.app/Contents/Developer/Platforms/iPhoneOS.platform/Developer/SDKs/iPhoneOS18.2.sdk -I /Users/alp/Library/Developer/Xcode/DerivedData/Axilo-ddceprimmkxjtoehwwbzsjlcvxeq/Build/Products/Debug-iphoneos -F /Users/alp/Library/Developer/Xcode/DerivedData/Axilo-ddceprimmkxjtoehwwbzsjlcvxeq/Build/Products/Debug-iphoneos/PackageFrameworks -F /Users/alp/Library/Developer/Xcode/DerivedData/Axilo-ddceprimmkxjtoehwwbzsjlcvxeq/Build/Products/Debug-iphoneos -no-color-diagnostics -application-extension -enable-testing -g -debug-info-format\=dwarf -dwarf-version\=5 -module-cache-path /Users/alp/Library/Developer/Xcode/DerivedData/ModuleCache.noindex -swift-version 5 -enforce-exclusivity\=checked -Onone -D DEBUG -serialize-debugging-options -const-gather-protocols-file /Users/alp/Library/Developer/Xcode/DerivedData/Axilo-ddceprimmkxjtoehwwbzsjlcvxeq/Build/Intermediates.noindex/Axilo.build/Debug-iphoneos/AxiloShare.build/Objects-normal/arm64/AxiloShare_const_extract_protocols.json -enable-experimental-feature DebugDescriptionMacro -enable-experimental-feature OpaqueTypeErasure -enable-bare-slash-regex -empty-abi-descriptor -validate-clang-modules-once -clang-build-session-file /Users/alp/Library/Developer/Xcode/DerivedData/ModuleCache.noindex/Session.modulevalidation -Xcc -working-directory -Xcc /Users/alp/Documents/coding/speed_read -resource-dir /Applications/Xcode.app/Contents/Developer/Toolchains/XcodeDefault.xctoolchain/usr/lib/swift -enable-anonymous-context-mangled-names -file-compilation-dir /Users/alp/Documents/coding/speed_read -Xcc -D_LIBCPP_HARDENING_MODE\=_LIBCPP_HARDENING_MODE_DEBUG -Xcc -ivfsstatcache -Xcc /Users/alp/Library/Developer/Xcode/DerivedData/SDKStatCaches.noindex/iphoneos18.2-22C146-d5b9239ec3bf5b3adbecdf21472871e3.sdkstatcache -Xcc -I/Users/alp/Library/Developer/Xcode/DerivedData/Axilo-ddceprimmkxjtoehwwbzsjlcvxeq/Build/Intermediates.noindex/Axilo.build/Debug-iphoneos/AxiloShare.build/swift-overrides.hmap -Xcc -iquote -Xcc /Users/alp/Library/Developer/Xcode/DerivedData/Axilo-ddceprimmkxjtoehwwbzsjlcvxeq/Build/Intermediates.noindex/Axilo.build/Debug-iphoneos/AxiloShare.build/AxiloShare-generated-files.hmap -Xcc -I/Users/alp/Library/Developer/Xcode/DerivedData/Axilo-ddceprimmkxjtoehwwbzsjlcvxeq/Build/Intermediates.noindex/Axilo.build/Debug-iphoneos/AxiloShare.build/AxiloShare-own-target-headers.hmap -Xcc -I/Users/alp/Library/Developer/Xcode/DerivedData/Axilo-ddceprimmkxjtoehwwbzsjlcvxeq/Build/Intermediates.noindex/Axilo.build/Debug-iphoneos/AxiloShare.build/AxiloShare-all-non-framework-target-headers.hmap -Xcc -ivfsoverlay -Xcc /Users/alp/Library/Developer/Xcode/DerivedData/Axilo-ddceprimmkxjtoehwwbzsjlcvxeq/Build/Intermediates.noindex/Axilo.build/Debug-iphoneos/Axilo-e81d69d167653b048501db775bf85700-VFS-iphoneos/all-product-headers.yaml -Xcc -iquote -Xcc /Users/alp/Library/Developer/Xcode/DerivedData/Axilo-ddceprimmkxjtoehwwbzsjlcvxeq/Build/Intermediates.noindex/Axilo.build/Debug-iphoneos/AxiloShare.build/AxiloShare-project-headers.hmap -Xcc -I/Users/alp/Library/Developer/Xcode/DerivedData/Axilo-ddceprimmkxjtoehwwbzsjlcvxeq/Build/Products/Debug-iphoneos/include -Xcc -I/Users/alp/Library/Developer/Xcode/DerivedData/Axilo-ddceprimmkxjtoehwwbzsjlcvxeq/Build/Intermediates.noindex/Axilo.build/Debug-iphoneos/AxiloShare.build/DerivedSources-normal/arm64 -Xcc -I/Users/alp/Library/Developer/Xcode/DerivedData/Axilo-ddceprimmkxjtoehwwbzsjlcvxeq/Build/Intermediates.noindex/Axilo.build/Debug-iphoneos/AxiloShare.build/DerivedSources/arm64 -Xcc -I/Users/alp/Library/Developer/Xcode/DerivedData/Axilo-ddceprimmkxjtoehwwbzsjlcvxeq/Build/Intermediates.noindex/Axilo.build/Debug-iphoneos/AxiloShare.build/DerivedSources -Xcc -DDEBUG\=1 -module-name AxiloShare -frontend-parseable-output -disable-clang-spi -target-sdk-version 18.2 -target-sdk-name iphoneos18.2 -external-plugin-path /Applications/Xcode.app/Contents/Developer/Platforms/iPhoneOS.platform/Developer/usr/lib/swift/host/plugins\#/Applications/Xcode.app/Contents/Developer/Platforms/iPhoneOS.platform/Developer/usr/bin/swift-plugin-server -external-plugin-path /Applications/Xcode.app/Contents/Developer/Platforms/iPhoneOS.platform/Developer/usr/local/lib/swift/host/plugins\#/Applications/Xcode.app/Contents/Developer/Platforms/iPhoneOS.platform/Developer/usr/bin/swift-plugin-server -plugin-path /Applications/Xcode.app/Contents/Developer/Toolchains/XcodeDefault.xctoolchain/usr/lib/swift/host/plugins -plugin-path /Applications/Xcode.app/Contents/Developer/Toolchains/XcodeDefault.xctoolchain/usr/local/lib/swift/host/plugins -o /Users/alp/Library/Developer/Xcode/DerivedData/Axilo-ddceprimmkxjtoehwwbzsjlcvxeq/Build/Intermediates.noindex/Axilo.build/Debug-iphoneos/AxiloShare.build/Objects-normal/arm64/OrientationManager.o -o /Users/alp/Library/Developer/Xcode/DerivedData/Axilo-ddceprimmkxjtoehwwbzsjlcvxeq/Build/Intermediates.noindex/Axilo.build/Debug-iphoneos/AxiloShare.build/Objects-normal/arm64/BookSearchService.o -o /Users/alp/Library/Developer/Xcode/DerivedData/Axilo-ddceprimmkxjtoehwwbzsjlcvxeq/Build/Intermediates.noindex/Axilo.build/Debug-iphoneos/AxiloShare.build/Objects-normal/arm64/EPUBParser.o -o /Users/alp/Library/Developer/Xcode/DerivedData/Axilo-ddceprimmkxjtoehwwbzsjlcvxeq/Build/Intermediates.noindex/Axilo.build/Debug-iphoneos/AxiloShare.build/Objects-normal/arm64/SettingsManager.o -index-unit-output-path /Axilo.build/Debug-iphoneos/AxiloShare.build/Objects-normal/arm64/OrientationManager.o -index-unit-output-path /Axilo.build/Debug-iphoneos/AxiloShare.build/Objects-normal/arm64/BookSearchService.o -index-unit-output-path /Axilo.build/Debug-iphoneos/AxiloShare.build/Objects-normal/arm64/EPUBParser.o -index-unit-output-path /Axilo.build/Debug-iphoneos/AxiloShare.build/Objects-normal/arm64/SettingsManager.o -index-store-path /Users/alp/Library/Developer/Xcode/DerivedData/Axilo-ddceprimmkxjtoehwwbzsjlcvxeq/Index.noindex/DataStore -index-system-modules

SwiftCompile normal arm64 /Users/alp/Documents/coding/speed_read/SpeedRead/Services/OrientationManager.swift (in target 'AxiloShare' from project 'Axilo')
    cd /Users/alp/Documents/coding/speed_read
    /Applications/Xcode.app/Contents/Developer/Toolchains/XcodeDefault.xctoolchain/usr/bin/swift-frontend -c /Users/alp/Documents/coding/speed_read/SpeedRead/Views/DocumentThumbnail.swift /Users/alp/Documents/coding/speed_read/SpeedRead/Services/PageChunker.swift /Users/alp/Documents/coding/speed_read/SpeedRead/Services/LibraryManager.swift /Users/alp/Documents/coding/speed_read/SpeedRead/Views/HomeView.swift /Users/alp/Documents/coding/speed_read/SpeedRead/Services/DocumentParser.swift /Users/alp/Documents/coding/speed_read/SpeedRead/Services/TextTokenizer.swift /Users/alp/Documents/coding/speed_read/SpeedRead/Services/HTMLHelper.swift /Users/alp/Documents/coding/speed_read/SpeedRead/Services/HeadingDetector.swift /Users/alp/Documents/coding/speed_read/SpeedRead/Resources/SampleText.swift /Users/alp/Documents/coding/speed_read/SpeedRead/Services/WordSearcher.swift /Users/alp/Documents/coding/speed_read/SpeedRead/Services/DOCXParser.swift /Users/alp/Documents/coding/speed_read/SpeedRead/Services/FontMetricsCache.swift /Users/alp/Documents/coding/speed_read/SpeedReadShare/InboxShareViewController.swift -primary-file /Users/alp/Documents/coding/speed_read/SpeedRead/Services/OrientationManager.swift -primary-file /Users/alp/Documents/coding/speed_read/SpeedRead/Services/BookSearchService.swift -primary-file /Users/alp/Documents/coding/speed_read/SpeedRead/Services/EPUBParser.swift -primary-file /Users/alp/Documents/coding/speed_read/SpeedRead/Services/SettingsManager.swift /Users/alp/Documents/coding/speed_read/SpeedRead/Services/PDFParsingService.swift /Users/alp/Documents/coding/speed_read/SpeedRead/Views/ExploreView.swift /Users/alp/Documents/coding/speed_read/SpeedRead/Services/ThumbnailManager.swift /Users/alp/Documents/coding/speed_read/SpeedRead/Views/LibraryView.swift /Users/alp/Documents/coding/speed_read/SpeedRead/Models/NavigationPoint.swift /Users/alp/Documents/coding/speed_read/SpeedRead/Views/CustomTabBar.swift /Users/alp/Documents/coding/speed_read/SpeedRead/Views/DocumentPicker.swift /Users/alp/Documents/coding/speed_read/SpeedRead/Views/ParagraphView.swift /Users/alp/Documents/coding/speed_read/SpeedRead/Views/ContentView.swift /Users/alp/Documents/coding/speed_read/SpeedRead/ViewModels/RSVPViewModel.swift /Users/alp/Documents/coding/speed_read/SpeedRead/Views/WordSearchView.swift /Users/alp/Documents/coding/speed_read/SpeedRead/Views/RSVPView.swift /Users/alp/Documents/coding/speed_read/SpeedRead/Views/SettingsView.swift /Users/alp/Documents/coding/speed_read/SpeedRead/Views/ChapterListView.swift /Users/alp/Documents/coding/speed_read/SpeedRead/Views/WordDisplayView.swift /Users/alp/Documents/coding/speed_read/SpeedRead/Views/VerticalSlider.swift -supplementary-output-file-map /Users/alp/Library/Developer/Xcode/DerivedData/Axilo-ddceprimmkxjtoehwwbzsjlcvxeq/Build/Intermediates.noindex/Axilo.build/Debug-iphoneos/AxiloShare.build/Objects-normal/arm64/supplementaryOutputs-8 -emit-localized-strings -emit-localized-strings-path /Users/alp/Library/Developer/Xcode/DerivedData/Axilo-ddceprimmkxjtoehwwbzsjlcvxeq/Build/Intermediates.noindex/Axilo.build/Debug-iphoneos/AxiloShare.build/Objects-normal/arm64 -target arm64-apple-ios18.2 -Xllvm -aarch64-use-tbi -enable-objc-interop -stack-check -sdk /Applications/Xcode.app/Contents/Developer/Platforms/iPhoneOS.platform/Developer/SDKs/iPhoneOS18.2.sdk -I /Users/alp/Library/Developer/Xcode/DerivedData/Axilo-ddceprimmkxjtoehwwbzsjlcvxeq/Build/Products/Debug-iphoneos -F /Users/alp/Library/Developer/Xcode/DerivedData/Axilo-ddceprimmkxjtoehwwbzsjlcvxeq/Build/Products/Debug-iphoneos/PackageFrameworks -F /Users/alp/Library/Developer/Xcode/DerivedData/Axilo-ddceprimmkxjtoehwwbzsjlcvxeq/Build/Products/Debug-iphoneos -no-color-diagnostics -application-extension -enable-testing -g -debug-info-format\=dwarf -dwarf-version\=5 -module-cache-path /Users/alp/Library/Developer/Xcode/DerivedData/ModuleCache.noindex -swift-version 5 -enforce-exclusivity\=checked -Onone -D DEBUG -serialize-debugging-options -const-gather-protocols-file /Users/alp/Library/Developer/Xcode/DerivedData/Axilo-ddceprimmkxjtoehwwbzsjlcvxeq/Build/Intermediates.noindex/Axilo.build/Debug-iphoneos/AxiloShare.build/Objects-normal/arm64/AxiloShare_const_extract_protocols.json -enable-experimental-feature DebugDescriptionMacro -enable-experimental-feature OpaqueTypeErasure -enable-bare-slash-regex -empty-abi-descriptor -validate-clang-modules-once -clang-build-session-file /Users/alp/Library/Developer/Xcode/DerivedData/ModuleCache.noindex/Session.modulevalidation -Xcc -working-directory -Xcc /Users/alp/Documents/coding/speed_read -resource-dir /Applications/Xcode.app/Contents/Developer/Toolchains/XcodeDefault.xctoolchain/usr/lib/swift -enable-anonymous-context-mangled-names -file-compilation-dir /Users/alp/Documents/coding/speed_read -Xcc -D_LIBCPP_HARDENING_MODE\=_LIBCPP_HARDENING_MODE_DEBUG -Xcc -ivfsstatcache -Xcc /Users/alp/Library/Developer/Xcode/DerivedData/SDKStatCaches.noindex/iphoneos18.2-22C146-d5b9239ec3bf5b3adbecdf21472871e3.sdkstatcache -Xcc -I/Users/alp/Library/Developer/Xcode/DerivedData/Axilo-ddceprimmkxjtoehwwbzsjlcvxeq/Build/Intermediates.noindex/Axilo.build/Debug-iphoneos/AxiloShare.build/swift-overrides.hmap -Xcc -iquote -Xcc /Users/alp/Library/Developer/Xcode/DerivedData/Axilo-ddceprimmkxjtoehwwbzsjlcvxeq/Build/Intermediates.noindex/Axilo.build/Debug-iphoneos/AxiloShare.build/AxiloShare-generated-files.hmap -Xcc -I/Users/alp/Library/Developer/Xcode/DerivedData/Axilo-ddceprimmkxjtoehwwbzsjlcvxeq/Build/Intermediates.noindex/Axilo.build/Debug-iphoneos/AxiloShare.build/AxiloShare-own-target-headers.hmap -Xcc -I/Users/alp/Library/Developer/Xcode/DerivedData/Axilo-ddceprimmkxjtoehwwbzsjlcvxeq/Build/Intermediates.noindex/Axilo.build/Debug-iphoneos/AxiloShare.build/AxiloShare-all-non-framework-target-headers.hmap -Xcc -ivfsoverlay -Xcc /Users/alp/Library/Developer/Xcode/DerivedData/Axilo-ddceprimmkxjtoehwwbzsjlcvxeq/Build/Intermediates.noindex/Axilo.build/Debug-iphoneos/Axilo-e81d69d167653b048501db775bf85700-VFS-iphoneos/all-product-headers.yaml -Xcc -iquote -Xcc /Users/alp/Library/Developer/Xcode/DerivedData/Axilo-ddceprimmkxjtoehwwbzsjlcvxeq/Build/Intermediates.noindex/Axilo.build/Debug-iphoneos/AxiloShare.build/AxiloShare-project-headers.hmap -Xcc -I/Users/alp/Library/Developer/Xcode/DerivedData/Axilo-ddceprimmkxjtoehwwbzsjlcvxeq/Build/Products/Debug-iphoneos/include -Xcc -I/Users/alp/Library/Developer/Xcode/DerivedData/Axilo-ddceprimmkxjtoehwwbzsjlcvxeq/Build/Intermediates.noindex/Axilo.build/Debug-iphoneos/AxiloShare.build/DerivedSources-normal/arm64 -Xcc -I/Users/alp/Library/Developer/Xcode/DerivedData/Axilo-ddceprimmkxjtoehwwbzsjlcvxeq/Build/Intermediates.noindex/Axilo.build/Debug-iphoneos/AxiloShare.build/DerivedSources/arm64 -Xcc -I/Users/alp/Library/Developer/Xcode/DerivedData/Axilo-ddceprimmkxjtoehwwbzsjlcvxeq/Build/Intermediates.noindex/Axilo.build/Debug-iphoneos/AxiloShare.build/DerivedSources -Xcc -DDEBUG\=1 -module-name AxiloShare -frontend-parseable-output -disable-clang-spi -target-sdk-version 18.2 -target-sdk-name iphoneos18.2 -external-plugin-path /Applications/Xcode.app/Contents/Developer/Platforms/iPhoneOS.platform/Developer/usr/lib/swift/host/plugins\#/Applications/Xcode.app/Contents/Developer/Platforms/iPhoneOS.platform/Developer/usr/bin/swift-plugin-server -external-plugin-path /Applications/Xcode.app/Contents/Developer/Platforms/iPhoneOS.platform/Developer/usr/local/lib/swift/host/plugins\#/Applications/Xcode.app/Contents/Developer/Platforms/iPhoneOS.platform/Developer/usr/bin/swift-plugin-server -plugin-path /Applications/Xcode.app/Contents/Developer/Toolchains/XcodeDefault.xctoolchain/usr/lib/swift/host/plugins -plugin-path /Applications/Xcode.app/Contents/Developer/Toolchains/XcodeDefault.xctoolchain/usr/local/lib/swift/host/plugins -o /Users/alp/Library/Developer/Xcode/DerivedData/Axilo-ddceprimmkxjtoehwwbzsjlcvxeq/Build/Intermediates.noindex/Axilo.build/Debug-iphoneos/AxiloShare.build/Objects-normal/arm64/OrientationManager.o -o /Users/alp/Library/Developer/Xcode/DerivedData/Axilo-ddceprimmkxjtoehwwbzsjlcvxeq/Build/Intermediates.noindex/Axilo.build/Debug-iphoneos/AxiloShare.build/Objects-normal/arm64/BookSearchService.o -o /Users/alp/Library/Developer/Xcode/DerivedData/Axilo-ddceprimmkxjtoehwwbzsjlcvxeq/Build/Intermediates.noindex/Axilo.build/Debug-iphoneos/AxiloShare.build/Objects-normal/arm64/EPUBParser.o -o /Users/alp/Library/Developer/Xcode/DerivedData/Axilo-ddceprimmkxjtoehwwbzsjlcvxeq/Build/Intermediates.noindex/Axilo.build/Debug-iphoneos/AxiloShare.build/Objects-normal/arm64/SettingsManager.o -index-unit-output-path /Axilo.build/Debug-iphoneos/AxiloShare.build/Objects-normal/arm64/OrientationManager.o -index-unit-output-path /Axilo.build/Debug-iphoneos/AxiloShare.build/Objects-normal/arm64/BookSearchService.o -index-unit-output-path /Axilo.build/Debug-iphoneos/AxiloShare.build/Objects-normal/arm64/EPUBParser.o -index-unit-output-path /Axilo.build/Debug-iphoneos/AxiloShare.build/Objects-normal/arm64/SettingsManager.o -index-store-path /Users/alp/Library/Developer/Xcode/DerivedData/Axilo-ddceprimmkxjtoehwwbzsjlcvxeq/Index.noindex/DataStore -index-system-modules
/Users/alp/Documents/coding/speed_read/SpeedRead/Views/SettingsView.swift:78:1: error: extraneous '}' at top level
}
^

SwiftCompile normal arm64 /Users/alp/Documents/coding/speed_read/SpeedRead/Services/BookSearchService.swift (in target 'AxiloShare' from project 'Axilo')
    cd /Users/alp/Documents/coding/speed_read
    /Applications/Xcode.app/Contents/Developer/Toolchains/XcodeDefault.xctoolchain/usr/bin/swift-frontend -c /Users/alp/Documents/coding/speed_read/SpeedRead/Views/DocumentThumbnail.swift /Users/alp/Documents/coding/speed_read/SpeedRead/Services/PageChunker.swift /Users/alp/Documents/coding/speed_read/SpeedRead/Services/LibraryManager.swift /Users/alp/Documents/coding/speed_read/SpeedRead/Views/HomeView.swift /Users/alp/Documents/coding/speed_read/SpeedRead/Services/DocumentParser.swift /Users/alp/Documents/coding/speed_read/SpeedRead/Services/TextTokenizer.swift /Users/alp/Documents/coding/speed_read/SpeedRead/Services/HTMLHelper.swift /Users/alp/Documents/coding/speed_read/SpeedRead/Services/HeadingDetector.swift /Users/alp/Documents/coding/speed_read/SpeedRead/Resources/SampleText.swift /Users/alp/Documents/coding/speed_read/SpeedRead/Services/WordSearcher.swift /Users/alp/Documents/coding/speed_read/SpeedRead/Services/DOCXParser.swift /Users/alp/Documents/coding/speed_read/SpeedRead/Services/FontMetricsCache.swift /Users/alp/Documents/coding/speed_read/SpeedReadShare/InboxShareViewController.swift -primary-file /Users/alp/Documents/coding/speed_read/SpeedRead/Services/OrientationManager.swift -primary-file /Users/alp/Documents/coding/speed_read/SpeedRead/Services/BookSearchService.swift -primary-file /Users/alp/Documents/coding/speed_read/SpeedRead/Services/EPUBParser.swift -primary-file /Users/alp/Documents/coding/speed_read/SpeedRead/Services/SettingsManager.swift /Users/alp/Documents/coding/speed_read/SpeedRead/Services/PDFParsingService.swift /Users/alp/Documents/coding/speed_read/SpeedRead/Views/ExploreView.swift /Users/alp/Documents/coding/speed_read/SpeedRead/Services/ThumbnailManager.swift /Users/alp/Documents/coding/speed_read/SpeedRead/Views/LibraryView.swift /Users/alp/Documents/coding/speed_read/SpeedRead/Models/NavigationPoint.swift /Users/alp/Documents/coding/speed_read/SpeedRead/Views/CustomTabBar.swift /Users/alp/Documents/coding/speed_read/SpeedRead/Views/DocumentPicker.swift /Users/alp/Documents/coding/speed_read/SpeedRead/Views/ParagraphView.swift /Users/alp/Documents/coding/speed_read/SpeedRead/Views/ContentView.swift /Users/alp/Documents/coding/speed_read/SpeedRead/ViewModels/RSVPViewModel.swift /Users/alp/Documents/coding/speed_read/SpeedRead/Views/WordSearchView.swift /Users/alp/Documents/coding/speed_read/SpeedRead/Views/RSVPView.swift /Users/alp/Documents/coding/speed_read/SpeedRead/Views/SettingsView.swift /Users/alp/Documents/coding/speed_read/SpeedRead/Views/ChapterListView.swift /Users/alp/Documents/coding/speed_read/SpeedRead/Views/WordDisplayView.swift /Users/alp/Documents/coding/speed_read/SpeedRead/Views/VerticalSlider.swift -supplementary-output-file-map /Users/alp/Library/Developer/Xcode/DerivedData/Axilo-ddceprimmkxjtoehwwbzsjlcvxeq/Build/Intermediates.noindex/Axilo.build/Debug-iphoneos/AxiloShare.build/Objects-normal/arm64/supplementaryOutputs-8 -emit-localized-strings -emit-localized-strings-path /Users/alp/Library/Developer/Xcode/DerivedData/Axilo-ddceprimmkxjtoehwwbzsjlcvxeq/Build/Intermediates.noindex/Axilo.build/Debug-iphoneos/AxiloShare.build/Objects-normal/arm64 -target arm64-apple-ios18.2 -Xllvm -aarch64-use-tbi -enable-objc-interop -stack-check -sdk /Applications/Xcode.app/Contents/Developer/Platforms/iPhoneOS.platform/Developer/SDKs/iPhoneOS18.2.sdk -I /Users/alp/Library/Developer/Xcode/DerivedData/Axilo-ddceprimmkxjtoehwwbzsjlcvxeq/Build/Products/Debug-iphoneos -F /Users/alp/Library/Developer/Xcode/DerivedData/Axilo-ddceprimmkxjtoehwwbzsjlcvxeq/Build/Products/Debug-iphoneos/PackageFrameworks -F /Users/alp/Library/Developer/Xcode/DerivedData/Axilo-ddceprimmkxjtoehwwbzsjlcvxeq/Build/Products/Debug-iphoneos -no-color-diagnostics -application-extension -enable-testing -g -debug-info-format\=dwarf -dwarf-version\=5 -module-cache-path /Users/alp/Library/Developer/Xcode/DerivedData/ModuleCache.noindex -swift-version 5 -enforce-exclusivity\=checked -Onone -D DEBUG -serialize-debugging-options -const-gather-protocols-file /Users/alp/Library/Developer/Xcode/DerivedData/Axilo-ddceprimmkxjtoehwwbzsjlcvxeq/Build/Intermediates.noindex/Axilo.build/Debug-iphoneos/AxiloShare.build/Objects-normal/arm64/AxiloShare_const_extract_protocols.json -enable-experimental-feature DebugDescriptionMacro -enable-experimental-feature OpaqueTypeErasure -enable-bare-slash-regex -empty-abi-descriptor -validate-clang-modules-once -clang-build-session-file /Users/alp/Library/Developer/Xcode/DerivedData/ModuleCache.noindex/Session.modulevalidation -Xcc -working-directory -Xcc /Users/alp/Documents/coding/speed_read -resource-dir /Applications/Xcode.app/Contents/Developer/Toolchains/XcodeDefault.xctoolchain/usr/lib/swift -enable-anonymous-context-mangled-names -file-compilation-dir /Users/alp/Documents/coding/speed_read -Xcc -D_LIBCPP_HARDENING_MODE\=_LIBCPP_HARDENING_MODE_DEBUG -Xcc -ivfsstatcache -Xcc /Users/alp/Library/Developer/Xcode/DerivedData/SDKStatCaches.noindex/iphoneos18.2-22C146-d5b9239ec3bf5b3adbecdf21472871e3.sdkstatcache -Xcc -I/Users/alp/Library/Developer/Xcode/DerivedData/Axilo-ddceprimmkxjtoehwwbzsjlcvxeq/Build/Intermediates.noindex/Axilo.build/Debug-iphoneos/AxiloShare.build/swift-overrides.hmap -Xcc -iquote -Xcc /Users/alp/Library/Developer/Xcode/DerivedData/Axilo-ddceprimmkxjtoehwwbzsjlcvxeq/Build/Intermediates.noindex/Axilo.build/Debug-iphoneos/AxiloShare.build/AxiloShare-generated-files.hmap -Xcc -I/Users/alp/Library/Developer/Xcode/DerivedData/Axilo-ddceprimmkxjtoehwwbzsjlcvxeq/Build/Intermediates.noindex/Axilo.build/Debug-iphoneos/AxiloShare.build/AxiloShare-own-target-headers.hmap -Xcc -I/Users/alp/Library/Developer/Xcode/DerivedData/Axilo-ddceprimmkxjtoehwwbzsjlcvxeq/Build/Intermediates.noindex/Axilo.build/Debug-iphoneos/AxiloShare.build/AxiloShare-all-non-framework-target-headers.hmap -Xcc -ivfsoverlay -Xcc /Users/alp/Library/Developer/Xcode/DerivedData/Axilo-ddceprimmkxjtoehwwbzsjlcvxeq/Build/Intermediates.noindex/Axilo.build/Debug-iphoneos/Axilo-e81d69d167653b048501db775bf85700-VFS-iphoneos/all-product-headers.yaml -Xcc -iquote -Xcc /Users/alp/Library/Developer/Xcode/DerivedData/Axilo-ddceprimmkxjtoehwwbzsjlcvxeq/Build/Intermediates.noindex/Axilo.build/Debug-iphoneos/AxiloShare.build/AxiloShare-project-headers.hmap -Xcc -I/Users/alp/Library/Developer/Xcode/DerivedData/Axilo-ddceprimmkxjtoehwwbzsjlcvxeq/Build/Products/Debug-iphoneos/include -Xcc -I/Users/alp/Library/Developer/Xcode/DerivedData/Axilo-ddceprimmkxjtoehwwbzsjlcvxeq/Build/Intermediates.noindex/Axilo.build/Debug-iphoneos/AxiloShare.build/DerivedSources-normal/arm64 -Xcc -I/Users/alp/Library/Developer/Xcode/DerivedData/Axilo-ddceprimmkxjtoehwwbzsjlcvxeq/Build/Intermediates.noindex/Axilo.build/Debug-iphoneos/AxiloShare.build/DerivedSources/arm64 -Xcc -I/Users/alp/Library/Developer/Xcode/DerivedData/Axilo-ddceprimmkxjtoehwwbzsjlcvxeq/Build/Intermediates.noindex/Axilo.build/Debug-iphoneos/AxiloShare.build/DerivedSources -Xcc -DDEBUG\=1 -module-name AxiloShare -frontend-parseable-output -disable-clang-spi -target-sdk-version 18.2 -target-sdk-name iphoneos18.2 -external-plugin-path /Applications/Xcode.app/Contents/Developer/Platforms/iPhoneOS.platform/Developer/usr/lib/swift/host/plugins\#/Applications/Xcode.app/Contents/Developer/Platforms/iPhoneOS.platform/Developer/usr/bin/swift-plugin-server -external-plugin-path /Applications/Xcode.app/Contents/Developer/Platforms/iPhoneOS.platform/Developer/usr/local/lib/swift/host/plugins\#/Applications/Xcode.app/Contents/Developer/Platforms/iPhoneOS.platform/Developer/usr/bin/swift-plugin-server -plugin-path /Applications/Xcode.app/Contents/Developer/Toolchains/XcodeDefault.xctoolchain/usr/lib/swift/host/plugins -plugin-path /Applications/Xcode.app/Contents/Developer/Toolchains/XcodeDefault.xctoolchain/usr/local/lib/swift/host/plugins -o /Users/alp/Library/Developer/Xcode/DerivedData/Axilo-ddceprimmkxjtoehwwbzsjlcvxeq/Build/Intermediates.noindex/Axilo.build/Debug-iphoneos/AxiloShare.build/Objects-normal/arm64/OrientationManager.o -o /Users/alp/Library/Developer/Xcode/DerivedData/Axilo-ddceprimmkxjtoehwwbzsjlcvxeq/Build/Intermediates.noindex/Axilo.build/Debug-iphoneos/AxiloShare.build/Objects-normal/arm64/BookSearchService.o -o /Users/alp/Library/Developer/Xcode/DerivedData/Axilo-ddceprimmkxjtoehwwbzsjlcvxeq/Build/Intermediates.noindex/Axilo.build/Debug-iphoneos/AxiloShare.build/Objects-normal/arm64/EPUBParser.o -o /Users/alp/Library/Developer/Xcode/DerivedData/Axilo-ddceprimmkxjtoehwwbzsjlcvxeq/Build/Intermediates.noindex/Axilo.build/Debug-iphoneos/AxiloShare.build/Objects-normal/arm64/SettingsManager.o -index-unit-output-path /Axilo.build/Debug-iphoneos/AxiloShare.build/Objects-normal/arm64/OrientationManager.o -index-unit-output-path /Axilo.build/Debug-iphoneos/AxiloShare.build/Objects-normal/arm64/BookSearchService.o -index-unit-output-path /Axilo.build/Debug-iphoneos/AxiloShare.build/Objects-normal/arm64/EPUBParser.o -index-unit-output-path /Axilo.build/Debug-iphoneos/AxiloShare.build/Objects-normal/arm64/SettingsManager.o -index-store-path /Users/alp/Library/Developer/Xcode/DerivedData/Axilo-ddceprimmkxjtoehwwbzsjlcvxeq/Index.noindex/DataStore -index-system-modules
/Users/alp/Documents/coding/speed_read/SpeedRead/Views/SettingsView.swift:78:1: error: extraneous '}' at top level
}
^

SwiftCompile normal arm64 /Users/alp/Documents/coding/speed_read/SpeedRead/Services/EPUBParser.swift (in target 'AxiloShare' from project 'Axilo')
    cd /Users/alp/Documents/coding/speed_read
    /Applications/Xcode.app/Contents/Developer/Toolchains/XcodeDefault.xctoolchain/usr/bin/swift-frontend -c /Users/alp/Documents/coding/speed_read/SpeedRead/Views/DocumentThumbnail.swift /Users/alp/Documents/coding/speed_read/SpeedRead/Services/PageChunker.swift /Users/alp/Documents/coding/speed_read/SpeedRead/Services/LibraryManager.swift /Users/alp/Documents/coding/speed_read/SpeedRead/Views/HomeView.swift /Users/alp/Documents/coding/speed_read/SpeedRead/Services/DocumentParser.swift /Users/alp/Documents/coding/speed_read/SpeedRead/Services/TextTokenizer.swift /Users/alp/Documents/coding/speed_read/SpeedRead/Services/HTMLHelper.swift /Users/alp/Documents/coding/speed_read/SpeedRead/Services/HeadingDetector.swift /Users/alp/Documents/coding/speed_read/SpeedRead/Resources/SampleText.swift /Users/alp/Documents/coding/speed_read/SpeedRead/Services/WordSearcher.swift /Users/alp/Documents/coding/speed_read/SpeedRead/Services/DOCXParser.swift /Users/alp/Documents/coding/speed_read/SpeedRead/Services/FontMetricsCache.swift /Users/alp/Documents/coding/speed_read/SpeedReadShare/InboxShareViewController.swift -primary-file /Users/alp/Documents/coding/speed_read/SpeedRead/Services/OrientationManager.swift -primary-file /Users/alp/Documents/coding/speed_read/SpeedRead/Services/BookSearchService.swift -primary-file /Users/alp/Documents/coding/speed_read/SpeedRead/Services/EPUBParser.swift -primary-file /Users/alp/Documents/coding/speed_read/SpeedRead/Services/SettingsManager.swift /Users/alp/Documents/coding/speed_read/SpeedRead/Services/PDFParsingService.swift /Users/alp/Documents/coding/speed_read/SpeedRead/Views/ExploreView.swift /Users/alp/Documents/coding/speed_read/SpeedRead/Services/ThumbnailManager.swift /Users/alp/Documents/coding/speed_read/SpeedRead/Views/LibraryView.swift /Users/alp/Documents/coding/speed_read/SpeedRead/Models/NavigationPoint.swift /Users/alp/Documents/coding/speed_read/SpeedRead/Views/CustomTabBar.swift /Users/alp/Documents/coding/speed_read/SpeedRead/Views/DocumentPicker.swift /Users/alp/Documents/coding/speed_read/SpeedRead/Views/ParagraphView.swift /Users/alp/Documents/coding/speed_read/SpeedRead/Views/ContentView.swift /Users/alp/Documents/coding/speed_read/SpeedRead/ViewModels/RSVPViewModel.swift /Users/alp/Documents/coding/speed_read/SpeedRead/Views/WordSearchView.swift /Users/alp/Documents/coding/speed_read/SpeedRead/Views/RSVPView.swift /Users/alp/Documents/coding/speed_read/SpeedRead/Views/SettingsView.swift /Users/alp/Documents/coding/speed_read/SpeedRead/Views/ChapterListView.swift /Users/alp/Documents/coding/speed_read/SpeedRead/Views/WordDisplayView.swift /Users/alp/Documents/coding/speed_read/SpeedRead/Views/VerticalSlider.swift -supplementary-output-file-map /Users/alp/Library/Developer/Xcode/DerivedData/Axilo-ddceprimmkxjtoehwwbzsjlcvxeq/Build/Intermediates.noindex/Axilo.build/Debug-iphoneos/AxiloShare.build/Objects-normal/arm64/supplementaryOutputs-8 -emit-localized-strings -emit-localized-strings-path /Users/alp/Library/Developer/Xcode/DerivedData/Axilo-ddceprimmkxjtoehwwbzsjlcvxeq/Build/Intermediates.noindex/Axilo.build/Debug-iphoneos/AxiloShare.build/Objects-normal/arm64 -target arm64-apple-ios18.2 -Xllvm -aarch64-use-tbi -enable-objc-interop -stack-check -sdk /Applications/Xcode.app/Contents/Developer/Platforms/iPhoneOS.platform/Developer/SDKs/iPhoneOS18.2.sdk -I /Users/alp/Library/Developer/Xcode/DerivedData/Axilo-ddceprimmkxjtoehwwbzsjlcvxeq/Build/Products/Debug-iphoneos -F /Users/alp/Library/Developer/Xcode/DerivedData/Axilo-ddceprimmkxjtoehwwbzsjlcvxeq/Build/Products/Debug-iphoneos/PackageFrameworks -F /Users/alp/Library/Developer/Xcode/DerivedData/Axilo-ddceprimmkxjtoehwwbzsjlcvxeq/Build/Products/Debug-iphoneos -no-color-diagnostics -application-extension -enable-testing -g -debug-info-format\=dwarf -dwarf-version\=5 -module-cache-path /Users/alp/Library/Developer/Xcode/DerivedData/ModuleCache.noindex -swift-version 5 -enforce-exclusivity\=checked -Onone -D DEBUG -serialize-debugging-options -const-gather-protocols-file /Users/alp/Library/Developer/Xcode/DerivedData/Axilo-ddceprimmkxjtoehwwbzsjlcvxeq/Build/Intermediates.noindex/Axilo.build/Debug-iphoneos/AxiloShare.build/Objects-normal/arm64/AxiloShare_const_extract_protocols.json -enable-experimental-feature DebugDescriptionMacro -enable-experimental-feature OpaqueTypeErasure -enable-bare-slash-regex -empty-abi-descriptor -validate-clang-modules-once -clang-build-session-file /Users/alp/Library/Developer/Xcode/DerivedData/ModuleCache.noindex/Session.modulevalidation -Xcc -working-directory -Xcc /Users/alp/Documents/coding/speed_read -resource-dir /Applications/Xcode.app/Contents/Developer/Toolchains/XcodeDefault.xctoolchain/usr/lib/swift -enable-anonymous-context-mangled-names -file-compilation-dir /Users/alp/Documents/coding/speed_read -Xcc -D_LIBCPP_HARDENING_MODE\=_LIBCPP_HARDENING_MODE_DEBUG -Xcc -ivfsstatcache -Xcc /Users/alp/Library/Developer/Xcode/DerivedData/SDKStatCaches.noindex/iphoneos18.2-22C146-d5b9239ec3bf5b3adbecdf21472871e3.sdkstatcache -Xcc -I/Users/alp/Library/Developer/Xcode/DerivedData/Axilo-ddceprimmkxjtoehwwbzsjlcvxeq/Build/Intermediates.noindex/Axilo.build/Debug-iphoneos/AxiloShare.build/swift-overrides.hmap -Xcc -iquote -Xcc /Users/alp/Library/Developer/Xcode/DerivedData/Axilo-ddceprimmkxjtoehwwbzsjlcvxeq/Build/Intermediates.noindex/Axilo.build/Debug-iphoneos/AxiloShare.build/AxiloShare-generated-files.hmap -Xcc -I/Users/alp/Library/Developer/Xcode/DerivedData/Axilo-ddceprimmkxjtoehwwbzsjlcvxeq/Build/Intermediates.noindex/Axilo.build/Debug-iphoneos/AxiloShare.build/AxiloShare-own-target-headers.hmap -Xcc -I/Users/alp/Library/Developer/Xcode/DerivedData/Axilo-ddceprimmkxjtoehwwbzsjlcvxeq/Build/Intermediates.noindex/Axilo.build/Debug-iphoneos/AxiloShare.build/AxiloShare-all-non-framework-target-headers.hmap -Xcc -ivfsoverlay -Xcc /Users/alp/Library/Developer/Xcode/DerivedData/Axilo-ddceprimmkxjtoehwwbzsjlcvxeq/Build/Intermediates.noindex/Axilo.build/Debug-iphoneos/Axilo-e81d69d167653b048501db775bf85700-VFS-iphoneos/all-product-headers.yaml -Xcc -iquote -Xcc /Users/alp/Library/Developer/Xcode/DerivedData/Axilo-ddceprimmkxjtoehwwbzsjlcvxeq/Build/Intermediates.noindex/Axilo.build/Debug-iphoneos/AxiloShare.build/AxiloShare-project-headers.hmap -Xcc -I/Users/alp/Library/Developer/Xcode/DerivedData/Axilo-ddceprimmkxjtoehwwbzsjlcvxeq/Build/Products/Debug-iphoneos/include -Xcc -I/Users/alp/Library/Developer/Xcode/DerivedData/Axilo-ddceprimmkxjtoehwwbzsjlcvxeq/Build/Intermediates.noindex/Axilo.build/Debug-iphoneos/AxiloShare.build/DerivedSources-normal/arm64 -Xcc -I/Users/alp/Library/Developer/Xcode/DerivedData/Axilo-ddceprimmkxjtoehwwbzsjlcvxeq/Build/Intermediates.noindex/Axilo.build/Debug-iphoneos/AxiloShare.build/DerivedSources/arm64 -Xcc -I/Users/alp/Library/Developer/Xcode/DerivedData/Axilo-ddceprimmkxjtoehwwbzsjlcvxeq/Build/Intermediates.noindex/Axilo.build/Debug-iphoneos/AxiloShare.build/DerivedSources -Xcc -DDEBUG\=1 -module-name AxiloShare -frontend-parseable-output -disable-clang-spi -target-sdk-version 18.2 -target-sdk-name iphoneos18.2 -external-plugin-path /Applications/Xcode.app/Contents/Developer/Platforms/iPhoneOS.platform/Developer/usr/lib/swift/host/plugins\#/Applications/Xcode.app/Contents/Developer/Platforms/iPhoneOS.platform/Developer/usr/bin/swift-plugin-server -external-plugin-path /Applications/Xcode.app/Contents/Developer/Platforms/iPhoneOS.platform/Developer/usr/local/lib/swift/host/plugins\#/Applications/Xcode.app/Contents/Developer/Platforms/iPhoneOS.platform/Developer/usr/bin/swift-plugin-server -plugin-path /Applications/Xcode.app/Contents/Developer/Toolchains/XcodeDefault.xctoolchain/usr/lib/swift/host/plugins -plugin-path /Applications/Xcode.app/Contents/Developer/Toolchains/XcodeDefault.xctoolchain/usr/local/lib/swift/host/plugins -o /Users/alp/Library/Developer/Xcode/DerivedData/Axilo-ddceprimmkxjtoehwwbzsjlcvxeq/Build/Intermediates.noindex/Axilo.build/Debug-iphoneos/AxiloShare.build/Objects-normal/arm64/OrientationManager.o -o /Users/alp/Library/Developer/Xcode/DerivedData/Axilo-ddceprimmkxjtoehwwbzsjlcvxeq/Build/Intermediates.noindex/Axilo.build/Debug-iphoneos/AxiloShare.build/Objects-normal/arm64/BookSearchService.o -o /Users/alp/Library/Developer/Xcode/DerivedData/Axilo-ddceprimmkxjtoehwwbzsjlcvxeq/Build/Intermediates.noindex/Axilo.build/Debug-iphoneos/AxiloShare.build/Objects-normal/arm64/EPUBParser.o -o /Users/alp/Library/Developer/Xcode/DerivedData/Axilo-ddceprimmkxjtoehwwbzsjlcvxeq/Build/Intermediates.noindex/Axilo.build/Debug-iphoneos/AxiloShare.build/Objects-normal/arm64/SettingsManager.o -index-unit-output-path /Axilo.build/Debug-iphoneos/AxiloShare.build/Objects-normal/arm64/OrientationManager.o -index-unit-output-path /Axilo.build/Debug-iphoneos/AxiloShare.build/Objects-normal/arm64/BookSearchService.o -index-unit-output-path /Axilo.build/Debug-iphoneos/AxiloShare.build/Objects-normal/arm64/EPUBParser.o -index-unit-output-path /Axilo.build/Debug-iphoneos/AxiloShare.build/Objects-normal/arm64/SettingsManager.o -index-store-path /Users/alp/Library/Developer/Xcode/DerivedData/Axilo-ddceprimmkxjtoehwwbzsjlcvxeq/Index.noindex/DataStore -index-system-modules
/Users/alp/Documents/coding/speed_read/SpeedRead/Views/SettingsView.swift:78:1: error: extraneous '}' at top level
}
^

SwiftCompile normal arm64 /Users/alp/Documents/coding/speed_read/SpeedRead/Services/SettingsManager.swift (in target 'AxiloShare' from project 'Axilo')
    cd /Users/alp/Documents/coding/speed_read
    /Applications/Xcode.app/Contents/Developer/Toolchains/XcodeDefault.xctoolchain/usr/bin/swift-frontend -c /Users/alp/Documents/coding/speed_read/SpeedRead/Views/DocumentThumbnail.swift /Users/alp/Documents/coding/speed_read/SpeedRead/Services/PageChunker.swift /Users/alp/Documents/coding/speed_read/SpeedRead/Services/LibraryManager.swift /Users/alp/Documents/coding/speed_read/SpeedRead/Views/HomeView.swift /Users/alp/Documents/coding/speed_read/SpeedRead/Services/DocumentParser.swift /Users/alp/Documents/coding/speed_read/SpeedRead/Services/TextTokenizer.swift /Users/alp/Documents/coding/speed_read/SpeedRead/Services/HTMLHelper.swift /Users/alp/Documents/coding/speed_read/SpeedRead/Services/HeadingDetector.swift /Users/alp/Documents/coding/speed_read/SpeedRead/Resources/SampleText.swift /Users/alp/Documents/coding/speed_read/SpeedRead/Services/WordSearcher.swift /Users/alp/Documents/coding/speed_read/SpeedRead/Services/DOCXParser.swift /Users/alp/Documents/coding/speed_read/SpeedRead/Services/FontMetricsCache.swift /Users/alp/Documents/coding/speed_read/SpeedReadShare/InboxShareViewController.swift -primary-file /Users/alp/Documents/coding/speed_read/SpeedRead/Services/OrientationManager.swift -primary-file /Users/alp/Documents/coding/speed_read/SpeedRead/Services/BookSearchService.swift -primary-file /Users/alp/Documents/coding/speed_read/SpeedRead/Services/EPUBParser.swift -primary-file /Users/alp/Documents/coding/speed_read/SpeedRead/Services/SettingsManager.swift /Users/alp/Documents/coding/speed_read/SpeedRead/Services/PDFParsingService.swift /Users/alp/Documents/coding/speed_read/SpeedRead/Views/ExploreView.swift /Users/alp/Documents/coding/speed_read/SpeedRead/Services/ThumbnailManager.swift /Users/alp/Documents/coding/speed_read/SpeedRead/Views/LibraryView.swift /Users/alp/Documents/coding/speed_read/SpeedRead/Models/NavigationPoint.swift /Users/alp/Documents/coding/speed_read/SpeedRead/Views/CustomTabBar.swift /Users/alp/Documents/coding/speed_read/SpeedRead/Views/DocumentPicker.swift /Users/alp/Documents/coding/speed_read/SpeedRead/Views/ParagraphView.swift /Users/alp/Documents/coding/speed_read/SpeedRead/Views/ContentView.swift /Users/alp/Documents/coding/speed_read/SpeedRead/ViewModels/RSVPViewModel.swift /Users/alp/Documents/coding/speed_read/SpeedRead/Views/WordSearchView.swift /Users/alp/Documents/coding/speed_read/SpeedRead/Views/RSVPView.swift /Users/alp/Documents/coding/speed_read/SpeedRead/Views/SettingsView.swift /Users/alp/Documents/coding/speed_read/SpeedRead/Views/ChapterListView.swift /Users/alp/Documents/coding/speed_read/SpeedRead/Views/WordDisplayView.swift /Users/alp/Documents/coding/speed_read/SpeedRead/Views/VerticalSlider.swift -supplementary-output-file-map /Users/alp/Library/Developer/Xcode/DerivedData/Axilo-ddceprimmkxjtoehwwbzsjlcvxeq/Build/Intermediates.noindex/Axilo.build/Debug-iphoneos/AxiloShare.build/Objects-normal/arm64/supplementaryOutputs-8 -emit-localized-strings -emit-localized-strings-path /Users/alp/Library/Developer/Xcode/DerivedData/Axilo-ddceprimmkxjtoehwwbzsjlcvxeq/Build/Intermediates.noindex/Axilo.build/Debug-iphoneos/AxiloShare.build/Objects-normal/arm64 -target arm64-apple-ios18.2 -Xllvm -aarch64-use-tbi -enable-objc-interop -stack-check -sdk /Applications/Xcode.app/Contents/Developer/Platforms/iPhoneOS.platform/Developer/SDKs/iPhoneOS18.2.sdk -I /Users/alp/Library/Developer/Xcode/DerivedData/Axilo-ddceprimmkxjtoehwwbzsjlcvxeq/Build/Products/Debug-iphoneos -F /Users/alp/Library/Developer/Xcode/DerivedData/Axilo-ddceprimmkxjtoehwwbzsjlcvxeq/Build/Products/Debug-iphoneos/PackageFrameworks -F /Users/alp/Library/Developer/Xcode/DerivedData/Axilo-ddceprimmkxjtoehwwbzsjlcvxeq/Build/Products/Debug-iphoneos -no-color-diagnostics -application-extension -enable-testing -g -debug-info-format\=dwarf -dwarf-version\=5 -module-cache-path /Users/alp/Library/Developer/Xcode/DerivedData/ModuleCache.noindex -swift-version 5 -enforce-exclusivity\=checked -Onone -D DEBUG -serialize-debugging-options -const-gather-protocols-file /Users/alp/Library/Developer/Xcode/DerivedData/Axilo-ddceprimmkxjtoehwwbzsjlcvxeq/Build/Intermediates.noindex/Axilo.build/Debug-iphoneos/AxiloShare.build/Objects-normal/arm64/AxiloShare_const_extract_protocols.json -enable-experimental-feature DebugDescriptionMacro -enable-experimental-feature OpaqueTypeErasure -enable-bare-slash-regex -empty-abi-descriptor -validate-clang-modules-once -clang-build-session-file /Users/alp/Library/Developer/Xcode/DerivedData/ModuleCache.noindex/Session.modulevalidation -Xcc -working-directory -Xcc /Users/alp/Documents/coding/speed_read -resource-dir /Applications/Xcode.app/Contents/Developer/Toolchains/XcodeDefault.xctoolchain/usr/lib/swift -enable-anonymous-context-mangled-names -file-compilation-dir /Users/alp/Documents/coding/speed_read -Xcc -D_LIBCPP_HARDENING_MODE\=_LIBCPP_HARDENING_MODE_DEBUG -Xcc -ivfsstatcache -Xcc /Users/alp/Library/Developer/Xcode/DerivedData/SDKStatCaches.noindex/iphoneos18.2-22C146-d5b9239ec3bf5b3adbecdf21472871e3.sdkstatcache -Xcc -I/Users/alp/Library/Developer/Xcode/DerivedData/Axilo-ddceprimmkxjtoehwwbzsjlcvxeq/Build/Intermediates.noindex/Axilo.build/Debug-iphoneos/AxiloShare.build/swift-overrides.hmap -Xcc -iquote -Xcc /Users/alp/Library/Developer/Xcode/DerivedData/Axilo-ddceprimmkxjtoehwwbzsjlcvxeq/Build/Intermediates.noindex/Axilo.build/Debug-iphoneos/AxiloShare.build/AxiloShare-generated-files.hmap -Xcc -I/Users/alp/Library/Developer/Xcode/DerivedData/Axilo-ddceprimmkxjtoehwwbzsjlcvxeq/Build/Intermediates.noindex/Axilo.build/Debug-iphoneos/AxiloShare.build/AxiloShare-own-target-headers.hmap -Xcc -I/Users/alp/Library/Developer/Xcode/DerivedData/Axilo-ddceprimmkxjtoehwwbzsjlcvxeq/Build/Intermediates.noindex/Axilo.build/Debug-iphoneos/AxiloShare.build/AxiloShare-all-non-framework-target-headers.hmap -Xcc -ivfsoverlay -Xcc /Users/alp/Library/Developer/Xcode/DerivedData/Axilo-ddceprimmkxjtoehwwbzsjlcvxeq/Build/Intermediates.noindex/Axilo.build/Debug-iphoneos/Axilo-e81d69d167653b048501db775bf85700-VFS-iphoneos/all-product-headers.yaml -Xcc -iquote -Xcc /Users/alp/Library/Developer/Xcode/DerivedData/Axilo-ddceprimmkxjtoehwwbzsjlcvxeq/Build/Intermediates.noindex/Axilo.build/Debug-iphoneos/AxiloShare.build/AxiloShare-project-headers.hmap -Xcc -I/Users/alp/Library/Developer/Xcode/DerivedData/Axilo-ddceprimmkxjtoehwwbzsjlcvxeq/Build/Products/Debug-iphoneos/include -Xcc -I/Users/alp/Library/Developer/Xcode/DerivedData/Axilo-ddceprimmkxjtoehwwbzsjlcvxeq/Build/Intermediates.noindex/Axilo.build/Debug-iphoneos/AxiloShare.build/DerivedSources-normal/arm64 -Xcc -I/Users/alp/Library/Developer/Xcode/DerivedData/Axilo-ddceprimmkxjtoehwwbzsjlcvxeq/Build/Intermediates.noindex/Axilo.build/Debug-iphoneos/AxiloShare.build/DerivedSources/arm64 -Xcc -I/Users/alp/Library/Developer/Xcode/DerivedData/Axilo-ddceprimmkxjtoehwwbzsjlcvxeq/Build/Intermediates.noindex/Axilo.build/Debug-iphoneos/AxiloShare.build/DerivedSources -Xcc -DDEBUG\=1 -module-name AxiloShare -frontend-parseable-output -disable-clang-spi -target-sdk-version 18.2 -target-sdk-name iphoneos18.2 -external-plugin-path /Applications/Xcode.app/Contents/Developer/Platforms/iPhoneOS.platform/Developer/usr/lib/swift/host/plugins\#/Applications/Xcode.app/Contents/Developer/Platforms/iPhoneOS.platform/Developer/usr/bin/swift-plugin-server -external-plugin-path /Applications/Xcode.app/Contents/Developer/Platforms/iPhoneOS.platform/Developer/usr/local/lib/swift/host/plugins\#/Applications/Xcode.app/Contents/Developer/Platforms/iPhoneOS.platform/Developer/usr/bin/swift-plugin-server -plugin-path /Applications/Xcode.app/Contents/Developer/Toolchains/XcodeDefault.xctoolchain/usr/lib/swift/host/plugins -plugin-path /Applications/Xcode.app/Contents/Developer/Toolchains/XcodeDefault.xctoolchain/usr/local/lib/swift/host/plugins -o /Users/alp/Library/Developer/Xcode/DerivedData/Axilo-ddceprimmkxjtoehwwbzsjlcvxeq/Build/Intermediates.noindex/Axilo.build/Debug-iphoneos/AxiloShare.build/Objects-normal/arm64/OrientationManager.o -o /Users/alp/Library/Developer/Xcode/DerivedData/Axilo-ddceprimmkxjtoehwwbzsjlcvxeq/Build/Intermediates.noindex/Axilo.build/Debug-iphoneos/AxiloShare.build/Objects-normal/arm64/BookSearchService.o -o /Users/alp/Library/Developer/Xcode/DerivedData/Axilo-ddceprimmkxjtoehwwbzsjlcvxeq/Build/Intermediates.noindex/Axilo.build/Debug-iphoneos/AxiloShare.build/Objects-normal/arm64/EPUBParser.o -o /Users/alp/Library/Developer/Xcode/DerivedData/Axilo-ddceprimmkxjtoehwwbzsjlcvxeq/Build/Intermediates.noindex/Axilo.build/Debug-iphoneos/AxiloShare.build/Objects-normal/arm64/SettingsManager.o -index-unit-output-path /Axilo.build/Debug-iphoneos/AxiloShare.build/Objects-normal/arm64/OrientationManager.o -index-unit-output-path /Axilo.build/Debug-iphoneos/AxiloShare.build/Objects-normal/arm64/BookSearchService.o -index-unit-output-path /Axilo.build/Debug-iphoneos/AxiloShare.build/Objects-normal/arm64/EPUBParser.o -index-unit-output-path /Axilo.build/Debug-iphoneos/AxiloShare.build/Objects-normal/arm64/SettingsManager.o -index-store-path /Users/alp/Library/Developer/Xcode/DerivedData/Axilo-ddceprimmkxjtoehwwbzsjlcvxeq/Index.noindex/DataStore -index-system-modules
/Users/alp/Documents/coding/speed_read/SpeedRead/Views/SettingsView.swift:78:1: error: extraneous '}' at top level
}
^

SwiftEmitModule normal arm64 Emitting\ module\ for\ AxiloWeb (in target 'AxiloWeb' from project 'Axilo')
    cd /Users/alp/Documents/coding/speed_read
    builtin-swiftTaskExecution -- /Applications/Xcode.app/Contents/Developer/Toolchains/XcodeDefault.xctoolchain/usr/bin/swift-frontend -frontend -emit-module -experimental-skip-non-inlinable-function-bodies-without-types /Users/alp/Documents/coding/speed_read/SpeedRead/Views/DocumentThumbnail.swift /Users/alp/Documents/coding/speed_read/SpeedRead/Views/LibraryView.swift /Users/alp/Documents/coding/speed_read/SpeedRead/Views/DocumentPicker.swift /Users/alp/Documents/coding/speed_read/SpeedRead/Views/HomeView.swift /Users/alp/Documents/coding/speed_read/SpeedRead/Views/ParagraphView.swift /Users/alp/Documents/coding/speed_read/AxiloWeb/SafariWebExtensionHandler.swift /Users/alp/Documents/coding/speed_read/SpeedRead/Views/ContentView.swift /Users/alp/Documents/coding/speed_read/SpeedRead/Views/WordSearchView.swift /Users/alp/Documents/coding/speed_read/SpeedRead/Services/HeadingDetector.swift /Users/alp/Documents/coding/speed_read/SpeedRead/Resources/SampleText.swift /Users/alp/Documents/coding/speed_read/SpeedRead/Views/RSVPView.swift /Users/alp/Documents/coding/speed_read/SpeedRead/Views/SettingsView.swift /Users/alp/Documents/coding/speed_read/SpeedRead/Views/ChapterListView.swift /Users/alp/Documents/coding/speed_read/SpeedRead/Services/OrientationManager.swift /Users/alp/Documents/coding/speed_read/SpeedRead/Services/BookSearchService.swift /Users/alp/Documents/coding/speed_read/SpeedRead/Views/WordDisplayView.swift /Users/alp/Documents/coding/speed_read/SpeedRead/Views/VerticalSlider.swift /Users/alp/Documents/coding/speed_read/SpeedRead/Views/ExploreView.swift /Users/alp/Documents/coding/speed_read/SpeedRead/Services/PDFParsingService.swift /Users/alp/Documents/coding/speed_read/SpeedRead/Services/PageChunker.swift /Users/alp/Documents/coding/speed_read/SpeedRead/Models/NavigationPoint.swift /Users/alp/Documents/coding/speed_read/SpeedRead/Views/CustomTabBar.swift /Users/alp/Documents/coding/speed_read/SpeedRead/Services/LibraryManager.swift /Users/alp/Documents/coding/speed_read/SpeedRead/Services/DocumentParser.swift /Users/alp/Documents/coding/speed_read/SpeedRead/Services/TextTokenizer.swift /Users/alp/Documents/coding/speed_read/SpeedRead/ViewModels/RSVPViewModel.swift /Users/alp/Documents/coding/speed_read/SpeedRead/Services/HTMLHelper.swift /Users/alp/Documents/coding/speed_read/SpeedRead/Services/WordSearcher.swift /Users/alp/Documents/coding/speed_read/SpeedRead/Services/DOCXParser.swift /Users/alp/Documents/coding/speed_read/SpeedRead/Services/FontMetricsCache.swift /Users/alp/Documents/coding/speed_read/SpeedRead/Services/EPUBParser.swift /Users/alp/Documents/coding/speed_read/SpeedRead/Services/SettingsManager.swift /Users/alp/Documents/coding/speed_read/SpeedRead/Services/ThumbnailManager.swift -target arm64-apple-ios18.2 -Xllvm -aarch64-use-tbi -enable-objc-interop -stack-check -sdk /Applications/Xcode.app/Contents/Developer/Platforms/iPhoneOS.platform/Developer/SDKs/iPhoneOS18.2.sdk -I /Users/alp/Library/Developer/Xcode/DerivedData/Axilo-ddceprimmkxjtoehwwbzsjlcvxeq/Build/Products/Debug-iphoneos -F /Users/alp/Library/Developer/Xcode/DerivedData/Axilo-ddceprimmkxjtoehwwbzsjlcvxeq/Build/Products/Debug-iphoneos/PackageFrameworks -F /Users/alp/Library/Developer/Xcode/DerivedData/Axilo-ddceprimmkxjtoehwwbzsjlcvxeq/Build/Products/Debug-iphoneos -no-color-diagnostics -application-extension -enable-testing -g -debug-info-format\=dwarf -dwarf-version\=5 -module-cache-path /Users/alp/Library/Developer/Xcode/DerivedData/ModuleCache.noindex -swift-version 5 -enforce-exclusivity\=checked -Onone -D DEBUG -serialize-debugging-options -const-gather-protocols-file /Users/alp/Library/Developer/Xcode/DerivedData/Axilo-ddceprimmkxjtoehwwbzsjlcvxeq/Build/Intermediates.noindex/Axilo.build/Debug-iphoneos/AxiloWeb.build/Objects-normal/arm64/AxiloWeb_const_extract_protocols.json -enable-experimental-feature DebugDescriptionMacro -enable-experimental-feature OpaqueTypeErasure -enable-bare-slash-regex -empty-abi-descriptor -validate-clang-modules-once -clang-build-session-file /Users/alp/Library/Developer/Xcode/DerivedData/ModuleCache.noindex/Session.modulevalidation -Xcc -working-directory -Xcc /Users/alp/Documents/coding/speed_read -resource-dir /Applications/Xcode.app/Contents/Developer/Toolchains/XcodeDefault.xctoolchain/usr/lib/swift -enable-anonymous-context-mangled-names -file-compilation-dir /Users/alp/Documents/coding/speed_read -Xcc -D_LIBCPP_HARDENING_MODE\=_LIBCPP_HARDENING_MODE_DEBUG -Xcc -ivfsstatcache -Xcc /Users/alp/Library/Developer/Xcode/DerivedData/SDKStatCaches.noindex/iphoneos18.2-22C146-d5b9239ec3bf5b3adbecdf21472871e3.sdkstatcache -Xcc -I/Users/alp/Library/Developer/Xcode/DerivedData/Axilo-ddceprimmkxjtoehwwbzsjlcvxeq/Build/Intermediates.noindex/Axilo.build/Debug-iphoneos/AxiloWeb.build/swift-overrides.hmap -Xcc -iquote -Xcc /Users/alp/Library/Developer/Xcode/DerivedData/Axilo-ddceprimmkxjtoehwwbzsjlcvxeq/Build/Intermediates.noindex/Axilo.build/Debug-iphoneos/AxiloWeb.build/AxiloWeb-generated-files.hmap -Xcc -I/Users/alp/Library/Developer/Xcode/DerivedData/Axilo-ddceprimmkxjtoehwwbzsjlcvxeq/Build/Intermediates.noindex/Axilo.build/Debug-iphoneos/AxiloWeb.build/AxiloWeb-own-target-headers.hmap -Xcc -I/Users/alp/Library/Developer/Xcode/DerivedData/Axilo-ddceprimmkxjtoehwwbzsjlcvxeq/Build/Intermediates.noindex/Axilo.build/Debug-iphoneos/AxiloWeb.build/AxiloWeb-all-non-framework-target-headers.hmap -Xcc -ivfsoverlay -Xcc /Users/alp/Library/Developer/Xcode/DerivedData/Axilo-ddceprimmkxjtoehwwbzsjlcvxeq/Build/Intermediates.noindex/Axilo.build/Debug-iphoneos/Axilo-e81d69d167653b048501db775bf85700-VFS-iphoneos/all-product-headers.yaml -Xcc -iquote -Xcc /Users/alp/Library/Developer/Xcode/DerivedData/Axilo-ddceprimmkxjtoehwwbzsjlcvxeq/Build/Intermediates.noindex/Axilo.build/Debug-iphoneos/AxiloWeb.build/AxiloWeb-project-headers.hmap -Xcc -I/Users/alp/Library/Developer/Xcode/DerivedData/Axilo-ddceprimmkxjtoehwwbzsjlcvxeq/Build/Products/Debug-iphoneos/include -Xcc -I/Users/alp/Library/Developer/Xcode/DerivedData/Axilo-ddceprimmkxjtoehwwbzsjlcvxeq/Build/Intermediates.noindex/Axilo.build/Debug-iphoneos/AxiloWeb.build/DerivedSources-normal/arm64 -Xcc -I/Users/alp/Library/Developer/Xcode/DerivedData/Axilo-ddceprimmkxjtoehwwbzsjlcvxeq/Build/Intermediates.noindex/Axilo.build/Debug-iphoneos/AxiloWeb.build/DerivedSources/arm64 -Xcc -I/Users/alp/Library/Developer/Xcode/DerivedData/Axilo-ddceprimmkxjtoehwwbzsjlcvxeq/Build/Intermediates.noindex/Axilo.build/Debug-iphoneos/AxiloWeb.build/DerivedSources -Xcc -DDEBUG\=1 -module-name AxiloWeb -frontend-parseable-output -disable-clang-spi -target-sdk-version 18.2 -target-sdk-name iphoneos18.2 -external-plugin-path /Applications/Xcode.app/Contents/Developer/Platforms/iPhoneOS.platform/Developer/usr/lib/swift/host/plugins\#/Applications/Xcode.app/Contents/Developer/Platforms/iPhoneOS.platform/Developer/usr/bin/swift-plugin-server -external-plugin-path /Applications/Xcode.app/Contents/Developer/Platforms/iPhoneOS.platform/Developer/usr/local/lib/swift/host/plugins\#/Applications/Xcode.app/Contents/Developer/Platforms/iPhoneOS.platform/Developer/usr/bin/swift-plugin-server -plugin-path /Applications/Xcode.app/Contents/Developer/Toolchains/XcodeDefault.xctoolchain/usr/lib/swift/host/plugins -plugin-path /Applications/Xcode.app/Contents/Developer/Toolchains/XcodeDefault.xctoolchain/usr/local/lib/swift/host/plugins -emit-module-doc-path /Users/alp/Library/Developer/Xcode/DerivedData/Axilo-ddceprimmkxjtoehwwbzsjlcvxeq/Build/Intermediates.noindex/Axilo.build/Debug-iphoneos/AxiloWeb.build/Objects-normal/arm64/AxiloWeb.swiftdoc -emit-module-source-info-path /Users/alp/Library/Developer/Xcode/DerivedData/Axilo-ddceprimmkxjtoehwwbzsjlcvxeq/Build/Intermediates.noindex/Axilo.build/Debug-iphoneos/AxiloWeb.build/Objects-normal/arm64/AxiloWeb.swiftsourceinfo -emit-objc-header-path /Users/alp/Library/Developer/Xcode/DerivedData/Axilo-ddceprimmkxjtoehwwbzsjlcvxeq/Build/Intermediates.noindex/Axilo.build/Debug-iphoneos/AxiloWeb.build/Objects-normal/arm64/AxiloWeb-Swift.h -serialize-diagnostics-path /Users/alp/Library/Developer/Xcode/DerivedData/Axilo-ddceprimmkxjtoehwwbzsjlcvxeq/Build/Intermediates.noindex/Axilo.build/Debug-iphoneos/AxiloWeb.build/Objects-normal/arm64/AxiloWeb-master-emit-module.dia -emit-dependencies-path /Users/alp/Library/Developer/Xcode/DerivedData/Axilo-ddceprimmkxjtoehwwbzsjlcvxeq/Build/Intermediates.noindex/Axilo.build/Debug-iphoneos/AxiloWeb.build/Objects-normal/arm64/AxiloWeb-master-emit-module.d -o /Users/alp/Library/Developer/Xcode/DerivedData/Axilo-ddceprimmkxjtoehwwbzsjlcvxeq/Build/Intermediates.noindex/Axilo.build/Debug-iphoneos/AxiloWeb.build/Objects-normal/arm64/AxiloWeb.swiftmodule -emit-abi-descriptor-path /Users/alp/Library/Developer/Xcode/DerivedData/Axilo-ddceprimmkxjtoehwwbzsjlcvxeq/Build/Intermediates.noindex/Axilo.build/Debug-iphoneos/AxiloWeb.build/Objects-normal/arm64/AxiloWeb.abi.json

EmitSwiftModule normal arm64 (in target 'AxiloWeb' from project 'Axilo')
    cd /Users/alp/Documents/coding/speed_read
    /Applications/Xcode.app/Contents/Developer/Toolchains/XcodeDefault.xctoolchain/usr/bin/swift-frontend -emit-module -experimental-skip-non-inlinable-function-bodies-without-types /Users/alp/Documents/coding/speed_read/SpeedRead/Views/DocumentThumbnail.swift /Users/alp/Documents/coding/speed_read/SpeedRead/Views/LibraryView.swift /Users/alp/Documents/coding/speed_read/SpeedRead/Views/DocumentPicker.swift /Users/alp/Documents/coding/speed_read/SpeedRead/Views/HomeView.swift /Users/alp/Documents/coding/speed_read/SpeedRead/Views/ParagraphView.swift /Users/alp/Documents/coding/speed_read/AxiloWeb/SafariWebExtensionHandler.swift /Users/alp/Documents/coding/speed_read/SpeedRead/Views/ContentView.swift /Users/alp/Documents/coding/speed_read/SpeedRead/Views/WordSearchView.swift /Users/alp/Documents/coding/speed_read/SpeedRead/Services/HeadingDetector.swift /Users/alp/Documents/coding/speed_read/SpeedRead/Resources/SampleText.swift /Users/alp/Documents/coding/speed_read/SpeedRead/Views/RSVPView.swift /Users/alp/Documents/coding/speed_read/SpeedRead/Views/SettingsView.swift /Users/alp/Documents/coding/speed_read/SpeedRead/Views/ChapterListView.swift /Users/alp/Documents/coding/speed_read/SpeedRead/Services/OrientationManager.swift /Users/alp/Documents/coding/speed_read/SpeedRead/Services/BookSearchService.swift /Users/alp/Documents/coding/speed_read/SpeedRead/Views/WordDisplayView.swift /Users/alp/Documents/coding/speed_read/SpeedRead/Views/VerticalSlider.swift /Users/alp/Documents/coding/speed_read/SpeedRead/Views/ExploreView.swift /Users/alp/Documents/coding/speed_read/SpeedRead/Services/PDFParsingService.swift /Users/alp/Documents/coding/speed_read/SpeedRead/Services/PageChunker.swift /Users/alp/Documents/coding/speed_read/SpeedRead/Models/NavigationPoint.swift /Users/alp/Documents/coding/speed_read/SpeedRead/Views/CustomTabBar.swift /Users/alp/Documents/coding/speed_read/SpeedRead/Services/LibraryManager.swift /Users/alp/Documents/coding/speed_read/SpeedRead/Services/DocumentParser.swift /Users/alp/Documents/coding/speed_read/SpeedRead/Services/TextTokenizer.swift /Users/alp/Documents/coding/speed_read/SpeedRead/ViewModels/RSVPViewModel.swift /Users/alp/Documents/coding/speed_read/SpeedRead/Services/HTMLHelper.swift /Users/alp/Documents/coding/speed_read/SpeedRead/Services/WordSearcher.swift /Users/alp/Documents/coding/speed_read/SpeedRead/Services/DOCXParser.swift /Users/alp/Documents/coding/speed_read/SpeedRead/Services/FontMetricsCache.swift /Users/alp/Documents/coding/speed_read/SpeedRead/Services/EPUBParser.swift /Users/alp/Documents/coding/speed_read/SpeedRead/Services/SettingsManager.swift /Users/alp/Documents/coding/speed_read/SpeedRead/Services/ThumbnailManager.swift -target arm64-apple-ios18.2 -Xllvm -aarch64-use-tbi -enable-objc-interop -stack-check -sdk /Applications/Xcode.app/Contents/Developer/Platforms/iPhoneOS.platform/Developer/SDKs/iPhoneOS18.2.sdk -I /Users/alp/Library/Developer/Xcode/DerivedData/Axilo-ddceprimmkxjtoehwwbzsjlcvxeq/Build/Products/Debug-iphoneos -F /Users/alp/Library/Developer/Xcode/DerivedData/Axilo-ddceprimmkxjtoehwwbzsjlcvxeq/Build/Products/Debug-iphoneos/PackageFrameworks -F /Users/alp/Library/Developer/Xcode/DerivedData/Axilo-ddceprimmkxjtoehwwbzsjlcvxeq/Build/Products/Debug-iphoneos -no-color-diagnostics -application-extension -enable-testing -g -debug-info-format\=dwarf -dwarf-version\=5 -module-cache-path /Users/alp/Library/Developer/Xcode/DerivedData/ModuleCache.noindex -swift-version 5 -enforce-exclusivity\=checked -Onone -D DEBUG -serialize-debugging-options -const-gather-protocols-file /Users/alp/Library/Developer/Xcode/DerivedData/Axilo-ddceprimmkxjtoehwwbzsjlcvxeq/Build/Intermediates.noindex/Axilo.build/Debug-iphoneos/AxiloWeb.build/Objects-normal/arm64/AxiloWeb_const_extract_protocols.json -enable-experimental-feature DebugDescriptionMacro -enable-experimental-feature OpaqueTypeErasure -enable-bare-slash-regex -empty-abi-descriptor -validate-clang-modules-once -clang-build-session-file /Users/alp/Library/Developer/Xcode/DerivedData/ModuleCache.noindex/Session.modulevalidation -Xcc -working-directory -Xcc /Users/alp/Documents/coding/speed_read -resource-dir /Applications/Xcode.app/Contents/Developer/Toolchains/XcodeDefault.xctoolchain/usr/lib/swift -enable-anonymous-context-mangled-names -file-compilation-dir /Users/alp/Documents/coding/speed_read -Xcc -D_LIBCPP_HARDENING_MODE\=_LIBCPP_HARDENING_MODE_DEBUG -Xcc -ivfsstatcache -Xcc /Users/alp/Library/Developer/Xcode/DerivedData/SDKStatCaches.noindex/iphoneos18.2-22C146-d5b9239ec3bf5b3adbecdf21472871e3.sdkstatcache -Xcc -I/Users/alp/Library/Developer/Xcode/DerivedData/Axilo-ddceprimmkxjtoehwwbzsjlcvxeq/Build/Intermediates.noindex/Axilo.build/Debug-iphoneos/AxiloWeb.build/swift-overrides.hmap -Xcc -iquote -Xcc /Users/alp/Library/Developer/Xcode/DerivedData/Axilo-ddceprimmkxjtoehwwbzsjlcvxeq/Build/Intermediates.noindex/Axilo.build/Debug-iphoneos/AxiloWeb.build/AxiloWeb-generated-files.hmap -Xcc -I/Users/alp/Library/Developer/Xcode/DerivedData/Axilo-ddceprimmkxjtoehwwbzsjlcvxeq/Build/Intermediates.noindex/Axilo.build/Debug-iphoneos/AxiloWeb.build/AxiloWeb-own-target-headers.hmap -Xcc -I/Users/alp/Library/Developer/Xcode/DerivedData/Axilo-ddceprimmkxjtoehwwbzsjlcvxeq/Build/Intermediates.noindex/Axilo.build/Debug-iphoneos/AxiloWeb.build/AxiloWeb-all-non-framework-target-headers.hmap -Xcc -ivfsoverlay -Xcc /Users/alp/Library/Developer/Xcode/DerivedData/Axilo-ddceprimmkxjtoehwwbzsjlcvxeq/Build/Intermediates.noindex/Axilo.build/Debug-iphoneos/Axilo-e81d69d167653b048501db775bf85700-VFS-iphoneos/all-product-headers.yaml -Xcc -iquote -Xcc /Users/alp/Library/Developer/Xcode/DerivedData/Axilo-ddceprimmkxjtoehwwbzsjlcvxeq/Build/Intermediates.noindex/Axilo.build/Debug-iphoneos/AxiloWeb.build/AxiloWeb-project-headers.hmap -Xcc -I/Users/alp/Library/Developer/Xcode/DerivedData/Axilo-ddceprimmkxjtoehwwbzsjlcvxeq/Build/Products/Debug-iphoneos/include -Xcc -I/Users/alp/Library/Developer/Xcode/DerivedData/Axilo-ddceprimmkxjtoehwwbzsjlcvxeq/Build/Intermediates.noindex/Axilo.build/Debug-iphoneos/AxiloWeb.build/DerivedSources-normal/arm64 -Xcc -I/Users/alp/Library/Developer/Xcode/DerivedData/Axilo-ddceprimmkxjtoehwwbzsjlcvxeq/Build/Intermediates.noindex/Axilo.build/Debug-iphoneos/AxiloWeb.build/DerivedSources/arm64 -Xcc -I/Users/alp/Library/Developer/Xcode/DerivedData/Axilo-ddceprimmkxjtoehwwbzsjlcvxeq/Build/Intermediates.noindex/Axilo.build/Debug-iphoneos/AxiloWeb.build/DerivedSources -Xcc -DDEBUG\=1 -module-name AxiloWeb -frontend-parseable-output -disable-clang-spi -target-sdk-version 18.2 -target-sdk-name iphoneos18.2 -external-plugin-path /Applications/Xcode.app/Contents/Developer/Platforms/iPhoneOS.platform/Developer/usr/lib/swift/host/plugins\#/Applications/Xcode.app/Contents/Developer/Platforms/iPhoneOS.platform/Developer/usr/bin/swift-plugin-server -external-plugin-path /Applications/Xcode.app/Contents/Developer/Platforms/iPhoneOS.platform/Developer/usr/local/lib/swift/host/plugins\#/Applications/Xcode.app/Contents/Developer/Platforms/iPhoneOS.platform/Developer/usr/bin/swift-plugin-server -plugin-path /Applications/Xcode.app/Contents/Developer/Toolchains/XcodeDefault.xctoolchain/usr/lib/swift/host/plugins -plugin-path /Applications/Xcode.app/Contents/Developer/Toolchains/XcodeDefault.xctoolchain/usr/local/lib/swift/host/plugins -emit-module-doc-path /Users/alp/Library/Developer/Xcode/DerivedData/Axilo-ddceprimmkxjtoehwwbzsjlcvxeq/Build/Intermediates.noindex/Axilo.build/Debug-iphoneos/AxiloWeb.build/Objects-normal/arm64/AxiloWeb.swiftdoc -emit-module-source-info-path /Users/alp/Library/Developer/Xcode/DerivedData/Axilo-ddceprimmkxjtoehwwbzsjlcvxeq/Build/Intermediates.noindex/Axilo.build/Debug-iphoneos/AxiloWeb.build/Objects-normal/arm64/AxiloWeb.swiftsourceinfo -emit-objc-header-path /Users/alp/Library/Developer/Xcode/DerivedData/Axilo-ddceprimmkxjtoehwwbzsjlcvxeq/Build/Intermediates.noindex/Axilo.build/Debug-iphoneos/AxiloWeb.build/Objects-normal/arm64/AxiloWeb-Swift.h -serialize-diagnostics-path /Users/alp/Library/Developer/Xcode/DerivedData/Axilo-ddceprimmkxjtoehwwbzsjlcvxeq/Build/Intermediates.noindex/Axilo.build/Debug-iphoneos/AxiloWeb.build/Objects-normal/arm64/AxiloWeb-master-emit-module.dia -emit-dependencies-path /Users/alp/Library/Developer/Xcode/DerivedData/Axilo-ddceprimmkxjtoehwwbzsjlcvxeq/Build/Intermediates.noindex/Axilo.build/Debug-iphoneos/AxiloWeb.build/Objects-normal/arm64/AxiloWeb-master-emit-module.d -o /Users/alp/Library/Developer/Xcode/DerivedData/Axilo-ddceprimmkxjtoehwwbzsjlcvxeq/Build/Intermediates.noindex/Axilo.build/Debug-iphoneos/AxiloWeb.build/Objects-normal/arm64/AxiloWeb.swiftmodule -emit-abi-descriptor-path /Users/alp/Library/Developer/Xcode/DerivedData/Axilo-ddceprimmkxjtoehwwbzsjlcvxeq/Build/Intermediates.noindex/Axilo.build/Debug-iphoneos/AxiloWeb.build/Objects-normal/arm64/AxiloWeb.abi.json
/Users/alp/Documents/coding/speed_read/SpeedRead/Views/SettingsView.swift:78:1: error: extraneous '}' at top level
}
^
/Users/alp/Documents/coding/speed_read/SpeedRead/Views/SettingsView.swift:67:9: error: expected declaration
        .preferredColorScheme(settings.theme.colorScheme)
        ^
/Users/alp/Documents/coding/speed_read/SpeedRead/Views/SettingsView.swift:3:8: note: in declaration of 'SettingsView'
struct SettingsView: View {
       ^

SwiftCompile normal arm64 Compiling\ CustomTabBar.swift,\ LibraryManager.swift,\ DocumentParser.swift,\ TextTokenizer.swift /Users/alp/Documents/coding/speed_read/SpeedRead/Views/CustomTabBar.swift /Users/alp/Documents/coding/speed_read/SpeedRead/Services/LibraryManager.swift /Users/alp/Documents/coding/speed_read/SpeedRead/Services/DocumentParser.swift /Users/alp/Documents/coding/speed_read/SpeedRead/Services/TextTokenizer.swift (in target 'AxiloWeb' from project 'Axilo')
    cd /Users/alp/Documents/coding/speed_read
    builtin-swiftTaskExecution -- /Applications/Xcode.app/Contents/Developer/Toolchains/XcodeDefault.xctoolchain/usr/bin/swift-frontend -frontend -c /Users/alp/Documents/coding/speed_read/SpeedRead/Views/DocumentThumbnail.swift /Users/alp/Documents/coding/speed_read/SpeedRead/Views/LibraryView.swift /Users/alp/Documents/coding/speed_read/SpeedRead/Views/DocumentPicker.swift /Users/alp/Documents/coding/speed_read/SpeedRead/Views/HomeView.swift /Users/alp/Documents/coding/speed_read/SpeedRead/Views/ParagraphView.swift /Users/alp/Documents/coding/speed_read/AxiloWeb/SafariWebExtensionHandler.swift /Users/alp/Documents/coding/speed_read/SpeedRead/Views/ContentView.swift /Users/alp/Documents/coding/speed_read/SpeedRead/Views/WordSearchView.swift /Users/alp/Documents/coding/speed_read/SpeedRead/Services/HeadingDetector.swift /Users/alp/Documents/coding/speed_read/SpeedRead/Resources/SampleText.swift /Users/alp/Documents/coding/speed_read/SpeedRead/Views/RSVPView.swift /Users/alp/Documents/coding/speed_read/SpeedRead/Views/SettingsView.swift /Users/alp/Documents/coding/speed_read/SpeedRead/Views/ChapterListView.swift /Users/alp/Documents/coding/speed_read/SpeedRead/Services/OrientationManager.swift /Users/alp/Documents/coding/speed_read/SpeedRead/Services/BookSearchService.swift /Users/alp/Documents/coding/speed_read/SpeedRead/Views/WordDisplayView.swift /Users/alp/Documents/coding/speed_read/SpeedRead/Views/VerticalSlider.swift /Users/alp/Documents/coding/speed_read/SpeedRead/Views/ExploreView.swift /Users/alp/Documents/coding/speed_read/SpeedRead/Services/PDFParsingService.swift /Users/alp/Documents/coding/speed_read/SpeedRead/Services/PageChunker.swift /Users/alp/Documents/coding/speed_read/SpeedRead/Models/NavigationPoint.swift -primary-file /Users/alp/Documents/coding/speed_read/SpeedRead/Views/CustomTabBar.swift -primary-file /Users/alp/Documents/coding/speed_read/SpeedRead/Services/LibraryManager.swift -primary-file /Users/alp/Documents/coding/speed_read/SpeedRead/Services/DocumentParser.swift -primary-file /Users/alp/Documents/coding/speed_read/SpeedRead/Services/TextTokenizer.swift /Users/alp/Documents/coding/speed_read/SpeedRead/ViewModels/RSVPViewModel.swift /Users/alp/Documents/coding/speed_read/SpeedRead/Services/HTMLHelper.swift /Users/alp/Documents/coding/speed_read/SpeedRead/Services/WordSearcher.swift /Users/alp/Documents/coding/speed_read/SpeedRead/Services/DOCXParser.swift /Users/alp/Documents/coding/speed_read/SpeedRead/Services/FontMetricsCache.swift /Users/alp/Documents/coding/speed_read/SpeedRead/Services/EPUBParser.swift /Users/alp/Documents/coding/speed_read/SpeedRead/Services/SettingsManager.swift /Users/alp/Documents/coding/speed_read/SpeedRead/Services/ThumbnailManager.swift -supplementary-output-file-map /Users/alp/Library/Developer/Xcode/DerivedData/Axilo-ddceprimmkxjtoehwwbzsjlcvxeq/Build/Intermediates.noindex/Axilo.build/Debug-iphoneos/AxiloWeb.build/Objects-normal/arm64/supplementaryOutputs-11 -emit-localized-strings -emit-localized-strings-path /Users/alp/Library/Developer/Xcode/DerivedData/Axilo-ddceprimmkxjtoehwwbzsjlcvxeq/Build/Intermediates.noindex/Axilo.build/Debug-iphoneos/AxiloWeb.build/Objects-normal/arm64 -target arm64-apple-ios18.2 -Xllvm -aarch64-use-tbi -enable-objc-interop -stack-check -sdk /Applications/Xcode.app/Contents/Developer/Platforms/iPhoneOS.platform/Developer/SDKs/iPhoneOS18.2.sdk -I /Users/alp/Library/Developer/Xcode/DerivedData/Axilo-ddceprimmkxjtoehwwbzsjlcvxeq/Build/Products/Debug-iphoneos -F /Users/alp/Library/Developer/Xcode/DerivedData/Axilo-ddceprimmkxjtoehwwbzsjlcvxeq/Build/Products/Debug-iphoneos/PackageFrameworks -F /Users/alp/Library/Developer/Xcode/DerivedData/Axilo-ddceprimmkxjtoehwwbzsjlcvxeq/Build/Products/Debug-iphoneos -no-color-diagnostics -application-extension -enable-testing -g -debug-info-format\=dwarf -dwarf-version\=5 -module-cache-path /Users/alp/Library/Developer/Xcode/DerivedData/ModuleCache.noindex -swift-version 5 -enforce-exclusivity\=checked -Onone -D DEBUG -serialize-debugging-options -const-gather-protocols-file /Users/alp/Library/Developer/Xcode/DerivedData/Axilo-ddceprimmkxjtoehwwbzsjlcvxeq/Build/Intermediates.noindex/Axilo.build/Debug-iphoneos/AxiloWeb.build/Objects-normal/arm64/AxiloWeb_const_extract_protocols.json -enable-experimental-feature DebugDescriptionMacro -enable-experimental-feature OpaqueTypeErasure -enable-bare-slash-regex -empty-abi-descriptor -validate-clang-modules-once -clang-build-session-file /Users/alp/Library/Developer/Xcode/DerivedData/ModuleCache.noindex/Session.modulevalidation -Xcc -working-directory -Xcc /Users/alp/Documents/coding/speed_read -resource-dir /Applications/Xcode.app/Contents/Developer/Toolchains/XcodeDefault.xctoolchain/usr/lib/swift -enable-anonymous-context-mangled-names -file-compilation-dir /Users/alp/Documents/coding/speed_read -Xcc -D_LIBCPP_HARDENING_MODE\=_LIBCPP_HARDENING_MODE_DEBUG -Xcc -ivfsstatcache -Xcc /Users/alp/Library/Developer/Xcode/DerivedData/SDKStatCaches.noindex/iphoneos18.2-22C146-d5b9239ec3bf5b3adbecdf21472871e3.sdkstatcache -Xcc -I/Users/alp/Library/Developer/Xcode/DerivedData/Axilo-ddceprimmkxjtoehwwbzsjlcvxeq/Build/Intermediates.noindex/Axilo.build/Debug-iphoneos/AxiloWeb.build/swift-overrides.hmap -Xcc -iquote -Xcc /Users/alp/Library/Developer/Xcode/DerivedData/Axilo-ddceprimmkxjtoehwwbzsjlcvxeq/Build/Intermediates.noindex/Axilo.build/Debug-iphoneos/AxiloWeb.build/AxiloWeb-generated-files.hmap -Xcc -I/Users/alp/Library/Developer/Xcode/DerivedData/Axilo-ddceprimmkxjtoehwwbzsjlcvxeq/Build/Intermediates.noindex/Axilo.build/Debug-iphoneos/AxiloWeb.build/AxiloWeb-own-target-headers.hmap -Xcc -I/Users/alp/Library/Developer/Xcode/DerivedData/Axilo-ddceprimmkxjtoehwwbzsjlcvxeq/Build/Intermediates.noindex/Axilo.build/Debug-iphoneos/AxiloWeb.build/AxiloWeb-all-non-framework-target-headers.hmap -Xcc -ivfsoverlay -Xcc /Users/alp/Library/Developer/Xcode/DerivedData/Axilo-ddceprimmkxjtoehwwbzsjlcvxeq/Build/Intermediates.noindex/Axilo.build/Debug-iphoneos/Axilo-e81d69d167653b048501db775bf85700-VFS-iphoneos/all-product-headers.yaml -Xcc -iquote -Xcc /Users/alp/Library/Developer/Xcode/DerivedData/Axilo-ddceprimmkxjtoehwwbzsjlcvxeq/Build/Intermediates.noindex/Axilo.build/Debug-iphoneos/AxiloWeb.build/AxiloWeb-project-headers.hmap -Xcc -I/Users/alp/Library/Developer/Xcode/DerivedData/Axilo-ddceprimmkxjtoehwwbzsjlcvxeq/Build/Products/Debug-iphoneos/include -Xcc -I/Users/alp/Library/Developer/Xcode/DerivedData/Axilo-ddceprimmkxjtoehwwbzsjlcvxeq/Build/Intermediates.noindex/Axilo.build/Debug-iphoneos/AxiloWeb.build/DerivedSources-normal/arm64 -Xcc -I/Users/alp/Library/Developer/Xcode/DerivedData/Axilo-ddceprimmkxjtoehwwbzsjlcvxeq/Build/Intermediates.noindex/Axilo.build/Debug-iphoneos/AxiloWeb.build/DerivedSources/arm64 -Xcc -I/Users/alp/Library/Developer/Xcode/DerivedData/Axilo-ddceprimmkxjtoehwwbzsjlcvxeq/Build/Intermediates.noindex/Axilo.build/Debug-iphoneos/AxiloWeb.build/DerivedSources -Xcc -DDEBUG\=1 -module-name AxiloWeb -frontend-parseable-output -disable-clang-spi -target-sdk-version 18.2 -target-sdk-name iphoneos18.2 -external-plugin-path /Applications/Xcode.app/Contents/Developer/Platforms/iPhoneOS.platform/Developer/usr/lib/swift/host/plugins\#/Applications/Xcode.app/Contents/Developer/Platforms/iPhoneOS.platform/Developer/usr/bin/swift-plugin-server -external-plugin-path /Applications/Xcode.app/Contents/Developer/Platforms/iPhoneOS.platform/Developer/usr/local/lib/swift/host/plugins\#/Applications/Xcode.app/Contents/Developer/Platforms/iPhoneOS.platform/Developer/usr/bin/swift-plugin-server -plugin-path /Applications/Xcode.app/Contents/Developer/Toolchains/XcodeDefault.xctoolchain/usr/lib/swift/host/plugins -plugin-path /Applications/Xcode.app/Contents/Developer/Toolchains/XcodeDefault.xctoolchain/usr/local/lib/swift/host/plugins -o /Users/alp/Library/Developer/Xcode/DerivedData/Axilo-ddceprimmkxjtoehwwbzsjlcvxeq/Build/Intermediates.noindex/Axilo.build/Debug-iphoneos/AxiloWeb.build/Objects-normal/arm64/CustomTabBar.o -o /Users/alp/Library/Developer/Xcode/DerivedData/Axilo-ddceprimmkxjtoehwwbzsjlcvxeq/Build/Intermediates.noindex/Axilo.build/Debug-iphoneos/AxiloWeb.build/Objects-normal/arm64/LibraryManager.o -o /Users/alp/Library/Developer/Xcode/DerivedData/Axilo-ddceprimmkxjtoehwwbzsjlcvxeq/Build/Intermediates.noindex/Axilo.build/Debug-iphoneos/AxiloWeb.build/Objects-normal/arm64/DocumentParser.o -o /Users/alp/Library/Developer/Xcode/DerivedData/Axilo-ddceprimmkxjtoehwwbzsjlcvxeq/Build/Intermediates.noindex/Axilo.build/Debug-iphoneos/AxiloWeb.build/Objects-normal/arm64/TextTokenizer.o -index-unit-output-path /Axilo.build/Debug-iphoneos/AxiloWeb.build/Objects-normal/arm64/CustomTabBar.o -index-unit-output-path /Axilo.build/Debug-iphoneos/AxiloWeb.build/Objects-normal/arm64/LibraryManager.o -index-unit-output-path /Axilo.build/Debug-iphoneos/AxiloWeb.build/Objects-normal/arm64/DocumentParser.o -index-unit-output-path /Axilo.build/Debug-iphoneos/AxiloWeb.build/Objects-normal/arm64/TextTokenizer.o -index-store-path /Users/alp/Library/Developer/Xcode/DerivedData/Axilo-ddceprimmkxjtoehwwbzsjlcvxeq/Index.noindex/DataStore -index-system-modules

SwiftCompile normal arm64 /Users/alp/Documents/coding/speed_read/SpeedRead/Views/CustomTabBar.swift (in target 'AxiloWeb' from project 'Axilo')
    cd /Users/alp/Documents/coding/speed_read
    /Applications/Xcode.app/Contents/Developer/Toolchains/XcodeDefault.xctoolchain/usr/bin/swift-frontend -c /Users/alp/Documents/coding/speed_read/SpeedRead/Views/DocumentThumbnail.swift /Users/alp/Documents/coding/speed_read/SpeedRead/Views/LibraryView.swift /Users/alp/Documents/coding/speed_read/SpeedRead/Views/DocumentPicker.swift /Users/alp/Documents/coding/speed_read/SpeedRead/Views/HomeView.swift /Users/alp/Documents/coding/speed_read/SpeedRead/Views/ParagraphView.swift /Users/alp/Documents/coding/speed_read/AxiloWeb/SafariWebExtensionHandler.swift /Users/alp/Documents/coding/speed_read/SpeedRead/Views/ContentView.swift /Users/alp/Documents/coding/speed_read/SpeedRead/Views/WordSearchView.swift /Users/alp/Documents/coding/speed_read/SpeedRead/Services/HeadingDetector.swift /Users/alp/Documents/coding/speed_read/SpeedRead/Resources/SampleText.swift /Users/alp/Documents/coding/speed_read/SpeedRead/Views/RSVPView.swift /Users/alp/Documents/coding/speed_read/SpeedRead/Views/SettingsView.swift /Users/alp/Documents/coding/speed_read/SpeedRead/Views/ChapterListView.swift /Users/alp/Documents/coding/speed_read/SpeedRead/Services/OrientationManager.swift /Users/alp/Documents/coding/speed_read/SpeedRead/Services/BookSearchService.swift /Users/alp/Documents/coding/speed_read/SpeedRead/Views/WordDisplayView.swift /Users/alp/Documents/coding/speed_read/SpeedRead/Views/VerticalSlider.swift /Users/alp/Documents/coding/speed_read/SpeedRead/Views/ExploreView.swift /Users/alp/Documents/coding/speed_read/SpeedRead/Services/PDFParsingService.swift /Users/alp/Documents/coding/speed_read/SpeedRead/Services/PageChunker.swift /Users/alp/Documents/coding/speed_read/SpeedRead/Models/NavigationPoint.swift -primary-file /Users/alp/Documents/coding/speed_read/SpeedRead/Views/CustomTabBar.swift -primary-file /Users/alp/Documents/coding/speed_read/SpeedRead/Services/LibraryManager.swift -primary-file /Users/alp/Documents/coding/speed_read/SpeedRead/Services/DocumentParser.swift -primary-file /Users/alp/Documents/coding/speed_read/SpeedRead/Services/TextTokenizer.swift /Users/alp/Documents/coding/speed_read/SpeedRead/ViewModels/RSVPViewModel.swift /Users/alp/Documents/coding/speed_read/SpeedRead/Services/HTMLHelper.swift /Users/alp/Documents/coding/speed_read/SpeedRead/Services/WordSearcher.swift /Users/alp/Documents/coding/speed_read/SpeedRead/Services/DOCXParser.swift /Users/alp/Documents/coding/speed_read/SpeedRead/Services/FontMetricsCache.swift /Users/alp/Documents/coding/speed_read/SpeedRead/Services/EPUBParser.swift /Users/alp/Documents/coding/speed_read/SpeedRead/Services/SettingsManager.swift /Users/alp/Documents/coding/speed_read/SpeedRead/Services/ThumbnailManager.swift -supplementary-output-file-map /Users/alp/Library/Developer/Xcode/DerivedData/Axilo-ddceprimmkxjtoehwwbzsjlcvxeq/Build/Intermediates.noindex/Axilo.build/Debug-iphoneos/AxiloWeb.build/Objects-normal/arm64/supplementaryOutputs-11 -emit-localized-strings -emit-localized-strings-path /Users/alp/Library/Developer/Xcode/DerivedData/Axilo-ddceprimmkxjtoehwwbzsjlcvxeq/Build/Intermediates.noindex/Axilo.build/Debug-iphoneos/AxiloWeb.build/Objects-normal/arm64 -target arm64-apple-ios18.2 -Xllvm -aarch64-use-tbi -enable-objc-interop -stack-check -sdk /Applications/Xcode.app/Contents/Developer/Platforms/iPhoneOS.platform/Developer/SDKs/iPhoneOS18.2.sdk -I /Users/alp/Library/Developer/Xcode/DerivedData/Axilo-ddceprimmkxjtoehwwbzsjlcvxeq/Build/Products/Debug-iphoneos -F /Users/alp/Library/Developer/Xcode/DerivedData/Axilo-ddceprimmkxjtoehwwbzsjlcvxeq/Build/Products/Debug-iphoneos/PackageFrameworks -F /Users/alp/Library/Developer/Xcode/DerivedData/Axilo-ddceprimmkxjtoehwwbzsjlcvxeq/Build/Products/Debug-iphoneos -no-color-diagnostics -application-extension -enable-testing -g -debug-info-format\=dwarf -dwarf-version\=5 -module-cache-path /Users/alp/Library/Developer/Xcode/DerivedData/ModuleCache.noindex -swift-version 5 -enforce-exclusivity\=checked -Onone -D DEBUG -serialize-debugging-options -const-gather-protocols-file /Users/alp/Library/Developer/Xcode/DerivedData/Axilo-ddceprimmkxjtoehwwbzsjlcvxeq/Build/Intermediates.noindex/Axilo.build/Debug-iphoneos/AxiloWeb.build/Objects-normal/arm64/AxiloWeb_const_extract_protocols.json -enable-experimental-feature DebugDescriptionMacro -enable-experimental-feature OpaqueTypeErasure -enable-bare-slash-regex -empty-abi-descriptor -validate-clang-modules-once -clang-build-session-file /Users/alp/Library/Developer/Xcode/DerivedData/ModuleCache.noindex/Session.modulevalidation -Xcc -working-directory -Xcc /Users/alp/Documents/coding/speed_read -resource-dir /Applications/Xcode.app/Contents/Developer/Toolchains/XcodeDefault.xctoolchain/usr/lib/swift -enable-anonymous-context-mangled-names -file-compilation-dir /Users/alp/Documents/coding/speed_read -Xcc -D_LIBCPP_HARDENING_MODE\=_LIBCPP_HARDENING_MODE_DEBUG -Xcc -ivfsstatcache -Xcc /Users/alp/Library/Developer/Xcode/DerivedData/SDKStatCaches.noindex/iphoneos18.2-22C146-d5b9239ec3bf5b3adbecdf21472871e3.sdkstatcache -Xcc -I/Users/alp/Library/Developer/Xcode/DerivedData/Axilo-ddceprimmkxjtoehwwbzsjlcvxeq/Build/Intermediates.noindex/Axilo.build/Debug-iphoneos/AxiloWeb.build/swift-overrides.hmap -Xcc -iquote -Xcc /Users/alp/Library/Developer/Xcode/DerivedData/Axilo-ddceprimmkxjtoehwwbzsjlcvxeq/Build/Intermediates.noindex/Axilo.build/Debug-iphoneos/AxiloWeb.build/AxiloWeb-generated-files.hmap -Xcc -I/Users/alp/Library/Developer/Xcode/DerivedData/Axilo-ddceprimmkxjtoehwwbzsjlcvxeq/Build/Intermediates.noindex/Axilo.build/Debug-iphoneos/AxiloWeb.build/AxiloWeb-own-target-headers.hmap -Xcc -I/Users/alp/Library/Developer/Xcode/DerivedData/Axilo-ddceprimmkxjtoehwwbzsjlcvxeq/Build/Intermediates.noindex/Axilo.build/Debug-iphoneos/AxiloWeb.build/AxiloWeb-all-non-framework-target-headers.hmap -Xcc -ivfsoverlay -Xcc /Users/alp/Library/Developer/Xcode/DerivedData/Axilo-ddceprimmkxjtoehwwbzsjlcvxeq/Build/Intermediates.noindex/Axilo.build/Debug-iphoneos/Axilo-e81d69d167653b048501db775bf85700-VFS-iphoneos/all-product-headers.yaml -Xcc -iquote -Xcc /Users/alp/Library/Developer/Xcode/DerivedData/Axilo-ddceprimmkxjtoehwwbzsjlcvxeq/Build/Intermediates.noindex/Axilo.build/Debug-iphoneos/AxiloWeb.build/AxiloWeb-project-headers.hmap -Xcc -I/Users/alp/Library/Developer/Xcode/DerivedData/Axilo-ddceprimmkxjtoehwwbzsjlcvxeq/Build/Products/Debug-iphoneos/include -Xcc -I/Users/alp/Library/Developer/Xcode/DerivedData/Axilo-ddceprimmkxjtoehwwbzsjlcvxeq/Build/Intermediates.noindex/Axilo.build/Debug-iphoneos/AxiloWeb.build/DerivedSources-normal/arm64 -Xcc -I/Users/alp/Library/Developer/Xcode/DerivedData/Axilo-ddceprimmkxjtoehwwbzsjlcvxeq/Build/Intermediates.noindex/Axilo.build/Debug-iphoneos/AxiloWeb.build/DerivedSources/arm64 -Xcc -I/Users/alp/Library/Developer/Xcode/DerivedData/Axilo-ddceprimmkxjtoehwwbzsjlcvxeq/Build/Intermediates.noindex/Axilo.build/Debug-iphoneos/AxiloWeb.build/DerivedSources -Xcc -DDEBUG\=1 -module-name AxiloWeb -frontend-parseable-output -disable-clang-spi -target-sdk-version 18.2 -target-sdk-name iphoneos18.2 -external-plugin-path /Applications/Xcode.app/Contents/Developer/Platforms/iPhoneOS.platform/Developer/usr/lib/swift/host/plugins\#/Applications/Xcode.app/Contents/Developer/Platforms/iPhoneOS.platform/Developer/usr/bin/swift-plugin-server -external-plugin-path /Applications/Xcode.app/Contents/Developer/Platforms/iPhoneOS.platform/Developer/usr/local/lib/swift/host/plugins\#/Applications/Xcode.app/Contents/Developer/Platforms/iPhoneOS.platform/Developer/usr/bin/swift-plugin-server -plugin-path /Applications/Xcode.app/Contents/Developer/Toolchains/XcodeDefault.xctoolchain/usr/lib/swift/host/plugins -plugin-path /Applications/Xcode.app/Contents/Developer/Toolchains/XcodeDefault.xctoolchain/usr/local/lib/swift/host/plugins -o /Users/alp/Library/Developer/Xcode/DerivedData/Axilo-ddceprimmkxjtoehwwbzsjlcvxeq/Build/Intermediates.noindex/Axilo.build/Debug-iphoneos/AxiloWeb.build/Objects-normal/arm64/CustomTabBar.o -o /Users/alp/Library/Developer/Xcode/DerivedData/Axilo-ddceprimmkxjtoehwwbzsjlcvxeq/Build/Intermediates.noindex/Axilo.build/Debug-iphoneos/AxiloWeb.build/Objects-normal/arm64/LibraryManager.o -o /Users/alp/Library/Developer/Xcode/DerivedData/Axilo-ddceprimmkxjtoehwwbzsjlcvxeq/Build/Intermediates.noindex/Axilo.build/Debug-iphoneos/AxiloWeb.build/Objects-normal/arm64/DocumentParser.o -o /Users/alp/Library/Developer/Xcode/DerivedData/Axilo-ddceprimmkxjtoehwwbzsjlcvxeq/Build/Intermediates.noindex/Axilo.build/Debug-iphoneos/AxiloWeb.build/Objects-normal/arm64/TextTokenizer.o -index-unit-output-path /Axilo.build/Debug-iphoneos/AxiloWeb.build/Objects-normal/arm64/CustomTabBar.o -index-unit-output-path /Axilo.build/Debug-iphoneos/AxiloWeb.build/Objects-normal/arm64/LibraryManager.o -index-unit-output-path /Axilo.build/Debug-iphoneos/AxiloWeb.build/Objects-normal/arm64/DocumentParser.o -index-unit-output-path /Axilo.build/Debug-iphoneos/AxiloWeb.build/Objects-normal/arm64/TextTokenizer.o -index-store-path /Users/alp/Library/Developer/Xcode/DerivedData/Axilo-ddceprimmkxjtoehwwbzsjlcvxeq/Index.noindex/DataStore -index-system-modules

SwiftCompile normal arm64 /Users/alp/Documents/coding/speed_read/SpeedRead/Services/LibraryManager.swift (in target 'AxiloWeb' from project 'Axilo')
    cd /Users/alp/Documents/coding/speed_read
    /Applications/Xcode.app/Contents/Developer/Toolchains/XcodeDefault.xctoolchain/usr/bin/swift-frontend -c /Users/alp/Documents/coding/speed_read/SpeedRead/Views/DocumentThumbnail.swift /Users/alp/Documents/coding/speed_read/SpeedRead/Views/LibraryView.swift /Users/alp/Documents/coding/speed_read/SpeedRead/Views/DocumentPicker.swift /Users/alp/Documents/coding/speed_read/SpeedRead/Views/HomeView.swift /Users/alp/Documents/coding/speed_read/SpeedRead/Views/ParagraphView.swift /Users/alp/Documents/coding/speed_read/AxiloWeb/SafariWebExtensionHandler.swift /Users/alp/Documents/coding/speed_read/SpeedRead/Views/ContentView.swift /Users/alp/Documents/coding/speed_read/SpeedRead/Views/WordSearchView.swift /Users/alp/Documents/coding/speed_read/SpeedRead/Services/HeadingDetector.swift /Users/alp/Documents/coding/speed_read/SpeedRead/Resources/SampleText.swift /Users/alp/Documents/coding/speed_read/SpeedRead/Views/RSVPView.swift /Users/alp/Documents/coding/speed_read/SpeedRead/Views/SettingsView.swift /Users/alp/Documents/coding/speed_read/SpeedRead/Views/ChapterListView.swift /Users/alp/Documents/coding/speed_read/SpeedRead/Services/OrientationManager.swift /Users/alp/Documents/coding/speed_read/SpeedRead/Services/BookSearchService.swift /Users/alp/Documents/coding/speed_read/SpeedRead/Views/WordDisplayView.swift /Users/alp/Documents/coding/speed_read/SpeedRead/Views/VerticalSlider.swift /Users/alp/Documents/coding/speed_read/SpeedRead/Views/ExploreView.swift /Users/alp/Documents/coding/speed_read/SpeedRead/Services/PDFParsingService.swift /Users/alp/Documents/coding/speed_read/SpeedRead/Services/PageChunker.swift /Users/alp/Documents/coding/speed_read/SpeedRead/Models/NavigationPoint.swift -primary-file /Users/alp/Documents/coding/speed_read/SpeedRead/Views/CustomTabBar.swift -primary-file /Users/alp/Documents/coding/speed_read/SpeedRead/Services/LibraryManager.swift -primary-file /Users/alp/Documents/coding/speed_read/SpeedRead/Services/DocumentParser.swift -primary-file /Users/alp/Documents/coding/speed_read/SpeedRead/Services/TextTokenizer.swift /Users/alp/Documents/coding/speed_read/SpeedRead/ViewModels/RSVPViewModel.swift /Users/alp/Documents/coding/speed_read/SpeedRead/Services/HTMLHelper.swift /Users/alp/Documents/coding/speed_read/SpeedRead/Services/WordSearcher.swift /Users/alp/Documents/coding/speed_read/SpeedRead/Services/DOCXParser.swift /Users/alp/Documents/coding/speed_read/SpeedRead/Services/FontMetricsCache.swift /Users/alp/Documents/coding/speed_read/SpeedRead/Services/EPUBParser.swift /Users/alp/Documents/coding/speed_read/SpeedRead/Services/SettingsManager.swift /Users/alp/Documents/coding/speed_read/SpeedRead/Services/ThumbnailManager.swift -supplementary-output-file-map /Users/alp/Library/Developer/Xcode/DerivedData/Axilo-ddceprimmkxjtoehwwbzsjlcvxeq/Build/Intermediates.noindex/Axilo.build/Debug-iphoneos/AxiloWeb.build/Objects-normal/arm64/supplementaryOutputs-11 -emit-localized-strings -emit-localized-strings-path /Users/alp/Library/Developer/Xcode/DerivedData/Axilo-ddceprimmkxjtoehwwbzsjlcvxeq/Build/Intermediates.noindex/Axilo.build/Debug-iphoneos/AxiloWeb.build/Objects-normal/arm64 -target arm64-apple-ios18.2 -Xllvm -aarch64-use-tbi -enable-objc-interop -stack-check -sdk /Applications/Xcode.app/Contents/Developer/Platforms/iPhoneOS.platform/Developer/SDKs/iPhoneOS18.2.sdk -I /Users/alp/Library/Developer/Xcode/DerivedData/Axilo-ddceprimmkxjtoehwwbzsjlcvxeq/Build/Products/Debug-iphoneos -F /Users/alp/Library/Developer/Xcode/DerivedData/Axilo-ddceprimmkxjtoehwwbzsjlcvxeq/Build/Products/Debug-iphoneos/PackageFrameworks -F /Users/alp/Library/Developer/Xcode/DerivedData/Axilo-ddceprimmkxjtoehwwbzsjlcvxeq/Build/Products/Debug-iphoneos -no-color-diagnostics -application-extension -enable-testing -g -debug-info-format\=dwarf -dwarf-version\=5 -module-cache-path /Users/alp/Library/Developer/Xcode/DerivedData/ModuleCache.noindex -swift-version 5 -enforce-exclusivity\=checked -Onone -D DEBUG -serialize-debugging-options -const-gather-protocols-file /Users/alp/Library/Developer/Xcode/DerivedData/Axilo-ddceprimmkxjtoehwwbzsjlcvxeq/Build/Intermediates.noindex/Axilo.build/Debug-iphoneos/AxiloWeb.build/Objects-normal/arm64/AxiloWeb_const_extract_protocols.json -enable-experimental-feature DebugDescriptionMacro -enable-experimental-feature OpaqueTypeErasure -enable-bare-slash-regex -empty-abi-descriptor -validate-clang-modules-once -clang-build-session-file /Users/alp/Library/Developer/Xcode/DerivedData/ModuleCache.noindex/Session.modulevalidation -Xcc -working-directory -Xcc /Users/alp/Documents/coding/speed_read -resource-dir /Applications/Xcode.app/Contents/Developer/Toolchains/XcodeDefault.xctoolchain/usr/lib/swift -enable-anonymous-context-mangled-names -file-compilation-dir /Users/alp/Documents/coding/speed_read -Xcc -D_LIBCPP_HARDENING_MODE\=_LIBCPP_HARDENING_MODE_DEBUG -Xcc -ivfsstatcache -Xcc /Users/alp/Library/Developer/Xcode/DerivedData/SDKStatCaches.noindex/iphoneos18.2-22C146-d5b9239ec3bf5b3adbecdf21472871e3.sdkstatcache -Xcc -I/Users/alp/Library/Developer/Xcode/DerivedData/Axilo-ddceprimmkxjtoehwwbzsjlcvxeq/Build/Intermediates.noindex/Axilo.build/Debug-iphoneos/AxiloWeb.build/swift-overrides.hmap -Xcc -iquote -Xcc /Users/alp/Library/Developer/Xcode/DerivedData/Axilo-ddceprimmkxjtoehwwbzsjlcvxeq/Build/Intermediates.noindex/Axilo.build/Debug-iphoneos/AxiloWeb.build/AxiloWeb-generated-files.hmap -Xcc -I/Users/alp/Library/Developer/Xcode/DerivedData/Axilo-ddceprimmkxjtoehwwbzsjlcvxeq/Build/Intermediates.noindex/Axilo.build/Debug-iphoneos/AxiloWeb.build/AxiloWeb-own-target-headers.hmap -Xcc -I/Users/alp/Library/Developer/Xcode/DerivedData/Axilo-ddceprimmkxjtoehwwbzsjlcvxeq/Build/Intermediates.noindex/Axilo.build/Debug-iphoneos/AxiloWeb.build/AxiloWeb-all-non-framework-target-headers.hmap -Xcc -ivfsoverlay -Xcc /Users/alp/Library/Developer/Xcode/DerivedData/Axilo-ddceprimmkxjtoehwwbzsjlcvxeq/Build/Intermediates.noindex/Axilo.build/Debug-iphoneos/Axilo-e81d69d167653b048501db775bf85700-VFS-iphoneos/all-product-headers.yaml -Xcc -iquote -Xcc /Users/alp/Library/Developer/Xcode/DerivedData/Axilo-ddceprimmkxjtoehwwbzsjlcvxeq/Build/Intermediates.noindex/Axilo.build/Debug-iphoneos/AxiloWeb.build/AxiloWeb-project-headers.hmap -Xcc -I/Users/alp/Library/Developer/Xcode/DerivedData/Axilo-ddceprimmkxjtoehwwbzsjlcvxeq/Build/Products/Debug-iphoneos/include -Xcc -I/Users/alp/Library/Developer/Xcode/DerivedData/Axilo-ddceprimmkxjtoehwwbzsjlcvxeq/Build/Intermediates.noindex/Axilo.build/Debug-iphoneos/AxiloWeb.build/DerivedSources-normal/arm64 -Xcc -I/Users/alp/Library/Developer/Xcode/DerivedData/Axilo-ddceprimmkxjtoehwwbzsjlcvxeq/Build/Intermediates.noindex/Axilo.build/Debug-iphoneos/AxiloWeb.build/DerivedSources/arm64 -Xcc -I/Users/alp/Library/Developer/Xcode/DerivedData/Axilo-ddceprimmkxjtoehwwbzsjlcvxeq/Build/Intermediates.noindex/Axilo.build/Debug-iphoneos/AxiloWeb.build/DerivedSources -Xcc -DDEBUG\=1 -module-name AxiloWeb -frontend-parseable-output -disable-clang-spi -target-sdk-version 18.2 -target-sdk-name iphoneos18.2 -external-plugin-path /Applications/Xcode.app/Contents/Developer/Platforms/iPhoneOS.platform/Developer/usr/lib/swift/host/plugins\#/Applications/Xcode.app/Contents/Developer/Platforms/iPhoneOS.platform/Developer/usr/bin/swift-plugin-server -external-plugin-path /Applications/Xcode.app/Contents/Developer/Platforms/iPhoneOS.platform/Developer/usr/local/lib/swift/host/plugins\#/Applications/Xcode.app/Contents/Developer/Platforms/iPhoneOS.platform/Developer/usr/bin/swift-plugin-server -plugin-path /Applications/Xcode.app/Contents/Developer/Toolchains/XcodeDefault.xctoolchain/usr/lib/swift/host/plugins -plugin-path /Applications/Xcode.app/Contents/Developer/Toolchains/XcodeDefault.xctoolchain/usr/local/lib/swift/host/plugins -o /Users/alp/Library/Developer/Xcode/DerivedData/Axilo-ddceprimmkxjtoehwwbzsjlcvxeq/Build/Intermediates.noindex/Axilo.build/Debug-iphoneos/AxiloWeb.build/Objects-normal/arm64/CustomTabBar.o -o /Users/alp/Library/Developer/Xcode/DerivedData/Axilo-ddceprimmkxjtoehwwbzsjlcvxeq/Build/Intermediates.noindex/Axilo.build/Debug-iphoneos/AxiloWeb.build/Objects-normal/arm64/LibraryManager.o -o /Users/alp/Library/Developer/Xcode/DerivedData/Axilo-ddceprimmkxjtoehwwbzsjlcvxeq/Build/Intermediates.noindex/Axilo.build/Debug-iphoneos/AxiloWeb.build/Objects-normal/arm64/DocumentParser.o -o /Users/alp/Library/Developer/Xcode/DerivedData/Axilo-ddceprimmkxjtoehwwbzsjlcvxeq/Build/Intermediates.noindex/Axilo.build/Debug-iphoneos/AxiloWeb.build/Objects-normal/arm64/TextTokenizer.o -index-unit-output-path /Axilo.build/Debug-iphoneos/AxiloWeb.build/Objects-normal/arm64/CustomTabBar.o -index-unit-output-path /Axilo.build/Debug-iphoneos/AxiloWeb.build/Objects-normal/arm64/LibraryManager.o -index-unit-output-path /Axilo.build/Debug-iphoneos/AxiloWeb.build/Objects-normal/arm64/DocumentParser.o -index-unit-output-path /Axilo.build/Debug-iphoneos/AxiloWeb.build/Objects-normal/arm64/TextTokenizer.o -index-store-path /Users/alp/Library/Developer/Xcode/DerivedData/Axilo-ddceprimmkxjtoehwwbzsjlcvxeq/Index.noindex/DataStore -index-system-modules

SwiftCompile normal arm64 /Users/alp/Documents/coding/speed_read/SpeedRead/Services/DocumentParser.swift (in target 'AxiloWeb' from project 'Axilo')
    cd /Users/alp/Documents/coding/speed_read
    /Applications/Xcode.app/Contents/Developer/Toolchains/XcodeDefault.xctoolchain/usr/bin/swift-frontend -c /Users/alp/Documents/coding/speed_read/SpeedRead/Views/DocumentThumbnail.swift /Users/alp/Documents/coding/speed_read/SpeedRead/Views/LibraryView.swift /Users/alp/Documents/coding/speed_read/SpeedRead/Views/DocumentPicker.swift /Users/alp/Documents/coding/speed_read/SpeedRead/Views/HomeView.swift /Users/alp/Documents/coding/speed_read/SpeedRead/Views/ParagraphView.swift /Users/alp/Documents/coding/speed_read/AxiloWeb/SafariWebExtensionHandler.swift /Users/alp/Documents/coding/speed_read/SpeedRead/Views/ContentView.swift /Users/alp/Documents/coding/speed_read/SpeedRead/Views/WordSearchView.swift /Users/alp/Documents/coding/speed_read/SpeedRead/Services/HeadingDetector.swift /Users/alp/Documents/coding/speed_read/SpeedRead/Resources/SampleText.swift /Users/alp/Documents/coding/speed_read/SpeedRead/Views/RSVPView.swift /Users/alp/Documents/coding/speed_read/SpeedRead/Views/SettingsView.swift /Users/alp/Documents/coding/speed_read/SpeedRead/Views/ChapterListView.swift /Users/alp/Documents/coding/speed_read/SpeedRead/Services/OrientationManager.swift /Users/alp/Documents/coding/speed_read/SpeedRead/Services/BookSearchService.swift /Users/alp/Documents/coding/speed_read/SpeedRead/Views/WordDisplayView.swift /Users/alp/Documents/coding/speed_read/SpeedRead/Views/VerticalSlider.swift /Users/alp/Documents/coding/speed_read/SpeedRead/Views/ExploreView.swift /Users/alp/Documents/coding/speed_read/SpeedRead/Services/PDFParsingService.swift /Users/alp/Documents/coding/speed_read/SpeedRead/Services/PageChunker.swift /Users/alp/Documents/coding/speed_read/SpeedRead/Models/NavigationPoint.swift -primary-file /Users/alp/Documents/coding/speed_read/SpeedRead/Views/CustomTabBar.swift -primary-file /Users/alp/Documents/coding/speed_read/SpeedRead/Services/LibraryManager.swift -primary-file /Users/alp/Documents/coding/speed_read/SpeedRead/Services/DocumentParser.swift -primary-file /Users/alp/Documents/coding/speed_read/SpeedRead/Services/TextTokenizer.swift /Users/alp/Documents/coding/speed_read/SpeedRead/ViewModels/RSVPViewModel.swift /Users/alp/Documents/coding/speed_read/SpeedRead/Services/HTMLHelper.swift /Users/alp/Documents/coding/speed_read/SpeedRead/Services/WordSearcher.swift /Users/alp/Documents/coding/speed_read/SpeedRead/Services/DOCXParser.swift /Users/alp/Documents/coding/speed_read/SpeedRead/Services/FontMetricsCache.swift /Users/alp/Documents/coding/speed_read/SpeedRead/Services/EPUBParser.swift /Users/alp/Documents/coding/speed_read/SpeedRead/Services/SettingsManager.swift /Users/alp/Documents/coding/speed_read/SpeedRead/Services/ThumbnailManager.swift -supplementary-output-file-map /Users/alp/Library/Developer/Xcode/DerivedData/Axilo-ddceprimmkxjtoehwwbzsjlcvxeq/Build/Intermediates.noindex/Axilo.build/Debug-iphoneos/AxiloWeb.build/Objects-normal/arm64/supplementaryOutputs-11 -emit-localized-strings -emit-localized-strings-path /Users/alp/Library/Developer/Xcode/DerivedData/Axilo-ddceprimmkxjtoehwwbzsjlcvxeq/Build/Intermediates.noindex/Axilo.build/Debug-iphoneos/AxiloWeb.build/Objects-normal/arm64 -target arm64-apple-ios18.2 -Xllvm -aarch64-use-tbi -enable-objc-interop -stack-check -sdk /Applications/Xcode.app/Contents/Developer/Platforms/iPhoneOS.platform/Developer/SDKs/iPhoneOS18.2.sdk -I /Users/alp/Library/Developer/Xcode/DerivedData/Axilo-ddceprimmkxjtoehwwbzsjlcvxeq/Build/Products/Debug-iphoneos -F /Users/alp/Library/Developer/Xcode/DerivedData/Axilo-ddceprimmkxjtoehwwbzsjlcvxeq/Build/Products/Debug-iphoneos/PackageFrameworks -F /Users/alp/Library/Developer/Xcode/DerivedData/Axilo-ddceprimmkxjtoehwwbzsjlcvxeq/Build/Products/Debug-iphoneos -no-color-diagnostics -application-extension -enable-testing -g -debug-info-format\=dwarf -dwarf-version\=5 -module-cache-path /Users/alp/Library/Developer/Xcode/DerivedData/ModuleCache.noindex -swift-version 5 -enforce-exclusivity\=checked -Onone -D DEBUG -serialize-debugging-options -const-gather-protocols-file /Users/alp/Library/Developer/Xcode/DerivedData/Axilo-ddceprimmkxjtoehwwbzsjlcvxeq/Build/Intermediates.noindex/Axilo.build/Debug-iphoneos/AxiloWeb.build/Objects-normal/arm64/AxiloWeb_const_extract_protocols.json -enable-experimental-feature DebugDescriptionMacro -enable-experimental-feature OpaqueTypeErasure -enable-bare-slash-regex -empty-abi-descriptor -validate-clang-modules-once -clang-build-session-file /Users/alp/Library/Developer/Xcode/DerivedData/ModuleCache.noindex/Session.modulevalidation -Xcc -working-directory -Xcc /Users/alp/Documents/coding/speed_read -resource-dir /Applications/Xcode.app/Contents/Developer/Toolchains/XcodeDefault.xctoolchain/usr/lib/swift -enable-anonymous-context-mangled-names -file-compilation-dir /Users/alp/Documents/coding/speed_read -Xcc -D_LIBCPP_HARDENING_MODE\=_LIBCPP_HARDENING_MODE_DEBUG -Xcc -ivfsstatcache -Xcc /Users/alp/Library/Developer/Xcode/DerivedData/SDKStatCaches.noindex/iphoneos18.2-22C146-d5b9239ec3bf5b3adbecdf21472871e3.sdkstatcache -Xcc -I/Users/alp/Library/Developer/Xcode/DerivedData/Axilo-ddceprimmkxjtoehwwbzsjlcvxeq/Build/Intermediates.noindex/Axilo.build/Debug-iphoneos/AxiloWeb.build/swift-overrides.hmap -Xcc -iquote -Xcc /Users/alp/Library/Developer/Xcode/DerivedData/Axilo-ddceprimmkxjtoehwwbzsjlcvxeq/Build/Intermediates.noindex/Axilo.build/Debug-iphoneos/AxiloWeb.build/AxiloWeb-generated-files.hmap -Xcc -I/Users/alp/Library/Developer/Xcode/DerivedData/Axilo-ddceprimmkxjtoehwwbzsjlcvxeq/Build/Intermediates.noindex/Axilo.build/Debug-iphoneos/AxiloWeb.build/AxiloWeb-own-target-headers.hmap -Xcc -I/Users/alp/Library/Developer/Xcode/DerivedData/Axilo-ddceprimmkxjtoehwwbzsjlcvxeq/Build/Intermediates.noindex/Axilo.build/Debug-iphoneos/AxiloWeb.build/AxiloWeb-all-non-framework-target-headers.hmap -Xcc -ivfsoverlay -Xcc /Users/alp/Library/Developer/Xcode/DerivedData/Axilo-ddceprimmkxjtoehwwbzsjlcvxeq/Build/Intermediates.noindex/Axilo.build/Debug-iphoneos/Axilo-e81d69d167653b048501db775bf85700-VFS-iphoneos/all-product-headers.yaml -Xcc -iquote -Xcc /Users/alp/Library/Developer/Xcode/DerivedData/Axilo-ddceprimmkxjtoehwwbzsjlcvxeq/Build/Intermediates.noindex/Axilo.build/Debug-iphoneos/AxiloWeb.build/AxiloWeb-project-headers.hmap -Xcc -I/Users/alp/Library/Developer/Xcode/DerivedData/Axilo-ddceprimmkxjtoehwwbzsjlcvxeq/Build/Products/Debug-iphoneos/include -Xcc -I/Users/alp/Library/Developer/Xcode/DerivedData/Axilo-ddceprimmkxjtoehwwbzsjlcvxeq/Build/Intermediates.noindex/Axilo.build/Debug-iphoneos/AxiloWeb.build/DerivedSources-normal/arm64 -Xcc -I/Users/alp/Library/Developer/Xcode/DerivedData/Axilo-ddceprimmkxjtoehwwbzsjlcvxeq/Build/Intermediates.noindex/Axilo.build/Debug-iphoneos/AxiloWeb.build/DerivedSources/arm64 -Xcc -I/Users/alp/Library/Developer/Xcode/DerivedData/Axilo-ddceprimmkxjtoehwwbzsjlcvxeq/Build/Intermediates.noindex/Axilo.build/Debug-iphoneos/AxiloWeb.build/DerivedSources -Xcc -DDEBUG\=1 -module-name AxiloWeb -frontend-parseable-output -disable-clang-spi -target-sdk-version 18.2 -target-sdk-name iphoneos18.2 -external-plugin-path /Applications/Xcode.app/Contents/Developer/Platforms/iPhoneOS.platform/Developer/usr/lib/swift/host/plugins\#/Applications/Xcode.app/Contents/Developer/Platforms/iPhoneOS.platform/Developer/usr/bin/swift-plugin-server -external-plugin-path /Applications/Xcode.app/Contents/Developer/Platforms/iPhoneOS.platform/Developer/usr/local/lib/swift/host/plugins\#/Applications/Xcode.app/Contents/Developer/Platforms/iPhoneOS.platform/Developer/usr/bin/swift-plugin-server -plugin-path /Applications/Xcode.app/Contents/Developer/Toolchains/XcodeDefault.xctoolchain/usr/lib/swift/host/plugins -plugin-path /Applications/Xcode.app/Contents/Developer/Toolchains/XcodeDefault.xctoolchain/usr/local/lib/swift/host/plugins -o /Users/alp/Library/Developer/Xcode/DerivedData/Axilo-ddceprimmkxjtoehwwbzsjlcvxeq/Build/Intermediates.noindex/Axilo.build/Debug-iphoneos/AxiloWeb.build/Objects-normal/arm64/CustomTabBar.o -o /Users/alp/Library/Developer/Xcode/DerivedData/Axilo-ddceprimmkxjtoehwwbzsjlcvxeq/Build/Intermediates.noindex/Axilo.build/Debug-iphoneos/AxiloWeb.build/Objects-normal/arm64/LibraryManager.o -o /Users/alp/Library/Developer/Xcode/DerivedData/Axilo-ddceprimmkxjtoehwwbzsjlcvxeq/Build/Intermediates.noindex/Axilo.build/Debug-iphoneos/AxiloWeb.build/Objects-normal/arm64/DocumentParser.o -o /Users/alp/Library/Developer/Xcode/DerivedData/Axilo-ddceprimmkxjtoehwwbzsjlcvxeq/Build/Intermediates.noindex/Axilo.build/Debug-iphoneos/AxiloWeb.build/Objects-normal/arm64/TextTokenizer.o -index-unit-output-path /Axilo.build/Debug-iphoneos/AxiloWeb.build/Objects-normal/arm64/CustomTabBar.o -index-unit-output-path /Axilo.build/Debug-iphoneos/AxiloWeb.build/Objects-normal/arm64/LibraryManager.o -index-unit-output-path /Axilo.build/Debug-iphoneos/AxiloWeb.build/Objects-normal/arm64/DocumentParser.o -index-unit-output-path /Axilo.build/Debug-iphoneos/AxiloWeb.build/Objects-normal/arm64/TextTokenizer.o -index-store-path /Users/alp/Library/Developer/Xcode/DerivedData/Axilo-ddceprimmkxjtoehwwbzsjlcvxeq/Index.noindex/DataStore -index-system-modules

SwiftCompile normal arm64 /Users/alp/Documents/coding/speed_read/SpeedRead/Services/TextTokenizer.swift (in target 'AxiloWeb' from project 'Axilo')
    cd /Users/alp/Documents/coding/speed_read
    /Applications/Xcode.app/Contents/Developer/Toolchains/XcodeDefault.xctoolchain/usr/bin/swift-frontend -c /Users/alp/Documents/coding/speed_read/SpeedRead/Views/DocumentThumbnail.swift /Users/alp/Documents/coding/speed_read/SpeedRead/Views/LibraryView.swift /Users/alp/Documents/coding/speed_read/SpeedRead/Views/DocumentPicker.swift /Users/alp/Documents/coding/speed_read/SpeedRead/Views/HomeView.swift /Users/alp/Documents/coding/speed_read/SpeedRead/Views/ParagraphView.swift /Users/alp/Documents/coding/speed_read/AxiloWeb/SafariWebExtensionHandler.swift /Users/alp/Documents/coding/speed_read/SpeedRead/Views/ContentView.swift /Users/alp/Documents/coding/speed_read/SpeedRead/Views/WordSearchView.swift /Users/alp/Documents/coding/speed_read/SpeedRead/Services/HeadingDetector.swift /Users/alp/Documents/coding/speed_read/SpeedRead/Resources/SampleText.swift /Users/alp/Documents/coding/speed_read/SpeedRead/Views/RSVPView.swift /Users/alp/Documents/coding/speed_read/SpeedRead/Views/SettingsView.swift /Users/alp/Documents/coding/speed_read/SpeedRead/Views/ChapterListView.swift /Users/alp/Documents/coding/speed_read/SpeedRead/Services/OrientationManager.swift /Users/alp/Documents/coding/speed_read/SpeedRead/Services/BookSearchService.swift /Users/alp/Documents/coding/speed_read/SpeedRead/Views/WordDisplayView.swift /Users/alp/Documents/coding/speed_read/SpeedRead/Views/VerticalSlider.swift /Users/alp/Documents/coding/speed_read/SpeedRead/Views/ExploreView.swift /Users/alp/Documents/coding/speed_read/SpeedRead/Services/PDFParsingService.swift /Users/alp/Documents/coding/speed_read/SpeedRead/Services/PageChunker.swift /Users/alp/Documents/coding/speed_read/SpeedRead/Models/NavigationPoint.swift -primary-file /Users/alp/Documents/coding/speed_read/SpeedRead/Views/CustomTabBar.swift -primary-file /Users/alp/Documents/coding/speed_read/SpeedRead/Services/LibraryManager.swift -primary-file /Users/alp/Documents/coding/speed_read/SpeedRead/Services/DocumentParser.swift -primary-file /Users/alp/Documents/coding/speed_read/SpeedRead/Services/TextTokenizer.swift /Users/alp/Documents/coding/speed_read/SpeedRead/ViewModels/RSVPViewModel.swift /Users/alp/Documents/coding/speed_read/SpeedRead/Services/HTMLHelper.swift /Users/alp/Documents/coding/speed_read/SpeedRead/Services/WordSearcher.swift /Users/alp/Documents/coding/speed_read/SpeedRead/Services/DOCXParser.swift /Users/alp/Documents/coding/speed_read/SpeedRead/Services/FontMetricsCache.swift /Users/alp/Documents/coding/speed_read/SpeedRead/Services/EPUBParser.swift /Users/alp/Documents/coding/speed_read/SpeedRead/Services/SettingsManager.swift /Users/alp/Documents/coding/speed_read/SpeedRead/Services/ThumbnailManager.swift -supplementary-output-file-map /Users/alp/Library/Developer/Xcode/DerivedData/Axilo-ddceprimmkxjtoehwwbzsjlcvxeq/Build/Intermediates.noindex/Axilo.build/Debug-iphoneos/AxiloWeb.build/Objects-normal/arm64/supplementaryOutputs-11 -emit-localized-strings -emit-localized-strings-path /Users/alp/Library/Developer/Xcode/DerivedData/Axilo-ddceprimmkxjtoehwwbzsjlcvxeq/Build/Intermediates.noindex/Axilo.build/Debug-iphoneos/AxiloWeb.build/Objects-normal/arm64 -target arm64-apple-ios18.2 -Xllvm -aarch64-use-tbi -enable-objc-interop -stack-check -sdk /Applications/Xcode.app/Contents/Developer/Platforms/iPhoneOS.platform/Developer/SDKs/iPhoneOS18.2.sdk -I /Users/alp/Library/Developer/Xcode/DerivedData/Axilo-ddceprimmkxjtoehwwbzsjlcvxeq/Build/Products/Debug-iphoneos -F /Users/alp/Library/Developer/Xcode/DerivedData/Axilo-ddceprimmkxjtoehwwbzsjlcvxeq/Build/Products/Debug-iphoneos/PackageFrameworks -F /Users/alp/Library/Developer/Xcode/DerivedData/Axilo-ddceprimmkxjtoehwwbzsjlcvxeq/Build/Products/Debug-iphoneos -no-color-diagnostics -application-extension -enable-testing -g -debug-info-format\=dwarf -dwarf-version\=5 -module-cache-path /Users/alp/Library/Developer/Xcode/DerivedData/ModuleCache.noindex -swift-version 5 -enforce-exclusivity\=checked -Onone -D DEBUG -serialize-debugging-options -const-gather-protocols-file /Users/alp/Library/Developer/Xcode/DerivedData/Axilo-ddceprimmkxjtoehwwbzsjlcvxeq/Build/Intermediates.noindex/Axilo.build/Debug-iphoneos/AxiloWeb.build/Objects-normal/arm64/AxiloWeb_const_extract_protocols.json -enable-experimental-feature DebugDescriptionMacro -enable-experimental-feature OpaqueTypeErasure -enable-bare-slash-regex -empty-abi-descriptor -validate-clang-modules-once -clang-build-session-file /Users/alp/Library/Developer/Xcode/DerivedData/ModuleCache.noindex/Session.modulevalidation -Xcc -working-directory -Xcc /Users/alp/Documents/coding/speed_read -resource-dir /Applications/Xcode.app/Contents/Developer/Toolchains/XcodeDefault.xctoolchain/usr/lib/swift -enable-anonymous-context-mangled-names -file-compilation-dir /Users/alp/Documents/coding/speed_read -Xcc -D_LIBCPP_HARDENING_MODE\=_LIBCPP_HARDENING_MODE_DEBUG -Xcc -ivfsstatcache -Xcc /Users/alp/Library/Developer/Xcode/DerivedData/SDKStatCaches.noindex/iphoneos18.2-22C146-d5b9239ec3bf5b3adbecdf21472871e3.sdkstatcache -Xcc -I/Users/alp/Library/Developer/Xcode/DerivedData/Axilo-ddceprimmkxjtoehwwbzsjlcvxeq/Build/Intermediates.noindex/Axilo.build/Debug-iphoneos/AxiloWeb.build/swift-overrides.hmap -Xcc -iquote -Xcc /Users/alp/Library/Developer/Xcode/DerivedData/Axilo-ddceprimmkxjtoehwwbzsjlcvxeq/Build/Intermediates.noindex/Axilo.build/Debug-iphoneos/AxiloWeb.build/AxiloWeb-generated-files.hmap -Xcc -I/Users/alp/Library/Developer/Xcode/DerivedData/Axilo-ddceprimmkxjtoehwwbzsjlcvxeq/Build/Intermediates.noindex/Axilo.build/Debug-iphoneos/AxiloWeb.build/AxiloWeb-own-target-headers.hmap -Xcc -I/Users/alp/Library/Developer/Xcode/DerivedData/Axilo-ddceprimmkxjtoehwwbzsjlcvxeq/Build/Intermediates.noindex/Axilo.build/Debug-iphoneos/AxiloWeb.build/AxiloWeb-all-non-framework-target-headers.hmap -Xcc -ivfsoverlay -Xcc /Users/alp/Library/Developer/Xcode/DerivedData/Axilo-ddceprimmkxjtoehwwbzsjlcvxeq/Build/Intermediates.noindex/Axilo.build/Debug-iphoneos/Axilo-e81d69d167653b048501db775bf85700-VFS-iphoneos/all-product-headers.yaml -Xcc -iquote -Xcc /Users/alp/Library/Developer/Xcode/DerivedData/Axilo-ddceprimmkxjtoehwwbzsjlcvxeq/Build/Intermediates.noindex/Axilo.build/Debug-iphoneos/AxiloWeb.build/AxiloWeb-project-headers.hmap -Xcc -I/Users/alp/Library/Developer/Xcode/DerivedData/Axilo-ddceprimmkxjtoehwwbzsjlcvxeq/Build/Products/Debug-iphoneos/include -Xcc -I/Users/alp/Library/Developer/Xcode/DerivedData/Axilo-ddceprimmkxjtoehwwbzsjlcvxeq/Build/Intermediates.noindex/Axilo.build/Debug-iphoneos/AxiloWeb.build/DerivedSources-normal/arm64 -Xcc -I/Users/alp/Library/Developer/Xcode/DerivedData/Axilo-ddceprimmkxjtoehwwbzsjlcvxeq/Build/Intermediates.noindex/Axilo.build/Debug-iphoneos/AxiloWeb.build/DerivedSources/arm64 -Xcc -I/Users/alp/Library/Developer/Xcode/DerivedData/Axilo-ddceprimmkxjtoehwwbzsjlcvxeq/Build/Intermediates.noindex/Axilo.build/Debug-iphoneos/AxiloWeb.build/DerivedSources -Xcc -DDEBUG\=1 -module-name AxiloWeb -frontend-parseable-output -disable-clang-spi -target-sdk-version 18.2 -target-sdk-name iphoneos18.2 -external-plugin-path /Applications/Xcode.app/Contents/Developer/Platforms/iPhoneOS.platform/Developer/usr/lib/swift/host/plugins\#/Applications/Xcode.app/Contents/Developer/Platforms/iPhoneOS.platform/Developer/usr/bin/swift-plugin-server -external-plugin-path /Applications/Xcode.app/Contents/Developer/Platforms/iPhoneOS.platform/Developer/usr/local/lib/swift/host/plugins\#/Applications/Xcode.app/Contents/Developer/Platforms/iPhoneOS.platform/Developer/usr/bin/swift-plugin-server -plugin-path /Applications/Xcode.app/Contents/Developer/Toolchains/XcodeDefault.xctoolchain/usr/lib/swift/host/plugins -plugin-path /Applications/Xcode.app/Contents/Developer/Toolchains/XcodeDefault.xctoolchain/usr/local/lib/swift/host/plugins -o /Users/alp/Library/Developer/Xcode/DerivedData/Axilo-ddceprimmkxjtoehwwbzsjlcvxeq/Build/Intermediates.noindex/Axilo.build/Debug-iphoneos/AxiloWeb.build/Objects-normal/arm64/CustomTabBar.o -o /Users/alp/Library/Developer/Xcode/DerivedData/Axilo-ddceprimmkxjtoehwwbzsjlcvxeq/Build/Intermediates.noindex/Axilo.build/Debug-iphoneos/AxiloWeb.build/Objects-normal/arm64/LibraryManager.o -o /Users/alp/Library/Developer/Xcode/DerivedData/Axilo-ddceprimmkxjtoehwwbzsjlcvxeq/Build/Intermediates.noindex/Axilo.build/Debug-iphoneos/AxiloWeb.build/Objects-normal/arm64/DocumentParser.o -o /Users/alp/Library/Developer/Xcode/DerivedData/Axilo-ddceprimmkxjtoehwwbzsjlcvxeq/Build/Intermediates.noindex/Axilo.build/Debug-iphoneos/AxiloWeb.build/Objects-normal/arm64/TextTokenizer.o -index-unit-output-path /Axilo.build/Debug-iphoneos/AxiloWeb.build/Objects-normal/arm64/CustomTabBar.o -index-unit-output-path /Axilo.build/Debug-iphoneos/AxiloWeb.build/Objects-normal/arm64/LibraryManager.o -index-unit-output-path /Axilo.build/Debug-iphoneos/AxiloWeb.build/Objects-normal/arm64/DocumentParser.o -index-unit-output-path /Axilo.build/Debug-iphoneos/AxiloWeb.build/Objects-normal/arm64/TextTokenizer.o -index-store-path /Users/alp/Library/Developer/Xcode/DerivedData/Axilo-ddceprimmkxjtoehwwbzsjlcvxeq/Index.noindex/DataStore -index-system-modules

SwiftCompile normal arm64 Compiling\ RSVPViewModel.swift,\ HTMLHelper.swift,\ WordSearcher.swift,\ DOCXParser.swift /Users/alp/Documents/coding/speed_read/SpeedRead/ViewModels/RSVPViewModel.swift /Users/alp/Documents/coding/speed_read/SpeedRead/Services/HTMLHelper.swift /Users/alp/Documents/coding/speed_read/SpeedRead/Services/WordSearcher.swift /Users/alp/Documents/coding/speed_read/SpeedRead/Services/DOCXParser.swift (in target 'AxiloWeb' from project 'Axilo')
    cd /Users/alp/Documents/coding/speed_read
    builtin-swiftTaskExecution -- /Applications/Xcode.app/Contents/Developer/Toolchains/XcodeDefault.xctoolchain/usr/bin/swift-frontend -frontend -c /Users/alp/Documents/coding/speed_read/SpeedRead/Views/DocumentThumbnail.swift /Users/alp/Documents/coding/speed_read/SpeedRead/Views/LibraryView.swift /Users/alp/Documents/coding/speed_read/SpeedRead/Views/DocumentPicker.swift /Users/alp/Documents/coding/speed_read/SpeedRead/Views/HomeView.swift /Users/alp/Documents/coding/speed_read/SpeedRead/Views/ParagraphView.swift /Users/alp/Documents/coding/speed_read/AxiloWeb/SafariWebExtensionHandler.swift /Users/alp/Documents/coding/speed_read/SpeedRead/Views/ContentView.swift /Users/alp/Documents/coding/speed_read/SpeedRead/Views/WordSearchView.swift /Users/alp/Documents/coding/speed_read/SpeedRead/Services/HeadingDetector.swift /Users/alp/Documents/coding/speed_read/SpeedRead/Resources/SampleText.swift /Users/alp/Documents/coding/speed_read/SpeedRead/Views/RSVPView.swift /Users/alp/Documents/coding/speed_read/SpeedRead/Views/SettingsView.swift /Users/alp/Documents/coding/speed_read/SpeedRead/Views/ChapterListView.swift /Users/alp/Documents/coding/speed_read/SpeedRead/Services/OrientationManager.swift /Users/alp/Documents/coding/speed_read/SpeedRead/Services/BookSearchService.swift /Users/alp/Documents/coding/speed_read/SpeedRead/Views/WordDisplayView.swift /Users/alp/Documents/coding/speed_read/SpeedRead/Views/VerticalSlider.swift /Users/alp/Documents/coding/speed_read/SpeedRead/Views/ExploreView.swift /Users/alp/Documents/coding/speed_read/SpeedRead/Services/PDFParsingService.swift /Users/alp/Documents/coding/speed_read/SpeedRead/Services/PageChunker.swift /Users/alp/Documents/coding/speed_read/SpeedRead/Models/NavigationPoint.swift /Users/alp/Documents/coding/speed_read/SpeedRead/Views/CustomTabBar.swift /Users/alp/Documents/coding/speed_read/SpeedRead/Services/LibraryManager.swift /Users/alp/Documents/coding/speed_read/SpeedRead/Services/DocumentParser.swift /Users/alp/Documents/coding/speed_read/SpeedRead/Services/TextTokenizer.swift -primary-file /Users/alp/Documents/coding/speed_read/SpeedRead/ViewModels/RSVPViewModel.swift -primary-file /Users/alp/Documents/coding/speed_read/SpeedRead/Services/HTMLHelper.swift -primary-file /Users/alp/Documents/coding/speed_read/SpeedRead/Services/WordSearcher.swift -primary-file /Users/alp/Documents/coding/speed_read/SpeedRead/Services/DOCXParser.swift /Users/alp/Documents/coding/speed_read/SpeedRead/Services/FontMetricsCache.swift /Users/alp/Documents/coding/speed_read/SpeedRead/Services/EPUBParser.swift /Users/alp/Documents/coding/speed_read/SpeedRead/Services/SettingsManager.swift /Users/alp/Documents/coding/speed_read/SpeedRead/Services/ThumbnailManager.swift -supplementary-output-file-map /Users/alp/Library/Developer/Xcode/DerivedData/Axilo-ddceprimmkxjtoehwwbzsjlcvxeq/Build/Intermediates.noindex/Axilo.build/Debug-iphoneos/AxiloWeb.build/Objects-normal/arm64/supplementaryOutputs-13 -emit-localized-strings -emit-localized-strings-path /Users/alp/Library/Developer/Xcode/DerivedData/Axilo-ddceprimmkxjtoehwwbzsjlcvxeq/Build/Intermediates.noindex/Axilo.build/Debug-iphoneos/AxiloWeb.build/Objects-normal/arm64 -target arm64-apple-ios18.2 -Xllvm -aarch64-use-tbi -enable-objc-interop -stack-check -sdk /Applications/Xcode.app/Contents/Developer/Platforms/iPhoneOS.platform/Developer/SDKs/iPhoneOS18.2.sdk -I /Users/alp/Library/Developer/Xcode/DerivedData/Axilo-ddceprimmkxjtoehwwbzsjlcvxeq/Build/Products/Debug-iphoneos -F /Users/alp/Library/Developer/Xcode/DerivedData/Axilo-ddceprimmkxjtoehwwbzsjlcvxeq/Build/Products/Debug-iphoneos/PackageFrameworks -F /Users/alp/Library/Developer/Xcode/DerivedData/Axilo-ddceprimmkxjtoehwwbzsjlcvxeq/Build/Products/Debug-iphoneos -no-color-diagnostics -application-extension -enable-testing -g -debug-info-format\=dwarf -dwarf-version\=5 -module-cache-path /Users/alp/Library/Developer/Xcode/DerivedData/ModuleCache.noindex -swift-version 5 -enforce-exclusivity\=checked -Onone -D DEBUG -serialize-debugging-options -const-gather-protocols-file /Users/alp/Library/Developer/Xcode/DerivedData/Axilo-ddceprimmkxjtoehwwbzsjlcvxeq/Build/Intermediates.noindex/Axilo.build/Debug-iphoneos/AxiloWeb.build/Objects-normal/arm64/AxiloWeb_const_extract_protocols.json -enable-experimental-feature DebugDescriptionMacro -enable-experimental-feature OpaqueTypeErasure -enable-bare-slash-regex -empty-abi-descriptor -validate-clang-modules-once -clang-build-session-file /Users/alp/Library/Developer/Xcode/DerivedData/ModuleCache.noindex/Session.modulevalidation -Xcc -working-directory -Xcc /Users/alp/Documents/coding/speed_read -resource-dir /Applications/Xcode.app/Contents/Developer/Toolchains/XcodeDefault.xctoolchain/usr/lib/swift -enable-anonymous-context-mangled-names -file-compilation-dir /Users/alp/Documents/coding/speed_read -Xcc -D_LIBCPP_HARDENING_MODE\=_LIBCPP_HARDENING_MODE_DEBUG -Xcc -ivfsstatcache -Xcc /Users/alp/Library/Developer/Xcode/DerivedData/SDKStatCaches.noindex/iphoneos18.2-22C146-d5b9239ec3bf5b3adbecdf21472871e3.sdkstatcache -Xcc -I/Users/alp/Library/Developer/Xcode/DerivedData/Axilo-ddceprimmkxjtoehwwbzsjlcvxeq/Build/Intermediates.noindex/Axilo.build/Debug-iphoneos/AxiloWeb.build/swift-overrides.hmap -Xcc -iquote -Xcc /Users/alp/Library/Developer/Xcode/DerivedData/Axilo-ddceprimmkxjtoehwwbzsjlcvxeq/Build/Intermediates.noindex/Axilo.build/Debug-iphoneos/AxiloWeb.build/AxiloWeb-generated-files.hmap -Xcc -I/Users/alp/Library/Developer/Xcode/DerivedData/Axilo-ddceprimmkxjtoehwwbzsjlcvxeq/Build/Intermediates.noindex/Axilo.build/Debug-iphoneos/AxiloWeb.build/AxiloWeb-own-target-headers.hmap -Xcc -I/Users/alp/Library/Developer/Xcode/DerivedData/Axilo-ddceprimmkxjtoehwwbzsjlcvxeq/Build/Intermediates.noindex/Axilo.build/Debug-iphoneos/AxiloWeb.build/AxiloWeb-all-non-framework-target-headers.hmap -Xcc -ivfsoverlay -Xcc /Users/alp/Library/Developer/Xcode/DerivedData/Axilo-ddceprimmkxjtoehwwbzsjlcvxeq/Build/Intermediates.noindex/Axilo.build/Debug-iphoneos/Axilo-e81d69d167653b048501db775bf85700-VFS-iphoneos/all-product-headers.yaml -Xcc -iquote -Xcc /Users/alp/Library/Developer/Xcode/DerivedData/Axilo-ddceprimmkxjtoehwwbzsjlcvxeq/Build/Intermediates.noindex/Axilo.build/Debug-iphoneos/AxiloWeb.build/AxiloWeb-project-headers.hmap -Xcc -I/Users/alp/Library/Developer/Xcode/DerivedData/Axilo-ddceprimmkxjtoehwwbzsjlcvxeq/Build/Products/Debug-iphoneos/include -Xcc -I/Users/alp/Library/Developer/Xcode/DerivedData/Axilo-ddceprimmkxjtoehwwbzsjlcvxeq/Build/Intermediates.noindex/Axilo.build/Debug-iphoneos/AxiloWeb.build/DerivedSources-normal/arm64 -Xcc -I/Users/alp/Library/Developer/Xcode/DerivedData/Axilo-ddceprimmkxjtoehwwbzsjlcvxeq/Build/Intermediates.noindex/Axilo.build/Debug-iphoneos/AxiloWeb.build/DerivedSources/arm64 -Xcc -I/Users/alp/Library/Developer/Xcode/DerivedData/Axilo-ddceprimmkxjtoehwwbzsjlcvxeq/Build/Intermediates.noindex/Axilo.build/Debug-iphoneos/AxiloWeb.build/DerivedSources -Xcc -DDEBUG\=1 -module-name AxiloWeb -frontend-parseable-output -disable-clang-spi -target-sdk-version 18.2 -target-sdk-name iphoneos18.2 -external-plugin-path /Applications/Xcode.app/Contents/Developer/Platforms/iPhoneOS.platform/Developer/usr/lib/swift/host/plugins\#/Applications/Xcode.app/Contents/Developer/Platforms/iPhoneOS.platform/Developer/usr/bin/swift-plugin-server -external-plugin-path /Applications/Xcode.app/Contents/Developer/Platforms/iPhoneOS.platform/Developer/usr/local/lib/swift/host/plugins\#/Applications/Xcode.app/Contents/Developer/Platforms/iPhoneOS.platform/Developer/usr/bin/swift-plugin-server -plugin-path /Applications/Xcode.app/Contents/Developer/Toolchains/XcodeDefault.xctoolchain/usr/lib/swift/host/plugins -plugin-path /Applications/Xcode.app/Contents/Developer/Toolchains/XcodeDefault.xctoolchain/usr/local/lib/swift/host/plugins -o /Users/alp/Library/Developer/Xcode/DerivedData/Axilo-ddceprimmkxjtoehwwbzsjlcvxeq/Build/Intermediates.noindex/Axilo.build/Debug-iphoneos/AxiloWeb.build/Objects-normal/arm64/RSVPViewModel.o -o /Users/alp/Library/Developer/Xcode/DerivedData/Axilo-ddceprimmkxjtoehwwbzsjlcvxeq/Build/Intermediates.noindex/Axilo.build/Debug-iphoneos/AxiloWeb.build/Objects-normal/arm64/HTMLHelper.o -o /Users/alp/Library/Developer/Xcode/DerivedData/Axilo-ddceprimmkxjtoehwwbzsjlcvxeq/Build/Intermediates.noindex/Axilo.build/Debug-iphoneos/AxiloWeb.build/Objects-normal/arm64/WordSearcher.o -o /Users/alp/Library/Developer/Xcode/DerivedData/Axilo-ddceprimmkxjtoehwwbzsjlcvxeq/Build/Intermediates.noindex/Axilo.build/Debug-iphoneos/AxiloWeb.build/Objects-normal/arm64/DOCXParser.o -index-unit-output-path /Axilo.build/Debug-iphoneos/AxiloWeb.build/Objects-normal/arm64/RSVPViewModel.o -index-unit-output-path /Axilo.build/Debug-iphoneos/AxiloWeb.build/Objects-normal/arm64/HTMLHelper.o -index-unit-output-path /Axilo.build/Debug-iphoneos/AxiloWeb.build/Objects-normal/arm64/WordSearcher.o -index-unit-output-path /Axilo.build/Debug-iphoneos/AxiloWeb.build/Objects-normal/arm64/DOCXParser.o -index-store-path /Users/alp/Library/Developer/Xcode/DerivedData/Axilo-ddceprimmkxjtoehwwbzsjlcvxeq/Index.noindex/DataStore -index-system-modules

SwiftCompile normal arm64 /Users/alp/Documents/coding/speed_read/SpeedRead/ViewModels/RSVPViewModel.swift (in target 'AxiloWeb' from project 'Axilo')
    cd /Users/alp/Documents/coding/speed_read
    /Applications/Xcode.app/Contents/Developer/Toolchains/XcodeDefault.xctoolchain/usr/bin/swift-frontend -c /Users/alp/Documents/coding/speed_read/SpeedRead/Views/DocumentThumbnail.swift /Users/alp/Documents/coding/speed_read/SpeedRead/Views/LibraryView.swift /Users/alp/Documents/coding/speed_read/SpeedRead/Views/DocumentPicker.swift /Users/alp/Documents/coding/speed_read/SpeedRead/Views/HomeView.swift /Users/alp/Documents/coding/speed_read/SpeedRead/Views/ParagraphView.swift /Users/alp/Documents/coding/speed_read/AxiloWeb/SafariWebExtensionHandler.swift /Users/alp/Documents/coding/speed_read/SpeedRead/Views/ContentView.swift /Users/alp/Documents/coding/speed_read/SpeedRead/Views/WordSearchView.swift /Users/alp/Documents/coding/speed_read/SpeedRead/Services/HeadingDetector.swift /Users/alp/Documents/coding/speed_read/SpeedRead/Resources/SampleText.swift /Users/alp/Documents/coding/speed_read/SpeedRead/Views/RSVPView.swift /Users/alp/Documents/coding/speed_read/SpeedRead/Views/SettingsView.swift /Users/alp/Documents/coding/speed_read/SpeedRead/Views/ChapterListView.swift /Users/alp/Documents/coding/speed_read/SpeedRead/Services/OrientationManager.swift /Users/alp/Documents/coding/speed_read/SpeedRead/Services/BookSearchService.swift /Users/alp/Documents/coding/speed_read/SpeedRead/Views/WordDisplayView.swift /Users/alp/Documents/coding/speed_read/SpeedRead/Views/VerticalSlider.swift /Users/alp/Documents/coding/speed_read/SpeedRead/Views/ExploreView.swift /Users/alp/Documents/coding/speed_read/SpeedRead/Services/PDFParsingService.swift /Users/alp/Documents/coding/speed_read/SpeedRead/Services/PageChunker.swift /Users/alp/Documents/coding/speed_read/SpeedRead/Models/NavigationPoint.swift /Users/alp/Documents/coding/speed_read/SpeedRead/Views/CustomTabBar.swift /Users/alp/Documents/coding/speed_read/SpeedRead/Services/LibraryManager.swift /Users/alp/Documents/coding/speed_read/SpeedRead/Services/DocumentParser.swift /Users/alp/Documents/coding/speed_read/SpeedRead/Services/TextTokenizer.swift -primary-file /Users/alp/Documents/coding/speed_read/SpeedRead/ViewModels/RSVPViewModel.swift -primary-file /Users/alp/Documents/coding/speed_read/SpeedRead/Services/HTMLHelper.swift -primary-file /Users/alp/Documents/coding/speed_read/SpeedRead/Services/WordSearcher.swift -primary-file /Users/alp/Documents/coding/speed_read/SpeedRead/Services/DOCXParser.swift /Users/alp/Documents/coding/speed_read/SpeedRead/Services/FontMetricsCache.swift /Users/alp/Documents/coding/speed_read/SpeedRead/Services/EPUBParser.swift /Users/alp/Documents/coding/speed_read/SpeedRead/Services/SettingsManager.swift /Users/alp/Documents/coding/speed_read/SpeedRead/Services/ThumbnailManager.swift -supplementary-output-file-map /Users/alp/Library/Developer/Xcode/DerivedData/Axilo-ddceprimmkxjtoehwwbzsjlcvxeq/Build/Intermediates.noindex/Axilo.build/Debug-iphoneos/AxiloWeb.build/Objects-normal/arm64/supplementaryOutputs-13 -emit-localized-strings -emit-localized-strings-path /Users/alp/Library/Developer/Xcode/DerivedData/Axilo-ddceprimmkxjtoehwwbzsjlcvxeq/Build/Intermediates.noindex/Axilo.build/Debug-iphoneos/AxiloWeb.build/Objects-normal/arm64 -target arm64-apple-ios18.2 -Xllvm -aarch64-use-tbi -enable-objc-interop -stack-check -sdk /Applications/Xcode.app/Contents/Developer/Platforms/iPhoneOS.platform/Developer/SDKs/iPhoneOS18.2.sdk -I /Users/alp/Library/Developer/Xcode/DerivedData/Axilo-ddceprimmkxjtoehwwbzsjlcvxeq/Build/Products/Debug-iphoneos -F /Users/alp/Library/Developer/Xcode/DerivedData/Axilo-ddceprimmkxjtoehwwbzsjlcvxeq/Build/Products/Debug-iphoneos/PackageFrameworks -F /Users/alp/Library/Developer/Xcode/DerivedData/Axilo-ddceprimmkxjtoehwwbzsjlcvxeq/Build/Products/Debug-iphoneos -no-color-diagnostics -application-extension -enable-testing -g -debug-info-format\=dwarf -dwarf-version\=5 -module-cache-path /Users/alp/Library/Developer/Xcode/DerivedData/ModuleCache.noindex -swift-version 5 -enforce-exclusivity\=checked -Onone -D DEBUG -serialize-debugging-options -const-gather-protocols-file /Users/alp/Library/Developer/Xcode/DerivedData/Axilo-ddceprimmkxjtoehwwbzsjlcvxeq/Build/Intermediates.noindex/Axilo.build/Debug-iphoneos/AxiloWeb.build/Objects-normal/arm64/AxiloWeb_const_extract_protocols.json -enable-experimental-feature DebugDescriptionMacro -enable-experimental-feature OpaqueTypeErasure -enable-bare-slash-regex -empty-abi-descriptor -validate-clang-modules-once -clang-build-session-file /Users/alp/Library/Developer/Xcode/DerivedData/ModuleCache.noindex/Session.modulevalidation -Xcc -working-directory -Xcc /Users/alp/Documents/coding/speed_read -resource-dir /Applications/Xcode.app/Contents/Developer/Toolchains/XcodeDefault.xctoolchain/usr/lib/swift -enable-anonymous-context-mangled-names -file-compilation-dir /Users/alp/Documents/coding/speed_read -Xcc -D_LIBCPP_HARDENING_MODE\=_LIBCPP_HARDENING_MODE_DEBUG -Xcc -ivfsstatcache -Xcc /Users/alp/Library/Developer/Xcode/DerivedData/SDKStatCaches.noindex/iphoneos18.2-22C146-d5b9239ec3bf5b3adbecdf21472871e3.sdkstatcache -Xcc -I/Users/alp/Library/Developer/Xcode/DerivedData/Axilo-ddceprimmkxjtoehwwbzsjlcvxeq/Build/Intermediates.noindex/Axilo.build/Debug-iphoneos/AxiloWeb.build/swift-overrides.hmap -Xcc -iquote -Xcc /Users/alp/Library/Developer/Xcode/DerivedData/Axilo-ddceprimmkxjtoehwwbzsjlcvxeq/Build/Intermediates.noindex/Axilo.build/Debug-iphoneos/AxiloWeb.build/AxiloWeb-generated-files.hmap -Xcc -I/Users/alp/Library/Developer/Xcode/DerivedData/Axilo-ddceprimmkxjtoehwwbzsjlcvxeq/Build/Intermediates.noindex/Axilo.build/Debug-iphoneos/AxiloWeb.build/AxiloWeb-own-target-headers.hmap -Xcc -I/Users/alp/Library/Developer/Xcode/DerivedData/Axilo-ddceprimmkxjtoehwwbzsjlcvxeq/Build/Intermediates.noindex/Axilo.build/Debug-iphoneos/AxiloWeb.build/AxiloWeb-all-non-framework-target-headers.hmap -Xcc -ivfsoverlay -Xcc /Users/alp/Library/Developer/Xcode/DerivedData/Axilo-ddceprimmkxjtoehwwbzsjlcvxeq/Build/Intermediates.noindex/Axilo.build/Debug-iphoneos/Axilo-e81d69d167653b048501db775bf85700-VFS-iphoneos/all-product-headers.yaml -Xcc -iquote -Xcc /Users/alp/Library/Developer/Xcode/DerivedData/Axilo-ddceprimmkxjtoehwwbzsjlcvxeq/Build/Intermediates.noindex/Axilo.build/Debug-iphoneos/AxiloWeb.build/AxiloWeb-project-headers.hmap -Xcc -I/Users/alp/Library/Developer/Xcode/DerivedData/Axilo-ddceprimmkxjtoehwwbzsjlcvxeq/Build/Products/Debug-iphoneos/include -Xcc -I/Users/alp/Library/Developer/Xcode/DerivedData/Axilo-ddceprimmkxjtoehwwbzsjlcvxeq/Build/Intermediates.noindex/Axilo.build/Debug-iphoneos/AxiloWeb.build/DerivedSources-normal/arm64 -Xcc -I/Users/alp/Library/Developer/Xcode/DerivedData/Axilo-ddceprimmkxjtoehwwbzsjlcvxeq/Build/Intermediates.noindex/Axilo.build/Debug-iphoneos/AxiloWeb.build/DerivedSources/arm64 -Xcc -I/Users/alp/Library/Developer/Xcode/DerivedData/Axilo-ddceprimmkxjtoehwwbzsjlcvxeq/Build/Intermediates.noindex/Axilo.build/Debug-iphoneos/AxiloWeb.build/DerivedSources -Xcc -DDEBUG\=1 -module-name AxiloWeb -frontend-parseable-output -disable-clang-spi -target-sdk-version 18.2 -target-sdk-name iphoneos18.2 -external-plugin-path /Applications/Xcode.app/Contents/Developer/Platforms/iPhoneOS.platform/Developer/usr/lib/swift/host/plugins\#/Applications/Xcode.app/Contents/Developer/Platforms/iPhoneOS.platform/Developer/usr/bin/swift-plugin-server -external-plugin-path /Applications/Xcode.app/Contents/Developer/Platforms/iPhoneOS.platform/Developer/usr/local/lib/swift/host/plugins\#/Applications/Xcode.app/Contents/Developer/Platforms/iPhoneOS.platform/Developer/usr/bin/swift-plugin-server -plugin-path /Applications/Xcode.app/Contents/Developer/Toolchains/XcodeDefault.xctoolchain/usr/lib/swift/host/plugins -plugin-path /Applications/Xcode.app/Contents/Developer/Toolchains/XcodeDefault.xctoolchain/usr/local/lib/swift/host/plugins -o /Users/alp/Library/Developer/Xcode/DerivedData/Axilo-ddceprimmkxjtoehwwbzsjlcvxeq/Build/Intermediates.noindex/Axilo.build/Debug-iphoneos/AxiloWeb.build/Objects-normal/arm64/RSVPViewModel.o -o /Users/alp/Library/Developer/Xcode/DerivedData/Axilo-ddceprimmkxjtoehwwbzsjlcvxeq/Build/Intermediates.noindex/Axilo.build/Debug-iphoneos/AxiloWeb.build/Objects-normal/arm64/HTMLHelper.o -o /Users/alp/Library/Developer/Xcode/DerivedData/Axilo-ddceprimmkxjtoehwwbzsjlcvxeq/Build/Intermediates.noindex/Axilo.build/Debug-iphoneos/AxiloWeb.build/Objects-normal/arm64/WordSearcher.o -o /Users/alp/Library/Developer/Xcode/DerivedData/Axilo-ddceprimmkxjtoehwwbzsjlcvxeq/Build/Intermediates.noindex/Axilo.build/Debug-iphoneos/AxiloWeb.build/Objects-normal/arm64/DOCXParser.o -index-unit-output-path /Axilo.build/Debug-iphoneos/AxiloWeb.build/Objects-normal/arm64/RSVPViewModel.o -index-unit-output-path /Axilo.build/Debug-iphoneos/AxiloWeb.build/Objects-normal/arm64/HTMLHelper.o -index-unit-output-path /Axilo.build/Debug-iphoneos/AxiloWeb.build/Objects-normal/arm64/WordSearcher.o -index-unit-output-path /Axilo.build/Debug-iphoneos/AxiloWeb.build/Objects-normal/arm64/DOCXParser.o -index-store-path /Users/alp/Library/Developer/Xcode/DerivedData/Axilo-ddceprimmkxjtoehwwbzsjlcvxeq/Index.noindex/DataStore -index-system-modules
/Users/alp/Documents/coding/speed_read/SpeedRead/Views/SettingsView.swift:78:1: error: extraneous '}' at top level
}
^

SwiftCompile normal arm64 /Users/alp/Documents/coding/speed_read/SpeedRead/Services/HTMLHelper.swift (in target 'AxiloWeb' from project 'Axilo')
    cd /Users/alp/Documents/coding/speed_read
    /Applications/Xcode.app/Contents/Developer/Toolchains/XcodeDefault.xctoolchain/usr/bin/swift-frontend -c /Users/alp/Documents/coding/speed_read/SpeedRead/Views/DocumentThumbnail.swift /Users/alp/Documents/coding/speed_read/SpeedRead/Views/LibraryView.swift /Users/alp/Documents/coding/speed_read/SpeedRead/Views/DocumentPicker.swift /Users/alp/Documents/coding/speed_read/SpeedRead/Views/HomeView.swift /Users/alp/Documents/coding/speed_read/SpeedRead/Views/ParagraphView.swift /Users/alp/Documents/coding/speed_read/AxiloWeb/SafariWebExtensionHandler.swift /Users/alp/Documents/coding/speed_read/SpeedRead/Views/ContentView.swift /Users/alp/Documents/coding/speed_read/SpeedRead/Views/WordSearchView.swift /Users/alp/Documents/coding/speed_read/SpeedRead/Services/HeadingDetector.swift /Users/alp/Documents/coding/speed_read/SpeedRead/Resources/SampleText.swift /Users/alp/Documents/coding/speed_read/SpeedRead/Views/RSVPView.swift /Users/alp/Documents/coding/speed_read/SpeedRead/Views/SettingsView.swift /Users/alp/Documents/coding/speed_read/SpeedRead/Views/ChapterListView.swift /Users/alp/Documents/coding/speed_read/SpeedRead/Services/OrientationManager.swift /Users/alp/Documents/coding/speed_read/SpeedRead/Services/BookSearchService.swift /Users/alp/Documents/coding/speed_read/SpeedRead/Views/WordDisplayView.swift /Users/alp/Documents/coding/speed_read/SpeedRead/Views/VerticalSlider.swift /Users/alp/Documents/coding/speed_read/SpeedRead/Views/ExploreView.swift /Users/alp/Documents/coding/speed_read/SpeedRead/Services/PDFParsingService.swift /Users/alp/Documents/coding/speed_read/SpeedRead/Services/PageChunker.swift /Users/alp/Documents/coding/speed_read/SpeedRead/Models/NavigationPoint.swift /Users/alp/Documents/coding/speed_read/SpeedRead/Views/CustomTabBar.swift /Users/alp/Documents/coding/speed_read/SpeedRead/Services/LibraryManager.swift /Users/alp/Documents/coding/speed_read/SpeedRead/Services/DocumentParser.swift /Users/alp/Documents/coding/speed_read/SpeedRead/Services/TextTokenizer.swift -primary-file /Users/alp/Documents/coding/speed_read/SpeedRead/ViewModels/RSVPViewModel.swift -primary-file /Users/alp/Documents/coding/speed_read/SpeedRead/Services/HTMLHelper.swift -primary-file /Users/alp/Documents/coding/speed_read/SpeedRead/Services/WordSearcher.swift -primary-file /Users/alp/Documents/coding/speed_read/SpeedRead/Services/DOCXParser.swift /Users/alp/Documents/coding/speed_read/SpeedRead/Services/FontMetricsCache.swift /Users/alp/Documents/coding/speed_read/SpeedRead/Services/EPUBParser.swift /Users/alp/Documents/coding/speed_read/SpeedRead/Services/SettingsManager.swift /Users/alp/Documents/coding/speed_read/SpeedRead/Services/ThumbnailManager.swift -supplementary-output-file-map /Users/alp/Library/Developer/Xcode/DerivedData/Axilo-ddceprimmkxjtoehwwbzsjlcvxeq/Build/Intermediates.noindex/Axilo.build/Debug-iphoneos/AxiloWeb.build/Objects-normal/arm64/supplementaryOutputs-13 -emit-localized-strings -emit-localized-strings-path /Users/alp/Library/Developer/Xcode/DerivedData/Axilo-ddceprimmkxjtoehwwbzsjlcvxeq/Build/Intermediates.noindex/Axilo.build/Debug-iphoneos/AxiloWeb.build/Objects-normal/arm64 -target arm64-apple-ios18.2 -Xllvm -aarch64-use-tbi -enable-objc-interop -stack-check -sdk /Applications/Xcode.app/Contents/Developer/Platforms/iPhoneOS.platform/Developer/SDKs/iPhoneOS18.2.sdk -I /Users/alp/Library/Developer/Xcode/DerivedData/Axilo-ddceprimmkxjtoehwwbzsjlcvxeq/Build/Products/Debug-iphoneos -F /Users/alp/Library/Developer/Xcode/DerivedData/Axilo-ddceprimmkxjtoehwwbzsjlcvxeq/Build/Products/Debug-iphoneos/PackageFrameworks -F /Users/alp/Library/Developer/Xcode/DerivedData/Axilo-ddceprimmkxjtoehwwbzsjlcvxeq/Build/Products/Debug-iphoneos -no-color-diagnostics -application-extension -enable-testing -g -debug-info-format\=dwarf -dwarf-version\=5 -module-cache-path /Users/alp/Library/Developer/Xcode/DerivedData/ModuleCache.noindex -swift-version 5 -enforce-exclusivity\=checked -Onone -D DEBUG -serialize-debugging-options -const-gather-protocols-file /Users/alp/Library/Developer/Xcode/DerivedData/Axilo-ddceprimmkxjtoehwwbzsjlcvxeq/Build/Intermediates.noindex/Axilo.build/Debug-iphoneos/AxiloWeb.build/Objects-normal/arm64/AxiloWeb_const_extract_protocols.json -enable-experimental-feature DebugDescriptionMacro -enable-experimental-feature OpaqueTypeErasure -enable-bare-slash-regex -empty-abi-descriptor -validate-clang-modules-once -clang-build-session-file /Users/alp/Library/Developer/Xcode/DerivedData/ModuleCache.noindex/Session.modulevalidation -Xcc -working-directory -Xcc /Users/alp/Documents/coding/speed_read -resource-dir /Applications/Xcode.app/Contents/Developer/Toolchains/XcodeDefault.xctoolchain/usr/lib/swift -enable-anonymous-context-mangled-names -file-compilation-dir /Users/alp/Documents/coding/speed_read -Xcc -D_LIBCPP_HARDENING_MODE\=_LIBCPP_HARDENING_MODE_DEBUG -Xcc -ivfsstatcache -Xcc /Users/alp/Library/Developer/Xcode/DerivedData/SDKStatCaches.noindex/iphoneos18.2-22C146-d5b9239ec3bf5b3adbecdf21472871e3.sdkstatcache -Xcc -I/Users/alp/Library/Developer/Xcode/DerivedData/Axilo-ddceprimmkxjtoehwwbzsjlcvxeq/Build/Intermediates.noindex/Axilo.build/Debug-iphoneos/AxiloWeb.build/swift-overrides.hmap -Xcc -iquote -Xcc /Users/alp/Library/Developer/Xcode/DerivedData/Axilo-ddceprimmkxjtoehwwbzsjlcvxeq/Build/Intermediates.noindex/Axilo.build/Debug-iphoneos/AxiloWeb.build/AxiloWeb-generated-files.hmap -Xcc -I/Users/alp/Library/Developer/Xcode/DerivedData/Axilo-ddceprimmkxjtoehwwbzsjlcvxeq/Build/Intermediates.noindex/Axilo.build/Debug-iphoneos/AxiloWeb.build/AxiloWeb-own-target-headers.hmap -Xcc -I/Users/alp/Library/Developer/Xcode/DerivedData/Axilo-ddceprimmkxjtoehwwbzsjlcvxeq/Build/Intermediates.noindex/Axilo.build/Debug-iphoneos/AxiloWeb.build/AxiloWeb-all-non-framework-target-headers.hmap -Xcc -ivfsoverlay -Xcc /Users/alp/Library/Developer/Xcode/DerivedData/Axilo-ddceprimmkxjtoehwwbzsjlcvxeq/Build/Intermediates.noindex/Axilo.build/Debug-iphoneos/Axilo-e81d69d167653b048501db775bf85700-VFS-iphoneos/all-product-headers.yaml -Xcc -iquote -Xcc /Users/alp/Library/Developer/Xcode/DerivedData/Axilo-ddceprimmkxjtoehwwbzsjlcvxeq/Build/Intermediates.noindex/Axilo.build/Debug-iphoneos/AxiloWeb.build/AxiloWeb-project-headers.hmap -Xcc -I/Users/alp/Library/Developer/Xcode/DerivedData/Axilo-ddceprimmkxjtoehwwbzsjlcvxeq/Build/Products/Debug-iphoneos/include -Xcc -I/Users/alp/Library/Developer/Xcode/DerivedData/Axilo-ddceprimmkxjtoehwwbzsjlcvxeq/Build/Intermediates.noindex/Axilo.build/Debug-iphoneos/AxiloWeb.build/DerivedSources-normal/arm64 -Xcc -I/Users/alp/Library/Developer/Xcode/DerivedData/Axilo-ddceprimmkxjtoehwwbzsjlcvxeq/Build/Intermediates.noindex/Axilo.build/Debug-iphoneos/AxiloWeb.build/DerivedSources/arm64 -Xcc -I/Users/alp/Library/Developer/Xcode/DerivedData/Axilo-ddceprimmkxjtoehwwbzsjlcvxeq/Build/Intermediates.noindex/Axilo.build/Debug-iphoneos/AxiloWeb.build/DerivedSources -Xcc -DDEBUG\=1 -module-name AxiloWeb -frontend-parseable-output -disable-clang-spi -target-sdk-version 18.2 -target-sdk-name iphoneos18.2 -external-plugin-path /Applications/Xcode.app/Contents/Developer/Platforms/iPhoneOS.platform/Developer/usr/lib/swift/host/plugins\#/Applications/Xcode.app/Contents/Developer/Platforms/iPhoneOS.platform/Developer/usr/bin/swift-plugin-server -external-plugin-path /Applications/Xcode.app/Contents/Developer/Platforms/iPhoneOS.platform/Developer/usr/local/lib/swift/host/plugins\#/Applications/Xcode.app/Contents/Developer/Platforms/iPhoneOS.platform/Developer/usr/bin/swift-plugin-server -plugin-path /Applications/Xcode.app/Contents/Developer/Toolchains/XcodeDefault.xctoolchain/usr/lib/swift/host/plugins -plugin-path /Applications/Xcode.app/Contents/Developer/Toolchains/XcodeDefault.xctoolchain/usr/local/lib/swift/host/plugins -o /Users/alp/Library/Developer/Xcode/DerivedData/Axilo-ddceprimmkxjtoehwwbzsjlcvxeq/Build/Intermediates.noindex/Axilo.build/Debug-iphoneos/AxiloWeb.build/Objects-normal/arm64/RSVPViewModel.o -o /Users/alp/Library/Developer/Xcode/DerivedData/Axilo-ddceprimmkxjtoehwwbzsjlcvxeq/Build/Intermediates.noindex/Axilo.build/Debug-iphoneos/AxiloWeb.build/Objects-normal/arm64/HTMLHelper.o -o /Users/alp/Library/Developer/Xcode/DerivedData/Axilo-ddceprimmkxjtoehwwbzsjlcvxeq/Build/Intermediates.noindex/Axilo.build/Debug-iphoneos/AxiloWeb.build/Objects-normal/arm64/WordSearcher.o -o /Users/alp/Library/Developer/Xcode/DerivedData/Axilo-ddceprimmkxjtoehwwbzsjlcvxeq/Build/Intermediates.noindex/Axilo.build/Debug-iphoneos/AxiloWeb.build/Objects-normal/arm64/DOCXParser.o -index-unit-output-path /Axilo.build/Debug-iphoneos/AxiloWeb.build/Objects-normal/arm64/RSVPViewModel.o -index-unit-output-path /Axilo.build/Debug-iphoneos/AxiloWeb.build/Objects-normal/arm64/HTMLHelper.o -index-unit-output-path /Axilo.build/Debug-iphoneos/AxiloWeb.build/Objects-normal/arm64/WordSearcher.o -index-unit-output-path /Axilo.build/Debug-iphoneos/AxiloWeb.build/Objects-normal/arm64/DOCXParser.o -index-store-path /Users/alp/Library/Developer/Xcode/DerivedData/Axilo-ddceprimmkxjtoehwwbzsjlcvxeq/Index.noindex/DataStore -index-system-modules
/Users/alp/Documents/coding/speed_read/SpeedRead/Views/SettingsView.swift:78:1: error: extraneous '}' at top level
}
^

SwiftCompile normal arm64 /Users/alp/Documents/coding/speed_read/SpeedRead/Services/WordSearcher.swift (in target 'AxiloWeb' from project 'Axilo')
    cd /Users/alp/Documents/coding/speed_read
    /Applications/Xcode.app/Contents/Developer/Toolchains/XcodeDefault.xctoolchain/usr/bin/swift-frontend -c /Users/alp/Documents/coding/speed_read/SpeedRead/Views/DocumentThumbnail.swift /Users/alp/Documents/coding/speed_read/SpeedRead/Views/LibraryView.swift /Users/alp/Documents/coding/speed_read/SpeedRead/Views/DocumentPicker.swift /Users/alp/Documents/coding/speed_read/SpeedRead/Views/HomeView.swift /Users/alp/Documents/coding/speed_read/SpeedRead/Views/ParagraphView.swift /Users/alp/Documents/coding/speed_read/AxiloWeb/SafariWebExtensionHandler.swift /Users/alp/Documents/coding/speed_read/SpeedRead/Views/ContentView.swift /Users/alp/Documents/coding/speed_read/SpeedRead/Views/WordSearchView.swift /Users/alp/Documents/coding/speed_read/SpeedRead/Services/HeadingDetector.swift /Users/alp/Documents/coding/speed_read/SpeedRead/Resources/SampleText.swift /Users/alp/Documents/coding/speed_read/SpeedRead/Views/RSVPView.swift /Users/alp/Documents/coding/speed_read/SpeedRead/Views/SettingsView.swift /Users/alp/Documents/coding/speed_read/SpeedRead/Views/ChapterListView.swift /Users/alp/Documents/coding/speed_read/SpeedRead/Services/OrientationManager.swift /Users/alp/Documents/coding/speed_read/SpeedRead/Services/BookSearchService.swift /Users/alp/Documents/coding/speed_read/SpeedRead/Views/WordDisplayView.swift /Users/alp/Documents/coding/speed_read/SpeedRead/Views/VerticalSlider.swift /Users/alp/Documents/coding/speed_read/SpeedRead/Views/ExploreView.swift /Users/alp/Documents/coding/speed_read/SpeedRead/Services/PDFParsingService.swift /Users/alp/Documents/coding/speed_read/SpeedRead/Services/PageChunker.swift /Users/alp/Documents/coding/speed_read/SpeedRead/Models/NavigationPoint.swift /Users/alp/Documents/coding/speed_read/SpeedRead/Views/CustomTabBar.swift /Users/alp/Documents/coding/speed_read/SpeedRead/Services/LibraryManager.swift /Users/alp/Documents/coding/speed_read/SpeedRead/Services/DocumentParser.swift /Users/alp/Documents/coding/speed_read/SpeedRead/Services/TextTokenizer.swift -primary-file /Users/alp/Documents/coding/speed_read/SpeedRead/ViewModels/RSVPViewModel.swift -primary-file /Users/alp/Documents/coding/speed_read/SpeedRead/Services/HTMLHelper.swift -primary-file /Users/alp/Documents/coding/speed_read/SpeedRead/Services/WordSearcher.swift -primary-file /Users/alp/Documents/coding/speed_read/SpeedRead/Services/DOCXParser.swift /Users/alp/Documents/coding/speed_read/SpeedRead/Services/FontMetricsCache.swift /Users/alp/Documents/coding/speed_read/SpeedRead/Services/EPUBParser.swift /Users/alp/Documents/coding/speed_read/SpeedRead/Services/SettingsManager.swift /Users/alp/Documents/coding/speed_read/SpeedRead/Services/ThumbnailManager.swift -supplementary-output-file-map /Users/alp/Library/Developer/Xcode/DerivedData/Axilo-ddceprimmkxjtoehwwbzsjlcvxeq/Build/Intermediates.noindex/Axilo.build/Debug-iphoneos/AxiloWeb.build/Objects-normal/arm64/supplementaryOutputs-13 -emit-localized-strings -emit-localized-strings-path /Users/alp/Library/Developer/Xcode/DerivedData/Axilo-ddceprimmkxjtoehwwbzsjlcvxeq/Build/Intermediates.noindex/Axilo.build/Debug-iphoneos/AxiloWeb.build/Objects-normal/arm64 -target arm64-apple-ios18.2 -Xllvm -aarch64-use-tbi -enable-objc-interop -stack-check -sdk /Applications/Xcode.app/Contents/Developer/Platforms/iPhoneOS.platform/Developer/SDKs/iPhoneOS18.2.sdk -I /Users/alp/Library/Developer/Xcode/DerivedData/Axilo-ddceprimmkxjtoehwwbzsjlcvxeq/Build/Products/Debug-iphoneos -F /Users/alp/Library/Developer/Xcode/DerivedData/Axilo-ddceprimmkxjtoehwwbzsjlcvxeq/Build/Products/Debug-iphoneos/PackageFrameworks -F /Users/alp/Library/Developer/Xcode/DerivedData/Axilo-ddceprimmkxjtoehwwbzsjlcvxeq/Build/Products/Debug-iphoneos -no-color-diagnostics -application-extension -enable-testing -g -debug-info-format\=dwarf -dwarf-version\=5 -module-cache-path /Users/alp/Library/Developer/Xcode/DerivedData/ModuleCache.noindex -swift-version 5 -enforce-exclusivity\=checked -Onone -D DEBUG -serialize-debugging-options -const-gather-protocols-file /Users/alp/Library/Developer/Xcode/DerivedData/Axilo-ddceprimmkxjtoehwwbzsjlcvxeq/Build/Intermediates.noindex/Axilo.build/Debug-iphoneos/AxiloWeb.build/Objects-normal/arm64/AxiloWeb_const_extract_protocols.json -enable-experimental-feature DebugDescriptionMacro -enable-experimental-feature OpaqueTypeErasure -enable-bare-slash-regex -empty-abi-descriptor -validate-clang-modules-once -clang-build-session-file /Users/alp/Library/Developer/Xcode/DerivedData/ModuleCache.noindex/Session.modulevalidation -Xcc -working-directory -Xcc /Users/alp/Documents/coding/speed_read -resource-dir /Applications/Xcode.app/Contents/Developer/Toolchains/XcodeDefault.xctoolchain/usr/lib/swift -enable-anonymous-context-mangled-names -file-compilation-dir /Users/alp/Documents/coding/speed_read -Xcc -D_LIBCPP_HARDENING_MODE\=_LIBCPP_HARDENING_MODE_DEBUG -Xcc -ivfsstatcache -Xcc /Users/alp/Library/Developer/Xcode/DerivedData/SDKStatCaches.noindex/iphoneos18.2-22C146-d5b9239ec3bf5b3adbecdf21472871e3.sdkstatcache -Xcc -I/Users/alp/Library/Developer/Xcode/DerivedData/Axilo-ddceprimmkxjtoehwwbzsjlcvxeq/Build/Intermediates.noindex/Axilo.build/Debug-iphoneos/AxiloWeb.build/swift-overrides.hmap -Xcc -iquote -Xcc /Users/alp/Library/Developer/Xcode/DerivedData/Axilo-ddceprimmkxjtoehwwbzsjlcvxeq/Build/Intermediates.noindex/Axilo.build/Debug-iphoneos/AxiloWeb.build/AxiloWeb-generated-files.hmap -Xcc -I/Users/alp/Library/Developer/Xcode/DerivedData/Axilo-ddceprimmkxjtoehwwbzsjlcvxeq/Build/Intermediates.noindex/Axilo.build/Debug-iphoneos/AxiloWeb.build/AxiloWeb-own-target-headers.hmap -Xcc -I/Users/alp/Library/Developer/Xcode/DerivedData/Axilo-ddceprimmkxjtoehwwbzsjlcvxeq/Build/Intermediates.noindex/Axilo.build/Debug-iphoneos/AxiloWeb.build/AxiloWeb-all-non-framework-target-headers.hmap -Xcc -ivfsoverlay -Xcc /Users/alp/Library/Developer/Xcode/DerivedData/Axilo-ddceprimmkxjtoehwwbzsjlcvxeq/Build/Intermediates.noindex/Axilo.build/Debug-iphoneos/Axilo-e81d69d167653b048501db775bf85700-VFS-iphoneos/all-product-headers.yaml -Xcc -iquote -Xcc /Users/alp/Library/Developer/Xcode/DerivedData/Axilo-ddceprimmkxjtoehwwbzsjlcvxeq/Build/Intermediates.noindex/Axilo.build/Debug-iphoneos/AxiloWeb.build/AxiloWeb-project-headers.hmap -Xcc -I/Users/alp/Library/Developer/Xcode/DerivedData/Axilo-ddceprimmkxjtoehwwbzsjlcvxeq/Build/Products/Debug-iphoneos/include -Xcc -I/Users/alp/Library/Developer/Xcode/DerivedData/Axilo-ddceprimmkxjtoehwwbzsjlcvxeq/Build/Intermediates.noindex/Axilo.build/Debug-iphoneos/AxiloWeb.build/DerivedSources-normal/arm64 -Xcc -I/Users/alp/Library/Developer/Xcode/DerivedData/Axilo-ddceprimmkxjtoehwwbzsjlcvxeq/Build/Intermediates.noindex/Axilo.build/Debug-iphoneos/AxiloWeb.build/DerivedSources/arm64 -Xcc -I/Users/alp/Library/Developer/Xcode/DerivedData/Axilo-ddceprimmkxjtoehwwbzsjlcvxeq/Build/Intermediates.noindex/Axilo.build/Debug-iphoneos/AxiloWeb.build/DerivedSources -Xcc -DDEBUG\=1 -module-name AxiloWeb -frontend-parseable-output -disable-clang-spi -target-sdk-version 18.2 -target-sdk-name iphoneos18.2 -external-plugin-path /Applications/Xcode.app/Contents/Developer/Platforms/iPhoneOS.platform/Developer/usr/lib/swift/host/plugins\#/Applications/Xcode.app/Contents/Developer/Platforms/iPhoneOS.platform/Developer/usr/bin/swift-plugin-server -external-plugin-path /Applications/Xcode.app/Contents/Developer/Platforms/iPhoneOS.platform/Developer/usr/local/lib/swift/host/plugins\#/Applications/Xcode.app/Contents/Developer/Platforms/iPhoneOS.platform/Developer/usr/bin/swift-plugin-server -plugin-path /Applications/Xcode.app/Contents/Developer/Toolchains/XcodeDefault.xctoolchain/usr/lib/swift/host/plugins -plugin-path /Applications/Xcode.app/Contents/Developer/Toolchains/XcodeDefault.xctoolchain/usr/local/lib/swift/host/plugins -o /Users/alp/Library/Developer/Xcode/DerivedData/Axilo-ddceprimmkxjtoehwwbzsjlcvxeq/Build/Intermediates.noindex/Axilo.build/Debug-iphoneos/AxiloWeb.build/Objects-normal/arm64/RSVPViewModel.o -o /Users/alp/Library/Developer/Xcode/DerivedData/Axilo-ddceprimmkxjtoehwwbzsjlcvxeq/Build/Intermediates.noindex/Axilo.build/Debug-iphoneos/AxiloWeb.build/Objects-normal/arm64/HTMLHelper.o -o /Users/alp/Library/Developer/Xcode/DerivedData/Axilo-ddceprimmkxjtoehwwbzsjlcvxeq/Build/Intermediates.noindex/Axilo.build/Debug-iphoneos/AxiloWeb.build/Objects-normal/arm64/WordSearcher.o -o /Users/alp/Library/Developer/Xcode/DerivedData/Axilo-ddceprimmkxjtoehwwbzsjlcvxeq/Build/Intermediates.noindex/Axilo.build/Debug-iphoneos/AxiloWeb.build/Objects-normal/arm64/DOCXParser.o -index-unit-output-path /Axilo.build/Debug-iphoneos/AxiloWeb.build/Objects-normal/arm64/RSVPViewModel.o -index-unit-output-path /Axilo.build/Debug-iphoneos/AxiloWeb.build/Objects-normal/arm64/HTMLHelper.o -index-unit-output-path /Axilo.build/Debug-iphoneos/AxiloWeb.build/Objects-normal/arm64/WordSearcher.o -index-unit-output-path /Axilo.build/Debug-iphoneos/AxiloWeb.build/Objects-normal/arm64/DOCXParser.o -index-store-path /Users/alp/Library/Developer/Xcode/DerivedData/Axilo-ddceprimmkxjtoehwwbzsjlcvxeq/Index.noindex/DataStore -index-system-modules
/Users/alp/Documents/coding/speed_read/SpeedRead/Views/SettingsView.swift:78:1: error: extraneous '}' at top level
}
^

SwiftCompile normal arm64 /Users/alp/Documents/coding/speed_read/SpeedRead/Services/DOCXParser.swift (in target 'AxiloWeb' from project 'Axilo')
    cd /Users/alp/Documents/coding/speed_read
    /Applications/Xcode.app/Contents/Developer/Toolchains/XcodeDefault.xctoolchain/usr/bin/swift-frontend -c /Users/alp/Documents/coding/speed_read/SpeedRead/Views/DocumentThumbnail.swift /Users/alp/Documents/coding/speed_read/SpeedRead/Views/LibraryView.swift /Users/alp/Documents/coding/speed_read/SpeedRead/Views/DocumentPicker.swift /Users/alp/Documents/coding/speed_read/SpeedRead/Views/HomeView.swift /Users/alp/Documents/coding/speed_read/SpeedRead/Views/ParagraphView.swift /Users/alp/Documents/coding/speed_read/AxiloWeb/SafariWebExtensionHandler.swift /Users/alp/Documents/coding/speed_read/SpeedRead/Views/ContentView.swift /Users/alp/Documents/coding/speed_read/SpeedRead/Views/WordSearchView.swift /Users/alp/Documents/coding/speed_read/SpeedRead/Services/HeadingDetector.swift /Users/alp/Documents/coding/speed_read/SpeedRead/Resources/SampleText.swift /Users/alp/Documents/coding/speed_read/SpeedRead/Views/RSVPView.swift /Users/alp/Documents/coding/speed_read/SpeedRead/Views/SettingsView.swift /Users/alp/Documents/coding/speed_read/SpeedRead/Views/ChapterListView.swift /Users/alp/Documents/coding/speed_read/SpeedRead/Services/OrientationManager.swift /Users/alp/Documents/coding/speed_read/SpeedRead/Services/BookSearchService.swift /Users/alp/Documents/coding/speed_read/SpeedRead/Views/WordDisplayView.swift /Users/alp/Documents/coding/speed_read/SpeedRead/Views/VerticalSlider.swift /Users/alp/Documents/coding/speed_read/SpeedRead/Views/ExploreView.swift /Users/alp/Documents/coding/speed_read/SpeedRead/Services/PDFParsingService.swift /Users/alp/Documents/coding/speed_read/SpeedRead/Services/PageChunker.swift /Users/alp/Documents/coding/speed_read/SpeedRead/Models/NavigationPoint.swift /Users/alp/Documents/coding/speed_read/SpeedRead/Views/CustomTabBar.swift /Users/alp/Documents/coding/speed_read/SpeedRead/Services/LibraryManager.swift /Users/alp/Documents/coding/speed_read/SpeedRead/Services/DocumentParser.swift /Users/alp/Documents/coding/speed_read/SpeedRead/Services/TextTokenizer.swift -primary-file /Users/alp/Documents/coding/speed_read/SpeedRead/ViewModels/RSVPViewModel.swift -primary-file /Users/alp/Documents/coding/speed_read/SpeedRead/Services/HTMLHelper.swift -primary-file /Users/alp/Documents/coding/speed_read/SpeedRead/Services/WordSearcher.swift -primary-file /Users/alp/Documents/coding/speed_read/SpeedRead/Services/DOCXParser.swift /Users/alp/Documents/coding/speed_read/SpeedRead/Services/FontMetricsCache.swift /Users/alp/Documents/coding/speed_read/SpeedRead/Services/EPUBParser.swift /Users/alp/Documents/coding/speed_read/SpeedRead/Services/SettingsManager.swift /Users/alp/Documents/coding/speed_read/SpeedRead/Services/ThumbnailManager.swift -supplementary-output-file-map /Users/alp/Library/Developer/Xcode/DerivedData/Axilo-ddceprimmkxjtoehwwbzsjlcvxeq/Build/Intermediates.noindex/Axilo.build/Debug-iphoneos/AxiloWeb.build/Objects-normal/arm64/supplementaryOutputs-13 -emit-localized-strings -emit-localized-strings-path /Users/alp/Library/Developer/Xcode/DerivedData/Axilo-ddceprimmkxjtoehwwbzsjlcvxeq/Build/Intermediates.noindex/Axilo.build/Debug-iphoneos/AxiloWeb.build/Objects-normal/arm64 -target arm64-apple-ios18.2 -Xllvm -aarch64-use-tbi -enable-objc-interop -stack-check -sdk /Applications/Xcode.app/Contents/Developer/Platforms/iPhoneOS.platform/Developer/SDKs/iPhoneOS18.2.sdk -I /Users/alp/Library/Developer/Xcode/DerivedData/Axilo-ddceprimmkxjtoehwwbzsjlcvxeq/Build/Products/Debug-iphoneos -F /Users/alp/Library/Developer/Xcode/DerivedData/Axilo-ddceprimmkxjtoehwwbzsjlcvxeq/Build/Products/Debug-iphoneos/PackageFrameworks -F /Users/alp/Library/Developer/Xcode/DerivedData/Axilo-ddceprimmkxjtoehwwbzsjlcvxeq/Build/Products/Debug-iphoneos -no-color-diagnostics -application-extension -enable-testing -g -debug-info-format\=dwarf -dwarf-version\=5 -module-cache-path /Users/alp/Library/Developer/Xcode/DerivedData/ModuleCache.noindex -swift-version 5 -enforce-exclusivity\=checked -Onone -D DEBUG -serialize-debugging-options -const-gather-protocols-file /Users/alp/Library/Developer/Xcode/DerivedData/Axilo-ddceprimmkxjtoehwwbzsjlcvxeq/Build/Intermediates.noindex/Axilo.build/Debug-iphoneos/AxiloWeb.build/Objects-normal/arm64/AxiloWeb_const_extract_protocols.json -enable-experimental-feature DebugDescriptionMacro -enable-experimental-feature OpaqueTypeErasure -enable-bare-slash-regex -empty-abi-descriptor -validate-clang-modules-once -clang-build-session-file /Users/alp/Library/Developer/Xcode/DerivedData/ModuleCache.noindex/Session.modulevalidation -Xcc -working-directory -Xcc /Users/alp/Documents/coding/speed_read -resource-dir /Applications/Xcode.app/Contents/Developer/Toolchains/XcodeDefault.xctoolchain/usr/lib/swift -enable-anonymous-context-mangled-names -file-compilation-dir /Users/alp/Documents/coding/speed_read -Xcc -D_LIBCPP_HARDENING_MODE\=_LIBCPP_HARDENING_MODE_DEBUG -Xcc -ivfsstatcache -Xcc /Users/alp/Library/Developer/Xcode/DerivedData/SDKStatCaches.noindex/iphoneos18.2-22C146-d5b9239ec3bf5b3adbecdf21472871e3.sdkstatcache -Xcc -I/Users/alp/Library/Developer/Xcode/DerivedData/Axilo-ddceprimmkxjtoehwwbzsjlcvxeq/Build/Intermediates.noindex/Axilo.build/Debug-iphoneos/AxiloWeb.build/swift-overrides.hmap -Xcc -iquote -Xcc /Users/alp/Library/Developer/Xcode/DerivedData/Axilo-ddceprimmkxjtoehwwbzsjlcvxeq/Build/Intermediates.noindex/Axilo.build/Debug-iphoneos/AxiloWeb.build/AxiloWeb-generated-files.hmap -Xcc -I/Users/alp/Library/Developer/Xcode/DerivedData/Axilo-ddceprimmkxjtoehwwbzsjlcvxeq/Build/Intermediates.noindex/Axilo.build/Debug-iphoneos/AxiloWeb.build/AxiloWeb-own-target-headers.hmap -Xcc -I/Users/alp/Library/Developer/Xcode/DerivedData/Axilo-ddceprimmkxjtoehwwbzsjlcvxeq/Build/Intermediates.noindex/Axilo.build/Debug-iphoneos/AxiloWeb.build/AxiloWeb-all-non-framework-target-headers.hmap -Xcc -ivfsoverlay -Xcc /Users/alp/Library/Developer/Xcode/DerivedData/Axilo-ddceprimmkxjtoehwwbzsjlcvxeq/Build/Intermediates.noindex/Axilo.build/Debug-iphoneos/Axilo-e81d69d167653b048501db775bf85700-VFS-iphoneos/all-product-headers.yaml -Xcc -iquote -Xcc /Users/alp/Library/Developer/Xcode/DerivedData/Axilo-ddceprimmkxjtoehwwbzsjlcvxeq/Build/Intermediates.noindex/Axilo.build/Debug-iphoneos/AxiloWeb.build/AxiloWeb-project-headers.hmap -Xcc -I/Users/alp/Library/Developer/Xcode/DerivedData/Axilo-ddceprimmkxjtoehwwbzsjlcvxeq/Build/Products/Debug-iphoneos/include -Xcc -I/Users/alp/Library/Developer/Xcode/DerivedData/Axilo-ddceprimmkxjtoehwwbzsjlcvxeq/Build/Intermediates.noindex/Axilo.build/Debug-iphoneos/AxiloWeb.build/DerivedSources-normal/arm64 -Xcc -I/Users/alp/Library/Developer/Xcode/DerivedData/Axilo-ddceprimmkxjtoehwwbzsjlcvxeq/Build/Intermediates.noindex/Axilo.build/Debug-iphoneos/AxiloWeb.build/DerivedSources/arm64 -Xcc -I/Users/alp/Library/Developer/Xcode/DerivedData/Axilo-ddceprimmkxjtoehwwbzsjlcvxeq/Build/Intermediates.noindex/Axilo.build/Debug-iphoneos/AxiloWeb.build/DerivedSources -Xcc -DDEBUG\=1 -module-name AxiloWeb -frontend-parseable-output -disable-clang-spi -target-sdk-version 18.2 -target-sdk-name iphoneos18.2 -external-plugin-path /Applications/Xcode.app/Contents/Developer/Platforms/iPhoneOS.platform/Developer/usr/lib/swift/host/plugins\#/Applications/Xcode.app/Contents/Developer/Platforms/iPhoneOS.platform/Developer/usr/bin/swift-plugin-server -external-plugin-path /Applications/Xcode.app/Contents/Developer/Platforms/iPhoneOS.platform/Developer/usr/local/lib/swift/host/plugins\#/Applications/Xcode.app/Contents/Developer/Platforms/iPhoneOS.platform/Developer/usr/bin/swift-plugin-server -plugin-path /Applications/Xcode.app/Contents/Developer/Toolchains/XcodeDefault.xctoolchain/usr/lib/swift/host/plugins -plugin-path /Applications/Xcode.app/Contents/Developer/Toolchains/XcodeDefault.xctoolchain/usr/local/lib/swift/host/plugins -o /Users/alp/Library/Developer/Xcode/DerivedData/Axilo-ddceprimmkxjtoehwwbzsjlcvxeq/Build/Intermediates.noindex/Axilo.build/Debug-iphoneos/AxiloWeb.build/Objects-normal/arm64/RSVPViewModel.o -o /Users/alp/Library/Developer/Xcode/DerivedData/Axilo-ddceprimmkxjtoehwwbzsjlcvxeq/Build/Intermediates.noindex/Axilo.build/Debug-iphoneos/AxiloWeb.build/Objects-normal/arm64/HTMLHelper.o -o /Users/alp/Library/Developer/Xcode/DerivedData/Axilo-ddceprimmkxjtoehwwbzsjlcvxeq/Build/Intermediates.noindex/Axilo.build/Debug-iphoneos/AxiloWeb.build/Objects-normal/arm64/WordSearcher.o -o /Users/alp/Library/Developer/Xcode/DerivedData/Axilo-ddceprimmkxjtoehwwbzsjlcvxeq/Build/Intermediates.noindex/Axilo.build/Debug-iphoneos/AxiloWeb.build/Objects-normal/arm64/DOCXParser.o -index-unit-output-path /Axilo.build/Debug-iphoneos/AxiloWeb.build/Objects-normal/arm64/RSVPViewModel.o -index-unit-output-path /Axilo.build/Debug-iphoneos/AxiloWeb.build/Objects-normal/arm64/HTMLHelper.o -index-unit-output-path /Axilo.build/Debug-iphoneos/AxiloWeb.build/Objects-normal/arm64/WordSearcher.o -index-unit-output-path /Axilo.build/Debug-iphoneos/AxiloWeb.build/Objects-normal/arm64/DOCXParser.o -index-store-path /Users/alp/Library/Developer/Xcode/DerivedData/Axilo-ddceprimmkxjtoehwwbzsjlcvxeq/Index.noindex/DataStore -index-system-modules
/Users/alp/Documents/coding/speed_read/SpeedRead/Views/SettingsView.swift:78:1: error: extraneous '}' at top level
}
^

SwiftCompile normal arm64 Compiling\ ExploreView.swift,\ PDFParsingService.swift,\ PageChunker.swift,\ NavigationPoint.swift /Users/alp/Documents/coding/speed_read/SpeedRead/Views/ExploreView.swift /Users/alp/Documents/coding/speed_read/SpeedRead/Services/PDFParsingService.swift /Users/alp/Documents/coding/speed_read/SpeedRead/Services/PageChunker.swift /Users/alp/Documents/coding/speed_read/SpeedRead/Models/NavigationPoint.swift (in target 'AxiloWeb' from project 'Axilo')
    cd /Users/alp/Documents/coding/speed_read
    builtin-swiftTaskExecution -- /Applications/Xcode.app/Contents/Developer/Toolchains/XcodeDefault.xctoolchain/usr/bin/swift-frontend -frontend -c /Users/alp/Documents/coding/speed_read/SpeedRead/Views/DocumentThumbnail.swift /Users/alp/Documents/coding/speed_read/SpeedRead/Views/LibraryView.swift /Users/alp/Documents/coding/speed_read/SpeedRead/Views/DocumentPicker.swift /Users/alp/Documents/coding/speed_read/SpeedRead/Views/HomeView.swift /Users/alp/Documents/coding/speed_read/SpeedRead/Views/ParagraphView.swift /Users/alp/Documents/coding/speed_read/AxiloWeb/SafariWebExtensionHandler.swift /Users/alp/Documents/coding/speed_read/SpeedRead/Views/ContentView.swift /Users/alp/Documents/coding/speed_read/SpeedRead/Views/WordSearchView.swift /Users/alp/Documents/coding/speed_read/SpeedRead/Services/HeadingDetector.swift /Users/alp/Documents/coding/speed_read/SpeedRead/Resources/SampleText.swift /Users/alp/Documents/coding/speed_read/SpeedRead/Views/RSVPView.swift /Users/alp/Documents/coding/speed_read/SpeedRead/Views/SettingsView.swift /Users/alp/Documents/coding/speed_read/SpeedRead/Views/ChapterListView.swift /Users/alp/Documents/coding/speed_read/SpeedRead/Services/OrientationManager.swift /Users/alp/Documents/coding/speed_read/SpeedRead/Services/BookSearchService.swift /Users/alp/Documents/coding/speed_read/SpeedRead/Views/WordDisplayView.swift /Users/alp/Documents/coding/speed_read/SpeedRead/Views/VerticalSlider.swift -primary-file /Users/alp/Documents/coding/speed_read/SpeedRead/Views/ExploreView.swift -primary-file /Users/alp/Documents/coding/speed_read/SpeedRead/Services/PDFParsingService.swift -primary-file /Users/alp/Documents/coding/speed_read/SpeedRead/Services/PageChunker.swift -primary-file /Users/alp/Documents/coding/speed_read/SpeedRead/Models/NavigationPoint.swift /Users/alp/Documents/coding/speed_read/SpeedRead/Views/CustomTabBar.swift /Users/alp/Documents/coding/speed_read/SpeedRead/Services/LibraryManager.swift /Users/alp/Documents/coding/speed_read/SpeedRead/Services/DocumentParser.swift /Users/alp/Documents/coding/speed_read/SpeedRead/Services/TextTokenizer.swift /Users/alp/Documents/coding/speed_read/SpeedRead/ViewModels/RSVPViewModel.swift /Users/alp/Documents/coding/speed_read/SpeedRead/Services/HTMLHelper.swift /Users/alp/Documents/coding/speed_read/SpeedRead/Services/WordSearcher.swift /Users/alp/Documents/coding/speed_read/SpeedRead/Services/DOCXParser.swift /Users/alp/Documents/coding/speed_read/SpeedRead/Services/FontMetricsCache.swift /Users/alp/Documents/coding/speed_read/SpeedRead/Services/EPUBParser.swift /Users/alp/Documents/coding/speed_read/SpeedRead/Services/SettingsManager.swift /Users/alp/Documents/coding/speed_read/SpeedRead/Services/ThumbnailManager.swift -supplementary-output-file-map /Users/alp/Library/Developer/Xcode/DerivedData/Axilo-ddceprimmkxjtoehwwbzsjlcvxeq/Build/Intermediates.noindex/Axilo.build/Debug-iphoneos/AxiloWeb.build/Objects-normal/arm64/supplementaryOutputs-9 -emit-localized-strings -emit-localized-strings-path /Users/alp/Library/Developer/Xcode/DerivedData/Axilo-ddceprimmkxjtoehwwbzsjlcvxeq/Build/Intermediates.noindex/Axilo.build/Debug-iphoneos/AxiloWeb.build/Objects-normal/arm64 -target arm64-apple-ios18.2 -Xllvm -aarch64-use-tbi -enable-objc-interop -stack-check -sdk /Applications/Xcode.app/Contents/Developer/Platforms/iPhoneOS.platform/Developer/SDKs/iPhoneOS18.2.sdk -I /Users/alp/Library/Developer/Xcode/DerivedData/Axilo-ddceprimmkxjtoehwwbzsjlcvxeq/Build/Products/Debug-iphoneos -F /Users/alp/Library/Developer/Xcode/DerivedData/Axilo-ddceprimmkxjtoehwwbzsjlcvxeq/Build/Products/Debug-iphoneos/PackageFrameworks -F /Users/alp/Library/Developer/Xcode/DerivedData/Axilo-ddceprimmkxjtoehwwbzsjlcvxeq/Build/Products/Debug-iphoneos -no-color-diagnostics -application-extension -enable-testing -g -debug-info-format\=dwarf -dwarf-version\=5 -module-cache-path /Users/alp/Library/Developer/Xcode/DerivedData/ModuleCache.noindex -swift-version 5 -enforce-exclusivity\=checked -Onone -D DEBUG -serialize-debugging-options -const-gather-protocols-file /Users/alp/Library/Developer/Xcode/DerivedData/Axilo-ddceprimmkxjtoehwwbzsjlcvxeq/Build/Intermediates.noindex/Axilo.build/Debug-iphoneos/AxiloWeb.build/Objects-normal/arm64/AxiloWeb_const_extract_protocols.json -enable-experimental-feature DebugDescriptionMacro -enable-experimental-feature OpaqueTypeErasure -enable-bare-slash-regex -empty-abi-descriptor -validate-clang-modules-once -clang-build-session-file /Users/alp/Library/Developer/Xcode/DerivedData/ModuleCache.noindex/Session.modulevalidation -Xcc -working-directory -Xcc /Users/alp/Documents/coding/speed_read -resource-dir /Applications/Xcode.app/Contents/Developer/Toolchains/XcodeDefault.xctoolchain/usr/lib/swift -enable-anonymous-context-mangled-names -file-compilation-dir /Users/alp/Documents/coding/speed_read -Xcc -D_LIBCPP_HARDENING_MODE\=_LIBCPP_HARDENING_MODE_DEBUG -Xcc -ivfsstatcache -Xcc /Users/alp/Library/Developer/Xcode/DerivedData/SDKStatCaches.noindex/iphoneos18.2-22C146-d5b9239ec3bf5b3adbecdf21472871e3.sdkstatcache -Xcc -I/Users/alp/Library/Developer/Xcode/DerivedData/Axilo-ddceprimmkxjtoehwwbzsjlcvxeq/Build/Intermediates.noindex/Axilo.build/Debug-iphoneos/AxiloWeb.build/swift-overrides.hmap -Xcc -iquote -Xcc /Users/alp/Library/Developer/Xcode/DerivedData/Axilo-ddceprimmkxjtoehwwbzsjlcvxeq/Build/Intermediates.noindex/Axilo.build/Debug-iphoneos/AxiloWeb.build/AxiloWeb-generated-files.hmap -Xcc -I/Users/alp/Library/Developer/Xcode/DerivedData/Axilo-ddceprimmkxjtoehwwbzsjlcvxeq/Build/Intermediates.noindex/Axilo.build/Debug-iphoneos/AxiloWeb.build/AxiloWeb-own-target-headers.hmap -Xcc -I/Users/alp/Library/Developer/Xcode/DerivedData/Axilo-ddceprimmkxjtoehwwbzsjlcvxeq/Build/Intermediates.noindex/Axilo.build/Debug-iphoneos/AxiloWeb.build/AxiloWeb-all-non-framework-target-headers.hmap -Xcc -ivfsoverlay -Xcc /Users/alp/Library/Developer/Xcode/DerivedData/Axilo-ddceprimmkxjtoehwwbzsjlcvxeq/Build/Intermediates.noindex/Axilo.build/Debug-iphoneos/Axilo-e81d69d167653b048501db775bf85700-VFS-iphoneos/all-product-headers.yaml -Xcc -iquote -Xcc /Users/alp/Library/Developer/Xcode/DerivedData/Axilo-ddceprimmkxjtoehwwbzsjlcvxeq/Build/Intermediates.noindex/Axilo.build/Debug-iphoneos/AxiloWeb.build/AxiloWeb-project-headers.hmap -Xcc -I/Users/alp/Library/Developer/Xcode/DerivedData/Axilo-ddceprimmkxjtoehwwbzsjlcvxeq/Build/Products/Debug-iphoneos/include -Xcc -I/Users/alp/Library/Developer/Xcode/DerivedData/Axilo-ddceprimmkxjtoehwwbzsjlcvxeq/Build/Intermediates.noindex/Axilo.build/Debug-iphoneos/AxiloWeb.build/DerivedSources-normal/arm64 -Xcc -I/Users/alp/Library/Developer/Xcode/DerivedData/Axilo-ddceprimmkxjtoehwwbzsjlcvxeq/Build/Intermediates.noindex/Axilo.build/Debug-iphoneos/AxiloWeb.build/DerivedSources/arm64 -Xcc -I/Users/alp/Library/Developer/Xcode/DerivedData/Axilo-ddceprimmkxjtoehwwbzsjlcvxeq/Build/Intermediates.noindex/Axilo.build/Debug-iphoneos/AxiloWeb.build/DerivedSources -Xcc -DDEBUG\=1 -module-name AxiloWeb -frontend-parseable-output -disable-clang-spi -target-sdk-version 18.2 -target-sdk-name iphoneos18.2 -external-plugin-path /Applications/Xcode.app/Contents/Developer/Platforms/iPhoneOS.platform/Developer/usr/lib/swift/host/plugins\#/Applications/Xcode.app/Contents/Developer/Platforms/iPhoneOS.platform/Developer/usr/bin/swift-plugin-server -external-plugin-path /Applications/Xcode.app/Contents/Developer/Platforms/iPhoneOS.platform/Developer/usr/local/lib/swift/host/plugins\#/Applications/Xcode.app/Contents/Developer/Platforms/iPhoneOS.platform/Developer/usr/bin/swift-plugin-server -plugin-path /Applications/Xcode.app/Contents/Developer/Toolchains/XcodeDefault.xctoolchain/usr/lib/swift/host/plugins -plugin-path /Applications/Xcode.app/Contents/Developer/Toolchains/XcodeDefault.xctoolchain/usr/local/lib/swift/host/plugins -o /Users/alp/Library/Developer/Xcode/DerivedData/Axilo-ddceprimmkxjtoehwwbzsjlcvxeq/Build/Intermediates.noindex/Axilo.build/Debug-iphoneos/AxiloWeb.build/Objects-normal/arm64/ExploreView.o -o /Users/alp/Library/Developer/Xcode/DerivedData/Axilo-ddceprimmkxjtoehwwbzsjlcvxeq/Build/Intermediates.noindex/Axilo.build/Debug-iphoneos/AxiloWeb.build/Objects-normal/arm64/PDFParsingService.o -o /Users/alp/Library/Developer/Xcode/DerivedData/Axilo-ddceprimmkxjtoehwwbzsjlcvxeq/Build/Intermediates.noindex/Axilo.build/Debug-iphoneos/AxiloWeb.build/Objects-normal/arm64/PageChunker.o -o /Users/alp/Library/Developer/Xcode/DerivedData/Axilo-ddceprimmkxjtoehwwbzsjlcvxeq/Build/Intermediates.noindex/Axilo.build/Debug-iphoneos/AxiloWeb.build/Objects-normal/arm64/NavigationPoint.o -index-unit-output-path /Axilo.build/Debug-iphoneos/AxiloWeb.build/Objects-normal/arm64/ExploreView.o -index-unit-output-path /Axilo.build/Debug-iphoneos/AxiloWeb.build/Objects-normal/arm64/PDFParsingService.o -index-unit-output-path /Axilo.build/Debug-iphoneos/AxiloWeb.build/Objects-normal/arm64/PageChunker.o -index-unit-output-path /Axilo.build/Debug-iphoneos/AxiloWeb.build/Objects-normal/arm64/NavigationPoint.o -index-store-path /Users/alp/Library/Developer/Xcode/DerivedData/Axilo-ddceprimmkxjtoehwwbzsjlcvxeq/Index.noindex/DataStore -index-system-modules
SwiftCompile normal arm64 /Users/alp/Documents/coding/speed_read/SpeedRead/Views/ExploreView.swift (in target 'AxiloWeb' from project 'Axilo')
    cd /Users/alp/Documents/coding/speed_read
    /Applications/Xcode.app/Contents/Developer/Toolchains/XcodeDefault.xctoolchain/usr/bin/swift-frontend -c /Users/alp/Documents/coding/speed_read/SpeedRead/Views/DocumentThumbnail.swift /Users/alp/Documents/coding/speed_read/SpeedRead/Views/LibraryView.swift /Users/alp/Documents/coding/speed_read/SpeedRead/Views/DocumentPicker.swift /Users/alp/Documents/coding/speed_read/SpeedRead/Views/HomeView.swift /Users/alp/Documents/coding/speed_read/SpeedRead/Views/ParagraphView.swift /Users/alp/Documents/coding/speed_read/AxiloWeb/SafariWebExtensionHandler.swift /Users/alp/Documents/coding/speed_read/SpeedRead/Views/ContentView.swift /Users/alp/Documents/coding/speed_read/SpeedRead/Views/WordSearchView.swift /Users/alp/Documents/coding/speed_read/SpeedRead/Services/HeadingDetector.swift /Users/alp/Documents/coding/speed_read/SpeedRead/Resources/SampleText.swift /Users/alp/Documents/coding/speed_read/SpeedRead/Views/RSVPView.swift /Users/alp/Documents/coding/speed_read/SpeedRead/Views/SettingsView.swift /Users/alp/Documents/coding/speed_read/SpeedRead/Views/ChapterListView.swift /Users/alp/Documents/coding/speed_read/SpeedRead/Services/OrientationManager.swift /Users/alp/Documents/coding/speed_read/SpeedRead/Services/BookSearchService.swift /Users/alp/Documents/coding/speed_read/SpeedRead/Views/WordDisplayView.swift /Users/alp/Documents/coding/speed_read/SpeedRead/Views/VerticalSlider.swift -primary-file /Users/alp/Documents/coding/speed_read/SpeedRead/Views/ExploreView.swift -primary-file /Users/alp/Documents/coding/speed_read/SpeedRead/Services/PDFParsingService.swift -primary-file /Users/alp/Documents/coding/speed_read/SpeedRead/Services/PageChunker.swift -primary-file /Users/alp/Documents/coding/speed_read/SpeedRead/Models/NavigationPoint.swift /Users/alp/Documents/coding/speed_read/SpeedRead/Views/CustomTabBar.swift /Users/alp/Documents/coding/speed_read/SpeedRead/Services/LibraryManager.swift /Users/alp/Documents/coding/speed_read/SpeedRead/Services/DocumentParser.swift /Users/alp/Documents/coding/speed_read/SpeedRead/Services/TextTokenizer.swift /Users/alp/Documents/coding/speed_read/SpeedRead/ViewModels/RSVPViewModel.swift /Users/alp/Documents/coding/speed_read/SpeedRead/Services/HTMLHelper.swift /Users/alp/Documents/coding/speed_read/SpeedRead/Services/WordSearcher.swift /Users/alp/Documents/coding/speed_read/SpeedRead/Services/DOCXParser.swift /Users/alp/Documents/coding/speed_read/SpeedRead/Services/FontMetricsCache.swift /Users/alp/Documents/coding/speed_read/SpeedRead/Services/EPUBParser.swift /Users/alp/Documents/coding/speed_read/SpeedRead/Services/SettingsManager.swift /Users/alp/Documents/coding/speed_read/SpeedRead/Services/ThumbnailManager.swift -supplementary-output-file-map /Users/alp/Library/Developer/Xcode/DerivedData/Axilo-ddceprimmkxjtoehwwbzsjlcvxeq/Build/Intermediates.noindex/Axilo.build/Debug-iphoneos/AxiloWeb.build/Objects-normal/arm64/supplementaryOutputs-9 -emit-localized-strings -emit-localized-strings-path /Users/alp/Library/Developer/Xcode/DerivedData/Axilo-ddceprimmkxjtoehwwbzsjlcvxeq/Build/Intermediates.noindex/Axilo.build/Debug-iphoneos/AxiloWeb.build/Objects-normal/arm64 -target arm64-apple-ios18.2 -Xllvm -aarch64-use-tbi -enable-objc-interop -stack-check -sdk /Applications/Xcode.app/Contents/Developer/Platforms/iPhoneOS.platform/Developer/SDKs/iPhoneOS18.2.sdk -I /Users/alp/Library/Developer/Xcode/DerivedData/Axilo-ddceprimmkxjtoehwwbzsjlcvxeq/Build/Products/Debug-iphoneos -F /Users/alp/Library/Developer/Xcode/DerivedData/Axilo-ddceprimmkxjtoehwwbzsjlcvxeq/Build/Products/Debug-iphoneos/PackageFrameworks -F /Users/alp/Library/Developer/Xcode/DerivedData/Axilo-ddceprimmkxjtoehwwbzsjlcvxeq/Build/Products/Debug-iphoneos -no-color-diagnostics -application-extension -enable-testing -g -debug-info-format\=dwarf -dwarf-version\=5 -module-cache-path /Users/alp/Library/Developer/Xcode/DerivedData/ModuleCache.noindex -swift-version 5 -enforce-exclusivity\=checked -Onone -D DEBUG -serialize-debugging-options -const-gather-protocols-file /Users/alp/Library/Developer/Xcode/DerivedData/Axilo-ddceprimmkxjtoehwwbzsjlcvxeq/Build/Intermediates.noindex/Axilo.build/Debug-iphoneos/AxiloWeb.build/Objects-normal/arm64/AxiloWeb_const_extract_protocols.json -enable-experimental-feature DebugDescriptionMacro -enable-experimental-feature OpaqueTypeErasure -enable-bare-slash-regex -empty-abi-descriptor -validate-clang-modules-once -clang-build-session-file /Users/alp/Library/Developer/Xcode/DerivedData/ModuleCache.noindex/Session.modulevalidation -Xcc -working-directory -Xcc /Users/alp/Documents/coding/speed_read -resource-dir /Applications/Xcode.app/Contents/Developer/Toolchains/XcodeDefault.xctoolchain/usr/lib/swift -enable-anonymous-context-mangled-names -file-compilation-dir /Users/alp/Documents/coding/speed_read -Xcc -D_LIBCPP_HARDENING_MODE\=_LIBCPP_HARDENING_MODE_DEBUG -Xcc -ivfsstatcache -Xcc /Users/alp/Library/Developer/Xcode/DerivedData/SDKStatCaches.noindex/iphoneos18.2-22C146-d5b9239ec3bf5b3adbecdf21472871e3.sdkstatcache -Xcc -I/Users/alp/Library/Developer/Xcode/DerivedData/Axilo-ddceprimmkxjtoehwwbzsjlcvxeq/Build/Intermediates.noindex/Axilo.build/Debug-iphoneos/AxiloWeb.build/swift-overrides.hmap -Xcc -iquote -Xcc /Users/alp/Library/Developer/Xcode/DerivedData/Axilo-ddceprimmkxjtoehwwbzsjlcvxeq/Build/Intermediates.noindex/Axilo.build/Debug-iphoneos/AxiloWeb.build/AxiloWeb-generated-files.hmap -Xcc -I/Users/alp/Library/Developer/Xcode/DerivedData/Axilo-ddceprimmkxjtoehwwbzsjlcvxeq/Build/Intermediates.noindex/Axilo.build/Debug-iphoneos/AxiloWeb.build/AxiloWeb-own-target-headers.hmap -Xcc -I/Users/alp/Library/Developer/Xcode/DerivedData/Axilo-ddceprimmkxjtoehwwbzsjlcvxeq/Build/Intermediates.noindex/Axilo.build/Debug-iphoneos/AxiloWeb.build/AxiloWeb-all-non-framework-target-headers.hmap -Xcc -ivfsoverlay -Xcc /Users/alp/Library/Developer/Xcode/DerivedData/Axilo-ddceprimmkxjtoehwwbzsjlcvxeq/Build/Intermediates.noindex/Axilo.build/Debug-iphoneos/Axilo-e81d69d167653b048501db775bf85700-VFS-iphoneos/all-product-headers.yaml -Xcc -iquote -Xcc /Users/alp/Library/Developer/Xcode/DerivedData/Axilo-ddceprimmkxjtoehwwbzsjlcvxeq/Build/Intermediates.noindex/Axilo.build/Debug-iphoneos/AxiloWeb.build/AxiloWeb-project-headers.hmap -Xcc -I/Users/alp/Library/Developer/Xcode/DerivedData/Axilo-ddceprimmkxjtoehwwbzsjlcvxeq/Build/Products/Debug-iphoneos/include -Xcc -I/Users/alp/Library/Developer/Xcode/DerivedData/Axilo-ddceprimmkxjtoehwwbzsjlcvxeq/Build/Intermediates.noindex/Axilo.build/Debug-iphoneos/AxiloWeb.build/DerivedSources-normal/arm64 -Xcc -I/Users/alp/Library/Developer/Xcode/DerivedData/Axilo-ddceprimmkxjtoehwwbzsjlcvxeq/Build/Intermediates.noindex/Axilo.build/Debug-iphoneos/AxiloWeb.build/DerivedSources/arm64 -Xcc -I/Users/alp/Library/Developer/Xcode/DerivedData/Axilo-ddceprimmkxjtoehwwbzsjlcvxeq/Build/Intermediates.noindex/Axilo.build/Debug-iphoneos/AxiloWeb.build/DerivedSources -Xcc -DDEBUG\=1 -module-name AxiloWeb -frontend-parseable-output -disable-clang-spi -target-sdk-version 18.2 -target-sdk-name iphoneos18.2 -external-plugin-path /Applications/Xcode.app/Contents/Developer/Platforms/iPhoneOS.platform/Developer/usr/lib/swift/host/plugins\#/Applications/Xcode.app/Contents/Developer/Platforms/iPhoneOS.platform/Developer/usr/bin/swift-plugin-server -external-plugin-path /Applications/Xcode.app/Contents/Developer/Platforms/iPhoneOS.platform/Developer/usr/local/lib/swift/host/plugins\#/Applications/Xcode.app/Contents/Developer/Platforms/iPhoneOS.platform/Developer/usr/bin/swift-plugin-server -plugin-path /Applications/Xcode.app/Contents/Developer/Toolchains/XcodeDefault.xctoolchain/usr/lib/swift/host/plugins -plugin-path /Applications/Xcode.app/Contents/Developer/Toolchains/XcodeDefault.xctoolchain/usr/local/lib/swift/host/plugins -o /Users/alp/Library/Developer/Xcode/DerivedData/Axilo-ddceprimmkxjtoehwwbzsjlcvxeq/Build/Intermediates.noindex/Axilo.build/Debug-iphoneos/AxiloWeb.build/Objects-normal/arm64/ExploreView.o -o /Users/alp/Library/Developer/Xcode/DerivedData/Axilo-ddceprimmkxjtoehwwbzsjlcvxeq/Build/Intermediates.noindex/Axilo.build/Debug-iphoneos/AxiloWeb.build/Objects-normal/arm64/PDFParsingService.o -o /Users/alp/Library/Developer/Xcode/DerivedData/Axilo-ddceprimmkxjtoehwwbzsjlcvxeq/Build/Intermediates.noindex/Axilo.build/Debug-iphoneos/AxiloWeb.build/Objects-normal/arm64/PageChunker.o -o /Users/alp/Library/Developer/Xcode/DerivedData/Axilo-ddceprimmkxjtoehwwbzsjlcvxeq/Build/Intermediates.noindex/Axilo.build/Debug-iphoneos/AxiloWeb.build/Objects-normal/arm64/NavigationPoint.o -index-unit-output-path /Axilo.build/Debug-iphoneos/AxiloWeb.build/Objects-normal/arm64/ExploreView.o -index-unit-output-path /Axilo.build/Debug-iphoneos/AxiloWeb.build/Objects-normal/arm64/PDFParsingService.o -index-unit-output-path /Axilo.build/Debug-iphoneos/AxiloWeb.build/Objects-normal/arm64/PageChunker.o -index-unit-output-path /Axilo.build/Debug-iphoneos/AxiloWeb.build/Objects-normal/arm64/NavigationPoint.o -index-store-path /Users/alp/Library/Developer/Xcode/DerivedData/Axilo-ddceprimmkxjtoehwwbzsjlcvxeq/Index.noindex/DataStore -index-system-modules

SwiftCompile normal arm64 /Users/alp/Documents/coding/speed_read/SpeedRead/Services/PDFParsingService.swift (in target 'AxiloWeb' from project 'Axilo')
    cd /Users/alp/Documents/coding/speed_read
    /Applications/Xcode.app/Contents/Developer/Toolchains/XcodeDefault.xctoolchain/usr/bin/swift-frontend -c /Users/alp/Documents/coding/speed_read/SpeedRead/Views/DocumentThumbnail.swift /Users/alp/Documents/coding/speed_read/SpeedRead/Views/LibraryView.swift /Users/alp/Documents/coding/speed_read/SpeedRead/Views/DocumentPicker.swift /Users/alp/Documents/coding/speed_read/SpeedRead/Views/HomeView.swift /Users/alp/Documents/coding/speed_read/SpeedRead/Views/ParagraphView.swift /Users/alp/Documents/coding/speed_read/AxiloWeb/SafariWebExtensionHandler.swift /Users/alp/Documents/coding/speed_read/SpeedRead/Views/ContentView.swift /Users/alp/Documents/coding/speed_read/SpeedRead/Views/WordSearchView.swift /Users/alp/Documents/coding/speed_read/SpeedRead/Services/HeadingDetector.swift /Users/alp/Documents/coding/speed_read/SpeedRead/Resources/SampleText.swift /Users/alp/Documents/coding/speed_read/SpeedRead/Views/RSVPView.swift /Users/alp/Documents/coding/speed_read/SpeedRead/Views/SettingsView.swift /Users/alp/Documents/coding/speed_read/SpeedRead/Views/ChapterListView.swift /Users/alp/Documents/coding/speed_read/SpeedRead/Services/OrientationManager.swift /Users/alp/Documents/coding/speed_read/SpeedRead/Services/BookSearchService.swift /Users/alp/Documents/coding/speed_read/SpeedRead/Views/WordDisplayView.swift /Users/alp/Documents/coding/speed_read/SpeedRead/Views/VerticalSlider.swift -primary-file /Users/alp/Documents/coding/speed_read/SpeedRead/Views/ExploreView.swift -primary-file /Users/alp/Documents/coding/speed_read/SpeedRead/Services/PDFParsingService.swift -primary-file /Users/alp/Documents/coding/speed_read/SpeedRead/Services/PageChunker.swift -primary-file /Users/alp/Documents/coding/speed_read/SpeedRead/Models/NavigationPoint.swift /Users/alp/Documents/coding/speed_read/SpeedRead/Views/CustomTabBar.swift /Users/alp/Documents/coding/speed_read/SpeedRead/Services/LibraryManager.swift /Users/alp/Documents/coding/speed_read/SpeedRead/Services/DocumentParser.swift /Users/alp/Documents/coding/speed_read/SpeedRead/Services/TextTokenizer.swift /Users/alp/Documents/coding/speed_read/SpeedRead/ViewModels/RSVPViewModel.swift /Users/alp/Documents/coding/speed_read/SpeedRead/Services/HTMLHelper.swift /Users/alp/Documents/coding/speed_read/SpeedRead/Services/WordSearcher.swift /Users/alp/Documents/coding/speed_read/SpeedRead/Services/DOCXParser.swift /Users/alp/Documents/coding/speed_read/SpeedRead/Services/FontMetricsCache.swift /Users/alp/Documents/coding/speed_read/SpeedRead/Services/EPUBParser.swift /Users/alp/Documents/coding/speed_read/SpeedRead/Services/SettingsManager.swift /Users/alp/Documents/coding/speed_read/SpeedRead/Services/ThumbnailManager.swift -supplementary-output-file-map /Users/alp/Library/Developer/Xcode/DerivedData/Axilo-ddceprimmkxjtoehwwbzsjlcvxeq/Build/Intermediates.noindex/Axilo.build/Debug-iphoneos/AxiloWeb.build/Objects-normal/arm64/supplementaryOutputs-9 -emit-localized-strings -emit-localized-strings-path /Users/alp/Library/Developer/Xcode/DerivedData/Axilo-ddceprimmkxjtoehwwbzsjlcvxeq/Build/Intermediates.noindex/Axilo.build/Debug-iphoneos/AxiloWeb.build/Objects-normal/arm64 -target arm64-apple-ios18.2 -Xllvm -aarch64-use-tbi -enable-objc-interop -stack-check -sdk /Applications/Xcode.app/Contents/Developer/Platforms/iPhoneOS.platform/Developer/SDKs/iPhoneOS18.2.sdk -I /Users/alp/Library/Developer/Xcode/DerivedData/Axilo-ddceprimmkxjtoehwwbzsjlcvxeq/Build/Products/Debug-iphoneos -F /Users/alp/Library/Developer/Xcode/DerivedData/Axilo-ddceprimmkxjtoehwwbzsjlcvxeq/Build/Products/Debug-iphoneos/PackageFrameworks -F /Users/alp/Library/Developer/Xcode/DerivedData/Axilo-ddceprimmkxjtoehwwbzsjlcvxeq/Build/Products/Debug-iphoneos -no-color-diagnostics -application-extension -enable-testing -g -debug-info-format\=dwarf -dwarf-version\=5 -module-cache-path /Users/alp/Library/Developer/Xcode/DerivedData/ModuleCache.noindex -swift-version 5 -enforce-exclusivity\=checked -Onone -D DEBUG -serialize-debugging-options -const-gather-protocols-file /Users/alp/Library/Developer/Xcode/DerivedData/Axilo-ddceprimmkxjtoehwwbzsjlcvxeq/Build/Intermediates.noindex/Axilo.build/Debug-iphoneos/AxiloWeb.build/Objects-normal/arm64/AxiloWeb_const_extract_protocols.json -enable-experimental-feature DebugDescriptionMacro -enable-experimental-feature OpaqueTypeErasure -enable-bare-slash-regex -empty-abi-descriptor -validate-clang-modules-once -clang-build-session-file /Users/alp/Library/Developer/Xcode/DerivedData/ModuleCache.noindex/Session.modulevalidation -Xcc -working-directory -Xcc /Users/alp/Documents/coding/speed_read -resource-dir /Applications/Xcode.app/Contents/Developer/Toolchains/XcodeDefault.xctoolchain/usr/lib/swift -enable-anonymous-context-mangled-names -file-compilation-dir /Users/alp/Documents/coding/speed_read -Xcc -D_LIBCPP_HARDENING_MODE\=_LIBCPP_HARDENING_MODE_DEBUG -Xcc -ivfsstatcache -Xcc /Users/alp/Library/Developer/Xcode/DerivedData/SDKStatCaches.noindex/iphoneos18.2-22C146-d5b9239ec3bf5b3adbecdf21472871e3.sdkstatcache -Xcc -I/Users/alp/Library/Developer/Xcode/DerivedData/Axilo-ddceprimmkxjtoehwwbzsjlcvxeq/Build/Intermediates.noindex/Axilo.build/Debug-iphoneos/AxiloWeb.build/swift-overrides.hmap -Xcc -iquote -Xcc /Users/alp/Library/Developer/Xcode/DerivedData/Axilo-ddceprimmkxjtoehwwbzsjlcvxeq/Build/Intermediates.noindex/Axilo.build/Debug-iphoneos/AxiloWeb.build/AxiloWeb-generated-files.hmap -Xcc -I/Users/alp/Library/Developer/Xcode/DerivedData/Axilo-ddceprimmkxjtoehwwbzsjlcvxeq/Build/Intermediates.noindex/Axilo.build/Debug-iphoneos/AxiloWeb.build/AxiloWeb-own-target-headers.hmap -Xcc -I/Users/alp/Library/Developer/Xcode/DerivedData/Axilo-ddceprimmkxjtoehwwbzsjlcvxeq/Build/Intermediates.noindex/Axilo.build/Debug-iphoneos/AxiloWeb.build/AxiloWeb-all-non-framework-target-headers.hmap -Xcc -ivfsoverlay -Xcc /Users/alp/Library/Developer/Xcode/DerivedData/Axilo-ddceprimmkxjtoehwwbzsjlcvxeq/Build/Intermediates.noindex/Axilo.build/Debug-iphoneos/Axilo-e81d69d167653b048501db775bf85700-VFS-iphoneos/all-product-headers.yaml -Xcc -iquote -Xcc /Users/alp/Library/Developer/Xcode/DerivedData/Axilo-ddceprimmkxjtoehwwbzsjlcvxeq/Build/Intermediates.noindex/Axilo.build/Debug-iphoneos/AxiloWeb.build/AxiloWeb-project-headers.hmap -Xcc -I/Users/alp/Library/Developer/Xcode/DerivedData/Axilo-ddceprimmkxjtoehwwbzsjlcvxeq/Build/Products/Debug-iphoneos/include -Xcc -I/Users/alp/Library/Developer/Xcode/DerivedData/Axilo-ddceprimmkxjtoehwwbzsjlcvxeq/Build/Intermediates.noindex/Axilo.build/Debug-iphoneos/AxiloWeb.build/DerivedSources-normal/arm64 -Xcc -I/Users/alp/Library/Developer/Xcode/DerivedData/Axilo-ddceprimmkxjtoehwwbzsjlcvxeq/Build/Intermediates.noindex/Axilo.build/Debug-iphoneos/AxiloWeb.build/DerivedSources/arm64 -Xcc -I/Users/alp/Library/Developer/Xcode/DerivedData/Axilo-ddceprimmkxjtoehwwbzsjlcvxeq/Build/Intermediates.noindex/Axilo.build/Debug-iphoneos/AxiloWeb.build/DerivedSources -Xcc -DDEBUG\=1 -module-name AxiloWeb -frontend-parseable-output -disable-clang-spi -target-sdk-version 18.2 -target-sdk-name iphoneos18.2 -external-plugin-path /Applications/Xcode.app/Contents/Developer/Platforms/iPhoneOS.platform/Developer/usr/lib/swift/host/plugins\#/Applications/Xcode.app/Contents/Developer/Platforms/iPhoneOS.platform/Developer/usr/bin/swift-plugin-server -external-plugin-path /Applications/Xcode.app/Contents/Developer/Platforms/iPhoneOS.platform/Developer/usr/local/lib/swift/host/plugins\#/Applications/Xcode.app/Contents/Developer/Platforms/iPhoneOS.platform/Developer/usr/bin/swift-plugin-server -plugin-path /Applications/Xcode.app/Contents/Developer/Toolchains/XcodeDefault.xctoolchain/usr/lib/swift/host/plugins -plugin-path /Applications/Xcode.app/Contents/Developer/Toolchains/XcodeDefault.xctoolchain/usr/local/lib/swift/host/plugins -o /Users/alp/Library/Developer/Xcode/DerivedData/Axilo-ddceprimmkxjtoehwwbzsjlcvxeq/Build/Intermediates.noindex/Axilo.build/Debug-iphoneos/AxiloWeb.build/Objects-normal/arm64/ExploreView.o -o /Users/alp/Library/Developer/Xcode/DerivedData/Axilo-ddceprimmkxjtoehwwbzsjlcvxeq/Build/Intermediates.noindex/Axilo.build/Debug-iphoneos/AxiloWeb.build/Objects-normal/arm64/PDFParsingService.o -o /Users/alp/Library/Developer/Xcode/DerivedData/Axilo-ddceprimmkxjtoehwwbzsjlcvxeq/Build/Intermediates.noindex/Axilo.build/Debug-iphoneos/AxiloWeb.build/Objects-normal/arm64/PageChunker.o -o /Users/alp/Library/Developer/Xcode/DerivedData/Axilo-ddceprimmkxjtoehwwbzsjlcvxeq/Build/Intermediates.noindex/Axilo.build/Debug-iphoneos/AxiloWeb.build/Objects-normal/arm64/NavigationPoint.o -index-unit-output-path /Axilo.build/Debug-iphoneos/AxiloWeb.build/Objects-normal/arm64/ExploreView.o -index-unit-output-path /Axilo.build/Debug-iphoneos/AxiloWeb.build/Objects-normal/arm64/PDFParsingService.o -index-unit-output-path /Axilo.build/Debug-iphoneos/AxiloWeb.build/Objects-normal/arm64/PageChunker.o -index-unit-output-path /Axilo.build/Debug-iphoneos/AxiloWeb.build/Objects-normal/arm64/NavigationPoint.o -index-store-path /Users/alp/Library/Developer/Xcode/DerivedData/Axilo-ddceprimmkxjtoehwwbzsjlcvxeq/Index.noindex/DataStore -index-system-modules

SwiftCompile normal arm64 /Users/alp/Documents/coding/speed_read/SpeedRead/Services/PageChunker.swift (in target 'AxiloWeb' from project 'Axilo')
    cd /Users/alp/Documents/coding/speed_read
    /Applications/Xcode.app/Contents/Developer/Toolchains/XcodeDefault.xctoolchain/usr/bin/swift-frontend -c /Users/alp/Documents/coding/speed_read/SpeedRead/Views/DocumentThumbnail.swift /Users/alp/Documents/coding/speed_read/SpeedRead/Views/LibraryView.swift /Users/alp/Documents/coding/speed_read/SpeedRead/Views/DocumentPicker.swift /Users/alp/Documents/coding/speed_read/SpeedRead/Views/HomeView.swift /Users/alp/Documents/coding/speed_read/SpeedRead/Views/ParagraphView.swift /Users/alp/Documents/coding/speed_read/AxiloWeb/SafariWebExtensionHandler.swift /Users/alp/Documents/coding/speed_read/SpeedRead/Views/ContentView.swift /Users/alp/Documents/coding/speed_read/SpeedRead/Views/WordSearchView.swift /Users/alp/Documents/coding/speed_read/SpeedRead/Services/HeadingDetector.swift /Users/alp/Documents/coding/speed_read/SpeedRead/Resources/SampleText.swift /Users/alp/Documents/coding/speed_read/SpeedRead/Views/RSVPView.swift /Users/alp/Documents/coding/speed_read/SpeedRead/Views/SettingsView.swift /Users/alp/Documents/coding/speed_read/SpeedRead/Views/ChapterListView.swift /Users/alp/Documents/coding/speed_read/SpeedRead/Services/OrientationManager.swift /Users/alp/Documents/coding/speed_read/SpeedRead/Services/BookSearchService.swift /Users/alp/Documents/coding/speed_read/SpeedRead/Views/WordDisplayView.swift /Users/alp/Documents/coding/speed_read/SpeedRead/Views/VerticalSlider.swift -primary-file /Users/alp/Documents/coding/speed_read/SpeedRead/Views/ExploreView.swift -primary-file /Users/alp/Documents/coding/speed_read/SpeedRead/Services/PDFParsingService.swift -primary-file /Users/alp/Documents/coding/speed_read/SpeedRead/Services/PageChunker.swift -primary-file /Users/alp/Documents/coding/speed_read/SpeedRead/Models/NavigationPoint.swift /Users/alp/Documents/coding/speed_read/SpeedRead/Views/CustomTabBar.swift /Users/alp/Documents/coding/speed_read/SpeedRead/Services/LibraryManager.swift /Users/alp/Documents/coding/speed_read/SpeedRead/Services/DocumentParser.swift /Users/alp/Documents/coding/speed_read/SpeedRead/Services/TextTokenizer.swift /Users/alp/Documents/coding/speed_read/SpeedRead/ViewModels/RSVPViewModel.swift /Users/alp/Documents/coding/speed_read/SpeedRead/Services/HTMLHelper.swift /Users/alp/Documents/coding/speed_read/SpeedRead/Services/WordSearcher.swift /Users/alp/Documents/coding/speed_read/SpeedRead/Services/DOCXParser.swift /Users/alp/Documents/coding/speed_read/SpeedRead/Services/FontMetricsCache.swift /Users/alp/Documents/coding/speed_read/SpeedRead/Services/EPUBParser.swift /Users/alp/Documents/coding/speed_read/SpeedRead/Services/SettingsManager.swift /Users/alp/Documents/coding/speed_read/SpeedRead/Services/ThumbnailManager.swift -supplementary-output-file-map /Users/alp/Library/Developer/Xcode/DerivedData/Axilo-ddceprimmkxjtoehwwbzsjlcvxeq/Build/Intermediates.noindex/Axilo.build/Debug-iphoneos/AxiloWeb.build/Objects-normal/arm64/supplementaryOutputs-9 -emit-localized-strings -emit-localized-strings-path /Users/alp/Library/Developer/Xcode/DerivedData/Axilo-ddceprimmkxjtoehwwbzsjlcvxeq/Build/Intermediates.noindex/Axilo.build/Debug-iphoneos/AxiloWeb.build/Objects-normal/arm64 -target arm64-apple-ios18.2 -Xllvm -aarch64-use-tbi -enable-objc-interop -stack-check -sdk /Applications/Xcode.app/Contents/Developer/Platforms/iPhoneOS.platform/Developer/SDKs/iPhoneOS18.2.sdk -I /Users/alp/Library/Developer/Xcode/DerivedData/Axilo-ddceprimmkxjtoehwwbzsjlcvxeq/Build/Products/Debug-iphoneos -F /Users/alp/Library/Developer/Xcode/DerivedData/Axilo-ddceprimmkxjtoehwwbzsjlcvxeq/Build/Products/Debug-iphoneos/PackageFrameworks -F /Users/alp/Library/Developer/Xcode/DerivedData/Axilo-ddceprimmkxjtoehwwbzsjlcvxeq/Build/Products/Debug-iphoneos -no-color-diagnostics -application-extension -enable-testing -g -debug-info-format\=dwarf -dwarf-version\=5 -module-cache-path /Users/alp/Library/Developer/Xcode/DerivedData/ModuleCache.noindex -swift-version 5 -enforce-exclusivity\=checked -Onone -D DEBUG -serialize-debugging-options -const-gather-protocols-file /Users/alp/Library/Developer/Xcode/DerivedData/Axilo-ddceprimmkxjtoehwwbzsjlcvxeq/Build/Intermediates.noindex/Axilo.build/Debug-iphoneos/AxiloWeb.build/Objects-normal/arm64/AxiloWeb_const_extract_protocols.json -enable-experimental-feature DebugDescriptionMacro -enable-experimental-feature OpaqueTypeErasure -enable-bare-slash-regex -empty-abi-descriptor -validate-clang-modules-once -clang-build-session-file /Users/alp/Library/Developer/Xcode/DerivedData/ModuleCache.noindex/Session.modulevalidation -Xcc -working-directory -Xcc /Users/alp/Documents/coding/speed_read -resource-dir /Applications/Xcode.app/Contents/Developer/Toolchains/XcodeDefault.xctoolchain/usr/lib/swift -enable-anonymous-context-mangled-names -file-compilation-dir /Users/alp/Documents/coding/speed_read -Xcc -D_LIBCPP_HARDENING_MODE\=_LIBCPP_HARDENING_MODE_DEBUG -Xcc -ivfsstatcache -Xcc /Users/alp/Library/Developer/Xcode/DerivedData/SDKStatCaches.noindex/iphoneos18.2-22C146-d5b9239ec3bf5b3adbecdf21472871e3.sdkstatcache -Xcc -I/Users/alp/Library/Developer/Xcode/DerivedData/Axilo-ddceprimmkxjtoehwwbzsjlcvxeq/Build/Intermediates.noindex/Axilo.build/Debug-iphoneos/AxiloWeb.build/swift-overrides.hmap -Xcc -iquote -Xcc /Users/alp/Library/Developer/Xcode/DerivedData/Axilo-ddceprimmkxjtoehwwbzsjlcvxeq/Build/Intermediates.noindex/Axilo.build/Debug-iphoneos/AxiloWeb.build/AxiloWeb-generated-files.hmap -Xcc -I/Users/alp/Library/Developer/Xcode/DerivedData/Axilo-ddceprimmkxjtoehwwbzsjlcvxeq/Build/Intermediates.noindex/Axilo.build/Debug-iphoneos/AxiloWeb.build/AxiloWeb-own-target-headers.hmap -Xcc -I/Users/alp/Library/Developer/Xcode/DerivedData/Axilo-ddceprimmkxjtoehwwbzsjlcvxeq/Build/Intermediates.noindex/Axilo.build/Debug-iphoneos/AxiloWeb.build/AxiloWeb-all-non-framework-target-headers.hmap -Xcc -ivfsoverlay -Xcc /Users/alp/Library/Developer/Xcode/DerivedData/Axilo-ddceprimmkxjtoehwwbzsjlcvxeq/Build/Intermediates.noindex/Axilo.build/Debug-iphoneos/Axilo-e81d69d167653b048501db775bf85700-VFS-iphoneos/all-product-headers.yaml -Xcc -iquote -Xcc /Users/alp/Library/Developer/Xcode/DerivedData/Axilo-ddceprimmkxjtoehwwbzsjlcvxeq/Build/Intermediates.noindex/Axilo.build/Debug-iphoneos/AxiloWeb.build/AxiloWeb-project-headers.hmap -Xcc -I/Users/alp/Library/Developer/Xcode/DerivedData/Axilo-ddceprimmkxjtoehwwbzsjlcvxeq/Build/Products/Debug-iphoneos/include -Xcc -I/Users/alp/Library/Developer/Xcode/DerivedData/Axilo-ddceprimmkxjtoehwwbzsjlcvxeq/Build/Intermediates.noindex/Axilo.build/Debug-iphoneos/AxiloWeb.build/DerivedSources-normal/arm64 -Xcc -I/Users/alp/Library/Developer/Xcode/DerivedData/Axilo-ddceprimmkxjtoehwwbzsjlcvxeq/Build/Intermediates.noindex/Axilo.build/Debug-iphoneos/AxiloWeb.build/DerivedSources/arm64 -Xcc -I/Users/alp/Library/Developer/Xcode/DerivedData/Axilo-ddceprimmkxjtoehwwbzsjlcvxeq/Build/Intermediates.noindex/Axilo.build/Debug-iphoneos/AxiloWeb.build/DerivedSources -Xcc -DDEBUG\=1 -module-name AxiloWeb -frontend-parseable-output -disable-clang-spi -target-sdk-version 18.2 -target-sdk-name iphoneos18.2 -external-plugin-path /Applications/Xcode.app/Contents/Developer/Platforms/iPhoneOS.platform/Developer/usr/lib/swift/host/plugins\#/Applications/Xcode.app/Contents/Developer/Platforms/iPhoneOS.platform/Developer/usr/bin/swift-plugin-server -external-plugin-path /Applications/Xcode.app/Contents/Developer/Platforms/iPhoneOS.platform/Developer/usr/local/lib/swift/host/plugins\#/Applications/Xcode.app/Contents/Developer/Platforms/iPhoneOS.platform/Developer/usr/bin/swift-plugin-server -plugin-path /Applications/Xcode.app/Contents/Developer/Toolchains/XcodeDefault.xctoolchain/usr/lib/swift/host/plugins -plugin-path /Applications/Xcode.app/Contents/Developer/Toolchains/XcodeDefault.xctoolchain/usr/local/lib/swift/host/plugins -o /Users/alp/Library/Developer/Xcode/DerivedData/Axilo-ddceprimmkxjtoehwwbzsjlcvxeq/Build/Intermediates.noindex/Axilo.build/Debug-iphoneos/AxiloWeb.build/Objects-normal/arm64/ExploreView.o -o /Users/alp/Library/Developer/Xcode/DerivedData/Axilo-ddceprimmkxjtoehwwbzsjlcvxeq/Build/Intermediates.noindex/Axilo.build/Debug-iphoneos/AxiloWeb.build/Objects-normal/arm64/PDFParsingService.o -o /Users/alp/Library/Developer/Xcode/DerivedData/Axilo-ddceprimmkxjtoehwwbzsjlcvxeq/Build/Intermediates.noindex/Axilo.build/Debug-iphoneos/AxiloWeb.build/Objects-normal/arm64/PageChunker.o -o /Users/alp/Library/Developer/Xcode/DerivedData/Axilo-ddceprimmkxjtoehwwbzsjlcvxeq/Build/Intermediates.noindex/Axilo.build/Debug-iphoneos/AxiloWeb.build/Objects-normal/arm64/NavigationPoint.o -index-unit-output-path /Axilo.build/Debug-iphoneos/AxiloWeb.build/Objects-normal/arm64/ExploreView.o -index-unit-output-path /Axilo.build/Debug-iphoneos/AxiloWeb.build/Objects-normal/arm64/PDFParsingService.o -index-unit-output-path /Axilo.build/Debug-iphoneos/AxiloWeb.build/Objects-normal/arm64/PageChunker.o -index-unit-output-path /Axilo.build/Debug-iphoneos/AxiloWeb.build/Objects-normal/arm64/NavigationPoint.o -index-store-path /Users/alp/Library/Developer/Xcode/DerivedData/Axilo-ddceprimmkxjtoehwwbzsjlcvxeq/Index.noindex/DataStore -index-system-modules

SwiftCompile normal arm64 /Users/alp/Documents/coding/speed_read/SpeedRead/Models/NavigationPoint.swift (in target 'AxiloWeb' from project 'Axilo')
    cd /Users/alp/Documents/coding/speed_read
    /Applications/Xcode.app/Contents/Developer/Toolchains/XcodeDefault.xctoolchain/usr/bin/swift-frontend -c /Users/alp/Documents/coding/speed_read/SpeedRead/Views/DocumentThumbnail.swift /Users/alp/Documents/coding/speed_read/SpeedRead/Views/LibraryView.swift /Users/alp/Documents/coding/speed_read/SpeedRead/Views/DocumentPicker.swift /Users/alp/Documents/coding/speed_read/SpeedRead/Views/HomeView.swift /Users/alp/Documents/coding/speed_read/SpeedRead/Views/ParagraphView.swift /Users/alp/Documents/coding/speed_read/AxiloWeb/SafariWebExtensionHandler.swift /Users/alp/Documents/coding/speed_read/SpeedRead/Views/ContentView.swift /Users/alp/Documents/coding/speed_read/SpeedRead/Views/WordSearchView.swift /Users/alp/Documents/coding/speed_read/SpeedRead/Services/HeadingDetector.swift /Users/alp/Documents/coding/speed_read/SpeedRead/Resources/SampleText.swift /Users/alp/Documents/coding/speed_read/SpeedRead/Views/RSVPView.swift /Users/alp/Documents/coding/speed_read/SpeedRead/Views/SettingsView.swift /Users/alp/Documents/coding/speed_read/SpeedRead/Views/ChapterListView.swift /Users/alp/Documents/coding/speed_read/SpeedRead/Services/OrientationManager.swift /Users/alp/Documents/coding/speed_read/SpeedRead/Services/BookSearchService.swift /Users/alp/Documents/coding/speed_read/SpeedRead/Views/WordDisplayView.swift /Users/alp/Documents/coding/speed_read/SpeedRead/Views/VerticalSlider.swift -primary-file /Users/alp/Documents/coding/speed_read/SpeedRead/Views/ExploreView.swift -primary-file /Users/alp/Documents/coding/speed_read/SpeedRead/Services/PDFParsingService.swift -primary-file /Users/alp/Documents/coding/speed_read/SpeedRead/Services/PageChunker.swift -primary-file /Users/alp/Documents/coding/speed_read/SpeedRead/Models/NavigationPoint.swift /Users/alp/Documents/coding/speed_read/SpeedRead/Views/CustomTabBar.swift /Users/alp/Documents/coding/speed_read/SpeedRead/Services/LibraryManager.swift /Users/alp/Documents/coding/speed_read/SpeedRead/Services/DocumentParser.swift /Users/alp/Documents/coding/speed_read/SpeedRead/Services/TextTokenizer.swift /Users/alp/Documents/coding/speed_read/SpeedRead/ViewModels/RSVPViewModel.swift /Users/alp/Documents/coding/speed_read/SpeedRead/Services/HTMLHelper.swift /Users/alp/Documents/coding/speed_read/SpeedRead/Services/WordSearcher.swift /Users/alp/Documents/coding/speed_read/SpeedRead/Services/DOCXParser.swift /Users/alp/Documents/coding/speed_read/SpeedRead/Services/FontMetricsCache.swift /Users/alp/Documents/coding/speed_read/SpeedRead/Services/EPUBParser.swift /Users/alp/Documents/coding/speed_read/SpeedRead/Services/SettingsManager.swift /Users/alp/Documents/coding/speed_read/SpeedRead/Services/ThumbnailManager.swift -supplementary-output-file-map /Users/alp/Library/Developer/Xcode/DerivedData/Axilo-ddceprimmkxjtoehwwbzsjlcvxeq/Build/Intermediates.noindex/Axilo.build/Debug-iphoneos/AxiloWeb.build/Objects-normal/arm64/supplementaryOutputs-9 -emit-localized-strings -emit-localized-strings-path /Users/alp/Library/Developer/Xcode/DerivedData/Axilo-ddceprimmkxjtoehwwbzsjlcvxeq/Build/Intermediates.noindex/Axilo.build/Debug-iphoneos/AxiloWeb.build/Objects-normal/arm64 -target arm64-apple-ios18.2 -Xllvm -aarch64-use-tbi -enable-objc-interop -stack-check -sdk /Applications/Xcode.app/Contents/Developer/Platforms/iPhoneOS.platform/Developer/SDKs/iPhoneOS18.2.sdk -I /Users/alp/Library/Developer/Xcode/DerivedData/Axilo-ddceprimmkxjtoehwwbzsjlcvxeq/Build/Products/Debug-iphoneos -F /Users/alp/Library/Developer/Xcode/DerivedData/Axilo-ddceprimmkxjtoehwwbzsjlcvxeq/Build/Products/Debug-iphoneos/PackageFrameworks -F /Users/alp/Library/Developer/Xcode/DerivedData/Axilo-ddceprimmkxjtoehwwbzsjlcvxeq/Build/Products/Debug-iphoneos -no-color-diagnostics -application-extension -enable-testing -g -debug-info-format\=dwarf -dwarf-version\=5 -module-cache-path /Users/alp/Library/Developer/Xcode/DerivedData/ModuleCache.noindex -swift-version 5 -enforce-exclusivity\=checked -Onone -D DEBUG -serialize-debugging-options -const-gather-protocols-file /Users/alp/Library/Developer/Xcode/DerivedData/Axilo-ddceprimmkxjtoehwwbzsjlcvxeq/Build/Intermediates.noindex/Axilo.build/Debug-iphoneos/AxiloWeb.build/Objects-normal/arm64/AxiloWeb_const_extract_protocols.json -enable-experimental-feature DebugDescriptionMacro -enable-experimental-feature OpaqueTypeErasure -enable-bare-slash-regex -empty-abi-descriptor -validate-clang-modules-once -clang-build-session-file /Users/alp/Library/Developer/Xcode/DerivedData/ModuleCache.noindex/Session.modulevalidation -Xcc -working-directory -Xcc /Users/alp/Documents/coding/speed_read -resource-dir /Applications/Xcode.app/Contents/Developer/Toolchains/XcodeDefault.xctoolchain/usr/lib/swift -enable-anonymous-context-mangled-names -file-compilation-dir /Users/alp/Documents/coding/speed_read -Xcc -D_LIBCPP_HARDENING_MODE\=_LIBCPP_HARDENING_MODE_DEBUG -Xcc -ivfsstatcache -Xcc /Users/alp/Library/Developer/Xcode/DerivedData/SDKStatCaches.noindex/iphoneos18.2-22C146-d5b9239ec3bf5b3adbecdf21472871e3.sdkstatcache -Xcc -I/Users/alp/Library/Developer/Xcode/DerivedData/Axilo-ddceprimmkxjtoehwwbzsjlcvxeq/Build/Intermediates.noindex/Axilo.build/Debug-iphoneos/AxiloWeb.build/swift-overrides.hmap -Xcc -iquote -Xcc /Users/alp/Library/Developer/Xcode/DerivedData/Axilo-ddceprimmkxjtoehwwbzsjlcvxeq/Build/Intermediates.noindex/Axilo.build/Debug-iphoneos/AxiloWeb.build/AxiloWeb-generated-files.hmap -Xcc -I/Users/alp/Library/Developer/Xcode/DerivedData/Axilo-ddceprimmkxjtoehwwbzsjlcvxeq/Build/Intermediates.noindex/Axilo.build/Debug-iphoneos/AxiloWeb.build/AxiloWeb-own-target-headers.hmap -Xcc -I/Users/alp/Library/Developer/Xcode/DerivedData/Axilo-ddceprimmkxjtoehwwbzsjlcvxeq/Build/Intermediates.noindex/Axilo.build/Debug-iphoneos/AxiloWeb.build/AxiloWeb-all-non-framework-target-headers.hmap -Xcc -ivfsoverlay -Xcc /Users/alp/Library/Developer/Xcode/DerivedData/Axilo-ddceprimmkxjtoehwwbzsjlcvxeq/Build/Intermediates.noindex/Axilo.build/Debug-iphoneos/Axilo-e81d69d167653b048501db775bf85700-VFS-iphoneos/all-product-headers.yaml -Xcc -iquote -Xcc /Users/alp/Library/Developer/Xcode/DerivedData/Axilo-ddceprimmkxjtoehwwbzsjlcvxeq/Build/Intermediates.noindex/Axilo.build/Debug-iphoneos/AxiloWeb.build/AxiloWeb-project-headers.hmap -Xcc -I/Users/alp/Library/Developer/Xcode/DerivedData/Axilo-ddceprimmkxjtoehwwbzsjlcvxeq/Build/Products/Debug-iphoneos/include -Xcc -I/Users/alp/Library/Developer/Xcode/DerivedData/Axilo-ddceprimmkxjtoehwwbzsjlcvxeq/Build/Intermediates.noindex/Axilo.build/Debug-iphoneos/AxiloWeb.build/DerivedSources-normal/arm64 -Xcc -I/Users/alp/Library/Developer/Xcode/DerivedData/Axilo-ddceprimmkxjtoehwwbzsjlcvxeq/Build/Intermediates.noindex/Axilo.build/Debug-iphoneos/AxiloWeb.build/DerivedSources/arm64 -Xcc -I/Users/alp/Library/Developer/Xcode/DerivedData/Axilo-ddceprimmkxjtoehwwbzsjlcvxeq/Build/Intermediates.noindex/Axilo.build/Debug-iphoneos/AxiloWeb.build/DerivedSources -Xcc -DDEBUG\=1 -module-name AxiloWeb -frontend-parseable-output -disable-clang-spi -target-sdk-version 18.2 -target-sdk-name iphoneos18.2 -external-plugin-path /Applications/Xcode.app/Contents/Developer/Platforms/iPhoneOS.platform/Developer/usr/lib/swift/host/plugins\#/Applications/Xcode.app/Contents/Developer/Platforms/iPhoneOS.platform/Developer/usr/bin/swift-plugin-server -external-plugin-path /Applications/Xcode.app/Contents/Developer/Platforms/iPhoneOS.platform/Developer/usr/local/lib/swift/host/plugins\#/Applications/Xcode.app/Contents/Developer/Platforms/iPhoneOS.platform/Developer/usr/bin/swift-plugin-server -plugin-path /Applications/Xcode.app/Contents/Developer/Toolchains/XcodeDefault.xctoolchain/usr/lib/swift/host/plugins -plugin-path /Applications/Xcode.app/Contents/Developer/Toolchains/XcodeDefault.xctoolchain/usr/local/lib/swift/host/plugins -o /Users/alp/Library/Developer/Xcode/DerivedData/Axilo-ddceprimmkxjtoehwwbzsjlcvxeq/Build/Intermediates.noindex/Axilo.build/Debug-iphoneos/AxiloWeb.build/Objects-normal/arm64/ExploreView.o -o /Users/alp/Library/Developer/Xcode/DerivedData/Axilo-ddceprimmkxjtoehwwbzsjlcvxeq/Build/Intermediates.noindex/Axilo.build/Debug-iphoneos/AxiloWeb.build/Objects-normal/arm64/PDFParsingService.o -o /Users/alp/Library/Developer/Xcode/DerivedData/Axilo-ddceprimmkxjtoehwwbzsjlcvxeq/Build/Intermediates.noindex/Axilo.build/Debug-iphoneos/AxiloWeb.build/Objects-normal/arm64/PageChunker.o -o /Users/alp/Library/Developer/Xcode/DerivedData/Axilo-ddceprimmkxjtoehwwbzsjlcvxeq/Build/Intermediates.noindex/Axilo.build/Debug-iphoneos/AxiloWeb.build/Objects-normal/arm64/NavigationPoint.o -index-unit-output-path /Axilo.build/Debug-iphoneos/AxiloWeb.build/Objects-normal/arm64/ExploreView.o -index-unit-output-path /Axilo.build/Debug-iphoneos/AxiloWeb.build/Objects-normal/arm64/PDFParsingService.o -index-unit-output-path /Axilo.build/Debug-iphoneos/AxiloWeb.build/Objects-normal/arm64/PageChunker.o -index-unit-output-path /Axilo.build/Debug-iphoneos/AxiloWeb.build/Objects-normal/arm64/NavigationPoint.o -index-store-path /Users/alp/Library/Developer/Xcode/DerivedData/Axilo-ddceprimmkxjtoehwwbzsjlcvxeq/Index.noindex/DataStore -index-system-modules

SwiftDriver\ Compilation ZIPFoundation normal arm64 com.apple.xcode.tools.swift.compiler (in target 'ZIPFoundation' from project 'ZIPFoundation')
    cd /Users/alp/Documents/coding/speed_read/Axilo.xcodeproj
    builtin-Swift-Compilation -- /Applications/Xcode.app/Contents/Developer/Toolchains/XcodeDefault.xctoolchain/usr/bin/swiftc -module-name ZIPFoundation -Onone -enforce-exclusivity\=checked @/Users/alp/Library/Developer/Xcode/DerivedData/Axilo-ddceprimmkxjtoehwwbzsjlcvxeq/Build/Intermediates.noindex/ZIPFoundation.build/Debug-iphoneos/ZIPFoundation.build/Objects-normal/arm64/ZIPFoundation.SwiftFileList -DSWIFT_PACKAGE -DDEBUG -DXcode -plugin-path /Applications/Xcode.app/Contents/Developer/Toolchains/XcodeDefault.xctoolchain/usr/lib/swift/host/plugins/testing -enable-experimental-feature DebugDescriptionMacro -sdk /Applications/Xcode.app/Contents/Developer/Platforms/iPhoneOS.platform/Developer/SDKs/iPhoneOS18.2.sdk -target arm64-apple-ios12.0 -g -module-cache-path /Users/alp/Library/Developer/Xcode/DerivedData/ModuleCache.noindex -Xfrontend -serialize-debugging-options -enable-testing -suppress-warnings -index-store-path /Users/alp/Library/Developer/Xcode/DerivedData/Axilo-ddceprimmkxjtoehwwbzsjlcvxeq/Index.noindex/DataStore -enable-experimental-feature OpaqueTypeErasure -Xcc -D_LIBCPP_HARDENING_MODE\=_LIBCPP_HARDENING_MODE_DEBUG -swift-version 5 -I /Users/alp/Library/Developer/Xcode/DerivedData/Axilo-ddceprimmkxjtoehwwbzsjlcvxeq/Build/Products/Debug-iphoneos -I /Applications/Xcode.app/Contents/Developer/Platforms/iPhoneOS.platform/Developer/usr/lib -F /Users/alp/Library/Developer/Xcode/DerivedData/Axilo-ddceprimmkxjtoehwwbzsjlcvxeq/Build/Products/Debug-iphoneos -F /Applications/Xcode.app/Contents/Developer/Platforms/iPhoneOS.platform/Developer/Library/Frameworks -F /Applications/Xcode.app/Contents/Developer/Platforms/iPhoneOS.platform/Developer/SDKs/iPhoneOS18.2.sdk/Developer/Library/Frameworks -c -j8 -enable-batch-mode -incremental -Xcc -ivfsstatcache -Xcc /Users/alp/Library/Developer/Xcode/DerivedData/SDKStatCaches.noindex/iphoneos18.2-22C146-d5b9239ec3bf5b3adbecdf21472871e3.sdkstatcache -output-file-map /Users/alp/Library/Developer/Xcode/DerivedData/Axilo-ddceprimmkxjtoehwwbzsjlcvxeq/Build/Intermediates.noindex/ZIPFoundation.build/Debug-iphoneos/ZIPFoundation.build/Objects-normal/arm64/ZIPFoundation-OutputFileMap.json -use-frontend-parseable-output -save-temps -no-color-diagnostics -serialize-diagnostics -emit-dependencies -emit-module -emit-module-path /Users/alp/Library/Developer/Xcode/DerivedData/Axilo-ddceprimmkxjtoehwwbzsjlcvxeq/Build/Intermediates.noindex/ZIPFoundation.build/Debug-iphoneos/ZIPFoundation.build/Objects-normal/arm64/ZIPFoundation.swiftmodule -validate-clang-modules-once -clang-build-session-file /Users/alp/Library/Developer/Xcode/DerivedData/ModuleCache.noindex/Session.modulevalidation -package-name zipfoundation -Xcc -I/Users/alp/Library/Developer/Xcode/DerivedData/Axilo-ddceprimmkxjtoehwwbzsjlcvxeq/Build/Intermediates.noindex/ZIPFoundation.build/Debug-iphoneos/ZIPFoundation.build/swift-overrides.hmap -emit-const-values -Xfrontend -const-gather-protocols-file -Xfrontend /Users/alp/Library/Developer/Xcode/DerivedData/Axilo-ddceprimmkxjtoehwwbzsjlcvxeq/Build/Intermediates.noindex/ZIPFoundation.build/Debug-iphoneos/ZIPFoundation.build/Objects-normal/arm64/ZIPFoundation_const_extract_protocols.json -Xcc -I/Users/alp/Library/Developer/Xcode/DerivedData/Axilo-ddceprimmkxjtoehwwbzsjlcvxeq/Build/Products/Debug-iphoneos/include -Xcc -I/Users/alp/Library/Developer/Xcode/DerivedData/Axilo-ddceprimmkxjtoehwwbzsjlcvxeq/Build/Intermediates.noindex/ZIPFoundation.build/Debug-iphoneos/ZIPFoundation.build/DerivedSources-normal/arm64 -Xcc -I/Users/alp/Library/Developer/Xcode/DerivedData/Axilo-ddceprimmkxjtoehwwbzsjlcvxeq/Build/Intermediates.noindex/ZIPFoundation.build/Debug-iphoneos/ZIPFoundation.build/DerivedSources/arm64 -Xcc -I/Users/alp/Library/Developer/Xcode/DerivedData/Axilo-ddceprimmkxjtoehwwbzsjlcvxeq/Build/Intermediates.noindex/ZIPFoundation.build/Debug-iphoneos/ZIPFoundation.build/DerivedSources -Xcc -DSWIFT_PACKAGE -Xcc -DDEBUG\=1 -emit-objc-header -emit-objc-header-path /Users/alp/Library/Developer/Xcode/DerivedData/Axilo-ddceprimmkxjtoehwwbzsjlcvxeq/Build/Intermediates.noindex/ZIPFoundation.build/Debug-iphoneos/ZIPFoundation.build/Objects-normal/arm64/ZIPFoundation-Swift.h -working-directory /Users/alp/Documents/coding/speed_read/Axilo.xcodeproj -experimental-emit-module-separately -disable-cmo

** BUILD FAILED **


The following build commands failed:
	EmitSwiftModule normal arm64 (in target 'AxiloShare' from project 'Axilo')
	SwiftEmitModule normal arm64 Emitting\ module\ for\ AxiloShare (in target 'AxiloShare' from project 'Axilo')
	SwiftCompile normal arm64 Compiling\ WordSearcher.swift,\ DOCXParser.swift,\ FontMetricsCache.swift,\ InboxShareViewController.swift /Users/alp/Documents/coding/speed_read/SpeedRead/Services/WordSearcher.swift /Users/alp/Documents/coding/speed_read/SpeedRead/Services/DOCXParser.swift /Users/alp/Documents/coding/speed_read/SpeedRead/Services/FontMetricsCache.swift /Users/alp/Documents/coding/speed_read/SpeedReadShare/InboxShareViewController.swift (in target 'AxiloShare' from project 'Axilo')
	SwiftCompile normal arm64 /Users/alp/Documents/coding/speed_read/SpeedRead/Services/WordSearcher.swift (in target 'AxiloShare' from project 'Axilo')
	SwiftCompile normal arm64 /Users/alp/Documents/coding/speed_read/SpeedRead/Services/DOCXParser.swift (in target 'AxiloShare' from project 'Axilo')
	SwiftCompile normal arm64 /Users/alp/Documents/coding/speed_read/SpeedRead/Services/FontMetricsCache.swift (in target 'AxiloShare' from project 'Axilo')
	SwiftCompile normal arm64 /Users/alp/Documents/coding/speed_read/SpeedReadShare/InboxShareViewController.swift (in target 'AxiloShare' from project 'Axilo')
	SwiftCompile normal arm64 Compiling\ OrientationManager.swift,\ BookSearchService.swift,\ EPUBParser.swift,\ SettingsManager.swift /Users/alp/Documents/coding/speed_read/SpeedRead/Services/OrientationManager.swift /Users/alp/Documents/coding/speed_read/SpeedRead/Services/BookSearchService.swift /Users/alp/Documents/coding/speed_read/SpeedRead/Services/EPUBParser.swift /Users/alp/Documents/coding/speed_read/SpeedRead/Services/SettingsManager.swift (in target 'AxiloShare' from project 'Axilo')
	SwiftCompile normal arm64 /Users/alp/Documents/coding/speed_read/SpeedRead/Services/OrientationManager.swift (in target 'AxiloShare' from project 'Axilo')
	SwiftCompile normal arm64 /Users/alp/Documents/coding/speed_read/SpeedRead/Services/BookSearchService.swift (in target 'AxiloShare' from project 'Axilo')
	SwiftCompile normal arm64 /Users/alp/Documents/coding/speed_read/SpeedRead/Services/EPUBParser.swift (in target 'AxiloShare' from project 'Axilo')
	SwiftCompile normal arm64 /Users/alp/Documents/coding/speed_read/SpeedRead/Services/SettingsManager.swift (in target 'AxiloShare' from project 'Axilo')
	SwiftEmitModule normal arm64 Emitting\ module\ for\ AxiloWeb (in target 'AxiloWeb' from project 'Axilo')
	EmitSwiftModule normal arm64 (in target 'AxiloWeb' from project 'Axilo')
	SwiftCompile normal arm64 Compiling\ RSVPViewModel.swift,\ HTMLHelper.swift,\ WordSearcher.swift,\ DOCXParser.swift /Users/alp/Documents/coding/speed_read/SpeedRead/ViewModels/RSVPViewModel.swift /Users/alp/Documents/coding/speed_read/SpeedRead/Services/HTMLHelper.swift /Users/alp/Documents/coding/speed_read/SpeedRead/Services/WordSearcher.swift /Users/alp/Documents/coding/speed_read/SpeedRead/Services/DOCXParser.swift (in target 'AxiloWeb' from project 'Axilo')
	SwiftCompile normal arm64 /Users/alp/Documents/coding/speed_read/SpeedRead/ViewModels/RSVPViewModel.swift (in target 'AxiloWeb' from project 'Axilo')
	SwiftCompile normal arm64 /Users/alp/Documents/coding/speed_read/SpeedRead/Services/HTMLHelper.swift (in target 'AxiloWeb' from project 'Axilo')
	SwiftCompile normal arm64 /Users/alp/Documents/coding/speed_read/SpeedRead/Services/WordSearcher.swift (in target 'AxiloWeb' from project 'Axilo')
	SwiftCompile normal arm64 /Users/alp/Documents/coding/speed_read/SpeedRead/Services/DOCXParser.swift (in target 'AxiloWeb' from project 'Axilo')
	Building project Axilo with scheme Axilo
(20 failures)
